=== RUN   TestNewApp
--- PASS: TestNewApp (0.00s)
=== RUN   TestCopyFile_Success
--- PASS: TestCopyFile_Success (0.02s)
=== RUN   TestCopyFile_NonExistentSource
--- PASS: TestCopyFile_NonExistentSource (0.00s)
=== RUN   TestGetCurrentConfig
--- PASS: TestGetCurrentConfig (0.00s)
=== RUN   TestGetCurrentConfig_Empty
--- PASS: TestGetCurrentConfig_Empty (0.00s)
=== RUN   TestGreet
=== RUN   TestGreet/simple_name
=== RUN   TestGreet/empty_name
=== RUN   TestGreet/name_with_space
--- PASS: TestGreet (0.00s)
    --- PASS: TestGreet/simple_name (0.00s)
    --- PASS: TestGreet/empty_name (0.00s)
    --- PASS: TestGreet/name_with_space (0.00s)
=== RUN   TestStartup_LoadsConfig
[2026-02-11 00:20:46.427] [INFO] Holmes logger initialized logPath=C:\Users\salgmachine\KubeDevBench\logs\holmes.log
[2026-02-11 00:20:46.427] [INFO] initHolmes: starting initialization
[2026-02-11 00:20:46.427] [INFO] initHolmes: Holmes not configured, skipping
MCP server: disabled in configuration
--- PASS: TestStartup_LoadsConfig (0.01s)
=== RUN   TestGetCurrentConfig_PreferredNamespacesCopy
--- PASS: TestGetCurrentConfig_PreferredNamespacesCopy (0.00s)
=== RUN   TestGetClient_WithTestClientset
--- PASS: TestGetClient_WithTestClientset (0.00s)
=== RUN   TestGetClient_WithoutTestClientset
--- PASS: TestGetClient_WithoutTestClientset (0.00s)
=== RUN   TestAppConfig_MarshalUnmarshal
--- PASS: TestAppConfig_MarshalUnmarshal (0.00s)
=== RUN   TestAppConfig_EmptyValues
--- PASS: TestAppConfig_EmptyValues (0.00s)
=== RUN   TestAppConfig_JSONFieldNames
--- PASS: TestAppConfig_JSONFieldNames (0.00s)
=== RUN   TestLoadConfig_NonExistentFile
--- PASS: TestLoadConfig_NonExistentFile (0.00s)
=== RUN   TestLoadConfig_ValidFile
--- PASS: TestLoadConfig_ValidFile (0.04s)
=== RUN   TestLoadConfig_InvalidJSON
--- PASS: TestLoadConfig_InvalidJSON (0.02s)
=== RUN   TestSaveConfig_Success
--- PASS: TestSaveConfig_Success (0.01s)
=== RUN   TestGetKubeConfigPath_WithExplicitPath
--- PASS: TestGetKubeConfigPath_WithExplicitPath (0.00s)
=== RUN   TestGetKubeConfigPath_DefaultPath
--- PASS: TestGetKubeConfigPath_DefaultPath (0.00s)
=== RUN   TestSetKubeConfigPath_ValidPath
--- PASS: TestSetKubeConfigPath_ValidPath (0.01s)
=== RUN   TestSetKubeConfigPath_NonExistentPath
--- PASS: TestSetKubeConfigPath_NonExistentPath (0.00s)
=== RUN   TestSetKubeConfigPath_InvalidKubeconfig
--- PASS: TestSetKubeConfigPath_InvalidKubeconfig (0.03s)
=== RUN   TestSetCurrentKubeContext
--- PASS: TestSetCurrentKubeContext (0.01s)
=== RUN   TestSetCurrentKubeContext_NoRemember
--- PASS: TestSetCurrentKubeContext_NoRemember (0.00s)
=== RUN   TestSetCurrentNamespace
--- PASS: TestSetCurrentNamespace (0.01s)
=== RUN   TestSetCurrentNamespace_NoRemember
--- PASS: TestSetCurrentNamespace_NoRemember (0.00s)
=== RUN   TestSetPreferredNamespaces
--- PASS: TestSetPreferredNamespaces (0.00s)
=== RUN   TestSetPreferredNamespaces_EmptyList
--- PASS: TestSetPreferredNamespaces_EmptyList (0.02s)
=== RUN   TestSetRememberContext
--- PASS: TestSetRememberContext (0.01s)
=== RUN   TestGetRememberContext
--- PASS: TestGetRememberContext (0.00s)
=== RUN   TestSetRememberNamespace
--- PASS: TestSetRememberNamespace (0.00s)
=== RUN   TestGetRememberNamespace
--- PASS: TestGetRememberNamespace (0.00s)
=== RUN   TestSaveConfig_CreateDirectory
--- PASS: TestSaveConfig_CreateDirectory (0.00s)
=== RUN   TestLoadConfig_EmptyFile
--- PASS: TestLoadConfig_EmptyFile (0.00s)
=== RUN   TestLoadConfig_PartialConfig
--- PASS: TestLoadConfig_PartialConfig (0.01s)
=== RUN   TestGetConfigMapConsumers
--- PASS: TestGetConfigMapConsumers (0.56s)
=== RUN   TestUpdateConfigMapDataKey
--- PASS: TestUpdateConfigMapDataKey (0.01s)
=== RUN   TestGetConfigMaps
=== RUN   TestGetConfigMaps/empty_namespace
=== RUN   TestGetConfigMaps/single_configmap
=== RUN   TestGetConfigMaps/multiple_configmaps
=== RUN   TestGetConfigMaps/configmaps_in_different_namespaces
--- PASS: TestGetConfigMaps (0.00s)
    --- PASS: TestGetConfigMaps/empty_namespace (0.00s)
    --- PASS: TestGetConfigMaps/single_configmap (0.00s)
    --- PASS: TestGetConfigMaps/multiple_configmaps (0.00s)
    --- PASS: TestGetConfigMaps/configmaps_in_different_namespaces (0.00s)
=== RUN   TestGetConfigMaps_Details
--- PASS: TestGetConfigMaps_Details (0.00s)
=== RUN   TestGetConfigMaps_EmptyConfigMap
--- PASS: TestGetConfigMaps_EmptyConfigMap (0.00s)
=== RUN   TestGetConfigMaps_ListError
--- PASS: TestGetConfigMaps_ListError (0.00s)
=== RUN   TestGetRefreshNamespaces_FallbackAndPreferred
--- PASS: TestGetRefreshNamespaces_FallbackAndPreferred (0.00s)
=== RUN   TestRefreshPodStatusOnly_AggregatesAndSkipsNoChange
--- PASS: TestRefreshPodStatusOnly_AggregatesAndSkipsNoChange (0.00s)
=== RUN   TestRefreshResourceCounts_IncludesRBAC
--- PASS: TestRefreshResourceCounts_IncludesRBAC (0.00s)
=== RUN   TestResourceCountsEqual_BothEmpty
--- PASS: TestResourceCountsEqual_BothEmpty (0.00s)
=== RUN   TestResourceCountsEqual_SameValues
--- PASS: TestResourceCountsEqual_SameValues (0.00s)
=== RUN   TestResourceCountsEqual_DifferentPodStatus
--- PASS: TestResourceCountsEqual_DifferentPodStatus (0.00s)
=== RUN   TestResourceCountsEqual_DifferentDeployments
--- PASS: TestResourceCountsEqual_DifferentDeployments (0.00s)
=== RUN   TestResourceCountsEqual_DifferentJobs
--- PASS: TestResourceCountsEqual_DifferentJobs (0.00s)
=== RUN   TestResourceCountsEqual_DifferentCronJobs
--- PASS: TestResourceCountsEqual_DifferentCronJobs (0.00s)
=== RUN   TestResourceCountsEqual_DifferentDaemonSets
--- PASS: TestResourceCountsEqual_DifferentDaemonSets (0.00s)
=== RUN   TestResourceCountsEqual_DifferentStatefulSets
--- PASS: TestResourceCountsEqual_DifferentStatefulSets (0.00s)
=== RUN   TestResourceCountsEqual_DifferentReplicaSets
--- PASS: TestResourceCountsEqual_DifferentReplicaSets (0.00s)
=== RUN   TestResourceCountsEqual_DifferentConfigMaps
--- PASS: TestResourceCountsEqual_DifferentConfigMaps (0.00s)
=== RUN   TestResourceCountsEqual_DifferentSecrets
--- PASS: TestResourceCountsEqual_DifferentSecrets (0.00s)
=== RUN   TestResourceCountsEqual_DifferentIngresses
--- PASS: TestResourceCountsEqual_DifferentIngresses (0.00s)
=== RUN   TestResourceCountsEqual_DifferentPVCs
--- PASS: TestResourceCountsEqual_DifferentPVCs (0.00s)
=== RUN   TestResourceCountsEqual_DifferentPVs
--- PASS: TestResourceCountsEqual_DifferentPVs (0.00s)
=== RUN   TestResourceCountsEqual_DifferentRoles
--- PASS: TestResourceCountsEqual_DifferentRoles (0.00s)
=== RUN   TestResourceCountsEqual_DifferentClusterRoles
--- PASS: TestResourceCountsEqual_DifferentClusterRoles (0.00s)
=== RUN   TestResourceCountsEqual_DifferentRoleBindings
--- PASS: TestResourceCountsEqual_DifferentRoleBindings (0.00s)
=== RUN   TestResourceCountsEqual_DifferentClusterRoleBindings
--- PASS: TestResourceCountsEqual_DifferentClusterRoleBindings (0.00s)
=== RUN   TestResourceCountsEqual_AllPodStatusFields
=== RUN   TestResourceCountsEqual_AllPodStatusFields/different_Pending
=== RUN   TestResourceCountsEqual_AllPodStatusFields/different_Failed
=== RUN   TestResourceCountsEqual_AllPodStatusFields/different_Succeeded
=== RUN   TestResourceCountsEqual_AllPodStatusFields/different_Unknown
=== RUN   TestResourceCountsEqual_AllPodStatusFields/different_Total
--- PASS: TestResourceCountsEqual_AllPodStatusFields (0.00s)
    --- PASS: TestResourceCountsEqual_AllPodStatusFields/different_Pending (0.00s)
    --- PASS: TestResourceCountsEqual_AllPodStatusFields/different_Failed (0.00s)
    --- PASS: TestResourceCountsEqual_AllPodStatusFields/different_Succeeded (0.00s)
    --- PASS: TestResourceCountsEqual_AllPodStatusFields/different_Unknown (0.00s)
    --- PASS: TestResourceCountsEqual_AllPodStatusFields/different_Total (0.00s)
=== RUN   TestGetResourceCounts
--- PASS: TestGetResourceCounts (0.00s)
=== RUN   TestGetResourceCounts_Concurrency
--- PASS: TestGetResourceCounts_Concurrency (0.00s)
=== RUN   TestGetResourceCounts_ReturnsCopy
--- PASS: TestGetResourceCounts_ReturnsCopy (0.00s)
=== RUN   TestComputeNextRunString_ValidSchedule
=== RUN   TestComputeNextRunString_ValidSchedule/every_minute
=== RUN   TestComputeNextRunString_ValidSchedule/every_hour
=== RUN   TestComputeNextRunString_ValidSchedule/daily_at_midnight
=== RUN   TestComputeNextRunString_ValidSchedule/weekly_on_Monday
=== RUN   TestComputeNextRunString_ValidSchedule/monthly_on_1st
=== RUN   TestComputeNextRunString_ValidSchedule/specific_time
--- PASS: TestComputeNextRunString_ValidSchedule (0.00s)
    --- PASS: TestComputeNextRunString_ValidSchedule/every_minute (0.00s)
    --- PASS: TestComputeNextRunString_ValidSchedule/every_hour (0.00s)
    --- PASS: TestComputeNextRunString_ValidSchedule/daily_at_midnight (0.00s)
    --- PASS: TestComputeNextRunString_ValidSchedule/weekly_on_Monday (0.00s)
    --- PASS: TestComputeNextRunString_ValidSchedule/monthly_on_1st (0.00s)
    --- PASS: TestComputeNextRunString_ValidSchedule/specific_time (0.00s)
=== RUN   TestComputeNextRunString_InvalidSchedule
=== RUN   TestComputeNextRunString_InvalidSchedule/empty_string
=== RUN   TestComputeNextRunString_InvalidSchedule/invalid_format
=== RUN   TestComputeNextRunString_InvalidSchedule/too_few_fields
=== RUN   TestComputeNextRunString_InvalidSchedule/invalid_values
=== RUN   TestComputeNextRunString_InvalidSchedule/invalid_day
--- PASS: TestComputeNextRunString_InvalidSchedule (0.00s)
    --- PASS: TestComputeNextRunString_InvalidSchedule/empty_string (0.00s)
    --- PASS: TestComputeNextRunString_InvalidSchedule/invalid_format (0.00s)
    --- PASS: TestComputeNextRunString_InvalidSchedule/too_few_fields (0.00s)
    --- PASS: TestComputeNextRunString_InvalidSchedule/invalid_values (0.00s)
    --- PASS: TestComputeNextRunString_InvalidSchedule/invalid_day (0.00s)
=== RUN   TestComputeNextRunString_NextOccurrence
--- PASS: TestComputeNextRunString_NextOccurrence (0.00s)
=== RUN   TestComputeNextRunString_EveryMinute
--- PASS: TestComputeNextRunString_EveryMinute (0.00s)
=== RUN   TestGetCronJobs
=== RUN   TestGetCronJobs/empty_namespace
=== RUN   TestGetCronJobs/single_cronjob
=== RUN   TestGetCronJobs/multiple_cronjobs
=== RUN   TestGetCronJobs/cronjobs_in_different_namespaces
--- PASS: TestGetCronJobs (0.00s)
    --- PASS: TestGetCronJobs/empty_namespace (0.00s)
    --- PASS: TestGetCronJobs/single_cronjob (0.00s)
    --- PASS: TestGetCronJobs/multiple_cronjobs (0.00s)
    --- PASS: TestGetCronJobs/cronjobs_in_different_namespaces (0.00s)
=== RUN   TestGetCronJobs_Details
--- PASS: TestGetCronJobs_Details (0.00s)
=== RUN   TestGetCronJobs_SuspendedJob
--- PASS: TestGetCronJobs_SuspendedJob (0.00s)
=== RUN   TestGetCronJobs_NoContainers
--- PASS: TestGetCronJobs_NoContainers (0.00s)
=== RUN   TestGetCustomResourceDefinitions_ReturnsCRDs
--- PASS: TestGetCustomResourceDefinitions_ReturnsCRDs (0.00s)
=== RUN   TestGetCustomResourceDefinitions_NoCRDs
--- PASS: TestGetCustomResourceDefinitions_NoCRDs (0.00s)
=== RUN   TestGetCustomResourceDefinitionDetail_ReturnsCRD
--- PASS: TestGetCustomResourceDefinitionDetail_ReturnsCRD (0.00s)
=== RUN   TestGetCustomResourceDefinitionDetail_EmptyName
--- PASS: TestGetCustomResourceDefinitionDetail_EmptyName (0.00s)
=== RUN   TestBuildCRDInfo_ClusterScoped
--- PASS: TestBuildCRDInfo_ClusterScoped (0.00s)
=== RUN   TestGetDaemonSetNodeCoverage
--- PASS: TestGetDaemonSetNodeCoverage (0.00s)
=== RUN   TestGetDaemonSets
=== RUN   TestGetDaemonSets/empty_namespace
=== RUN   TestGetDaemonSets/single_daemonset
=== RUN   TestGetDaemonSets/multiple_daemonsets
=== RUN   TestGetDaemonSets/daemonsets_in_different_namespaces
--- PASS: TestGetDaemonSets (0.00s)
    --- PASS: TestGetDaemonSets/empty_namespace (0.00s)
    --- PASS: TestGetDaemonSets/single_daemonset (0.00s)
    --- PASS: TestGetDaemonSets/multiple_daemonsets (0.00s)
    --- PASS: TestGetDaemonSets/daemonsets_in_different_namespaces (0.00s)
=== RUN   TestGetDaemonSets_Details
--- PASS: TestGetDaemonSets_Details (0.00s)
=== RUN   TestGetDaemonSets_NoContainers
--- PASS: TestGetDaemonSets_NoContainers (0.00s)
=== RUN   TestGetDaemonSets_ListError
--- PASS: TestGetDaemonSets_ListError (0.00s)
=== RUN   TestErrUnsupportedResourceType
--- PASS: TestErrUnsupportedResourceType (0.00s)
=== RUN   TestResourceTypeError_Error
=== RUN   TestResourceTypeError_Error/unknown_type
=== RUN   TestResourceTypeError_Error/custom_type
=== RUN   TestResourceTypeError_Error/empty_type
--- PASS: TestResourceTypeError_Error (0.00s)
    --- PASS: TestResourceTypeError_Error/unknown_type (0.00s)
    --- PASS: TestResourceTypeError_Error/custom_type (0.00s)
    --- PASS: TestResourceTypeError_Error/empty_type (0.00s)
=== RUN   TestErrUnsupportedResourceType_AsError
--- PASS: TestErrUnsupportedResourceType_AsError (0.00s)
=== RUN   TestDeleteResource
=== RUN   TestDeleteResource/delete_pod
=== RUN   TestDeleteResource/delete_deployment
=== RUN   TestDeleteResource/delete_statefulset
=== RUN   TestDeleteResource/delete_daemonset
=== RUN   TestDeleteResource/delete_replicaset
=== RUN   TestDeleteResource/delete_job
=== RUN   TestDeleteResource/delete_cronjob
=== RUN   TestDeleteResource/delete_configmap
=== RUN   TestDeleteResource/delete_secret
=== RUN   TestDeleteResource/delete_pvc
=== RUN   TestDeleteResource/delete_pv
=== RUN   TestDeleteResource/delete_ingress
=== RUN   TestDeleteResource/delete_service
=== RUN   TestDeleteResource/delete_serviceaccount
=== RUN   TestDeleteResource/delete_persistentvolumeclaim_(full_name)
=== RUN   TestDeleteResource/unsupported_resource_type
--- PASS: TestDeleteResource (0.00s)
    --- PASS: TestDeleteResource/delete_pod (0.00s)
    --- PASS: TestDeleteResource/delete_deployment (0.00s)
    --- PASS: TestDeleteResource/delete_statefulset (0.00s)
    --- PASS: TestDeleteResource/delete_daemonset (0.00s)
    --- PASS: TestDeleteResource/delete_replicaset (0.00s)
    --- PASS: TestDeleteResource/delete_job (0.00s)
    --- PASS: TestDeleteResource/delete_cronjob (0.00s)
    --- PASS: TestDeleteResource/delete_configmap (0.00s)
    --- PASS: TestDeleteResource/delete_secret (0.00s)
    --- PASS: TestDeleteResource/delete_pvc (0.00s)
    --- PASS: TestDeleteResource/delete_pv (0.00s)
    --- PASS: TestDeleteResource/delete_ingress (0.00s)
    --- PASS: TestDeleteResource/delete_service (0.00s)
    --- PASS: TestDeleteResource/delete_serviceaccount (0.00s)
    --- PASS: TestDeleteResource/delete_persistentvolumeclaim_(full_name) (0.00s)
    --- PASS: TestDeleteResource/unsupported_resource_type (0.00s)
=== RUN   TestGetDeployments
=== RUN   TestGetDeployments/empty_namespace
=== RUN   TestGetDeployments/single_deployment
=== RUN   TestGetDeployments/multiple_deployments
=== RUN   TestGetDeployments/deployments_in_different_namespaces
--- PASS: TestGetDeployments (0.00s)
    --- PASS: TestGetDeployments/empty_namespace (0.00s)
    --- PASS: TestGetDeployments/single_deployment (0.00s)
    --- PASS: TestGetDeployments/multiple_deployments (0.00s)
    --- PASS: TestGetDeployments/deployments_in_different_namespaces (0.00s)
=== RUN   TestGetDeployments_DeploymentDetails
--- PASS: TestGetDeployments_DeploymentDetails (0.00s)
=== RUN   TestGetDeployments_NilReplicas
--- PASS: TestGetDeployments_NilReplicas (0.00s)
=== RUN   TestGetDeployments_NoContainers
--- PASS: TestGetDeployments_NoContainers (0.00s)
=== RUN   TestGetDeployments_ListError
--- PASS: TestGetDeployments_ListError (0.00s)
=== RUN   TestDockerIntegration_NotConnectedErrors
--- PASS: TestDockerIntegration_NotConnectedErrors (0.00s)
=== RUN   TestDockerIntegration_Defaults
--- PASS: TestDockerIntegration_Defaults (0.00s)
=== RUN   TestEnsureImageHasRegistryHost
--- PASS: TestEnsureImageHasRegistryHost (0.00s)
=== RUN   TestRegistryWailsBindings_CRUDAndBrowse
--- PASS: TestRegistryWailsBindings_CRUDAndBrowse (0.05s)
=== RUN   TestE2eDialogDir_FromEnv
--- PASS: TestE2eDialogDir_FromEnv (0.00s)
=== RUN   TestE2eDialogDir_EmptyEnv
--- PASS: TestE2eDialogDir_EmptyEnv (0.00s)
=== RUN   TestE2eDialogDir_WithMarkerFile
--- PASS: TestE2eDialogDir_WithMarkerFile (0.01s)
=== RUN   TestConsumeOneShotPath_FileExists
--- PASS: TestConsumeOneShotPath_FileExists (0.01s)
=== RUN   TestConsumeOneShotPath_FileNotExists
--- PASS: TestConsumeOneShotPath_FileNotExists (0.00s)
=== RUN   TestConsumeOneShotPath_EmptyContent
--- PASS: TestConsumeOneShotPath_EmptyContent (0.02s)
=== RUN   TestEnsureDir_NewDirectory
--- PASS: TestEnsureDir_NewDirectory (0.01s)
=== RUN   TestEnsureDir_ExistingDirectory
--- PASS: TestEnsureDir_ExistingDirectory (0.00s)
=== RUN   TestSafeBaseFilename_ValidName
=== RUN   TestSafeBaseFilename_ValidName/simple_filename
=== RUN   TestSafeBaseFilename_ValidName/path_with_directory
=== RUN   TestSafeBaseFilename_ValidName/empty_string
=== RUN   TestSafeBaseFilename_ValidName/whitespace_only
=== RUN   TestSafeBaseFilename_ValidName/just_dot
=== RUN   TestSafeBaseFilename_ValidName/just_separator
--- PASS: TestSafeBaseFilename_ValidName (0.00s)
    --- PASS: TestSafeBaseFilename_ValidName/simple_filename (0.00s)
    --- PASS: TestSafeBaseFilename_ValidName/path_with_directory (0.00s)
    --- PASS: TestSafeBaseFilename_ValidName/empty_string (0.00s)
    --- PASS: TestSafeBaseFilename_ValidName/whitespace_only (0.00s)
    --- PASS: TestSafeBaseFilename_ValidName/just_dot (0.00s)
    --- PASS: TestSafeBaseFilename_ValidName/just_separator (0.00s)
=== RUN   TestSaveFileDialogWithE2E_WithOverride
--- PASS: TestSaveFileDialogWithE2E_WithOverride (0.03s)
=== RUN   TestSaveFileDialogWithE2E_DefaultPath
--- PASS: TestSaveFileDialogWithE2E_DefaultPath (0.01s)
=== RUN   TestOpenFileDialogWithE2E_WithOverride
--- PASS: TestOpenFileDialogWithE2E_WithOverride (0.02s)
=== RUN   TestOpenFileDialogWithE2E_NoOverride
--- PASS: TestOpenFileDialogWithE2E_NoOverride (0.00s)
=== RUN   TestSaveFileDialogWithE2E_EmptyFilename
--- PASS: TestSaveFileDialogWithE2E_EmptyFilename (0.01s)
=== RUN   TestGetEndpoints_ReturnsEndpoints
--- PASS: TestGetEndpoints_ReturnsEndpoints (0.00s)
=== RUN   TestGetEndpoints_NoEndpoints
--- PASS: TestGetEndpoints_NoEndpoints (0.00s)
=== RUN   TestGetEndpoints_EmptyNamespace
--- PASS: TestGetEndpoints_EmptyNamespace (0.00s)
=== RUN   TestGetEndpointDetail_ReturnsEndpoint
--- PASS: TestGetEndpointDetail_ReturnsEndpoint (0.00s)
=== RUN   TestGetEndpointDetail_EmptyNamespace
--- PASS: TestGetEndpointDetail_EmptyNamespace (0.00s)
=== RUN   TestGetEndpointDetail_EmptyName
--- PASS: TestGetEndpointDetail_EmptyName (0.00s)
=== RUN   TestBuildEndpointInfo_MultiplePortsAndAddresses
--- PASS: TestBuildEndpointInfo_MultiplePortsAndAddresses (0.00s)
=== RUN   TestEventNameConstants
--- PASS: TestEventNameConstants (0.00s)
=== RUN   TestPortForwardEvent
--- PASS: TestPortForwardEvent (0.00s)
=== RUN   TestTerminalEvents
--- PASS: TestTerminalEvents (0.00s)
=== RUN   TestPodLogsEvent
--- PASS: TestPodLogsEvent (0.00s)
=== RUN   TestConvertCoreV1Event_FallbackTimesAndSource
--- PASS: TestConvertCoreV1Event_FallbackTimesAndSource (0.00s)
=== RUN   TestConvertEventsV1Event_SeriesCountAndSource
--- PASS: TestConvertEventsV1Event_SeriesCountAndSource (0.00s)
=== RUN   TestSortEventsByTime_Descending
--- PASS: TestSortEventsByTime_Descending (0.00s)
=== RUN   TestCollectAndSortEvents_FromBothApis
--- PASS: TestCollectAndSortEvents_FromBothApis (0.00s)
=== RUN   TestGetPodEvents
--- PASS: TestGetPodEvents (0.00s)
=== RUN   TestGetPodEvents_NoEvents
--- PASS: TestGetPodEvents_NoEvents (0.00s)
=== RUN   TestGetPodEvents_UsesCurrentNamespace
--- PASS: TestGetPodEvents_UsesCurrentNamespace (0.00s)
=== RUN   TestGetPodEvents_NoNamespaceSelected
--- PASS: TestGetPodEvents_NoNamespaceSelected (0.00s)
=== RUN   TestGetPodEvents_EventDetails
--- PASS: TestGetPodEvents_EventDetails (0.00s)
=== RUN   TestGetResourceEvents
=== RUN   TestGetResourceEvents/deployment_events
=== RUN   TestGetResourceEvents/job_events
=== RUN   TestGetResourceEvents/no_events
--- PASS: TestGetResourceEvents (0.00s)
    --- PASS: TestGetResourceEvents/deployment_events (0.00s)
    --- PASS: TestGetResourceEvents/job_events (0.00s)
    --- PASS: TestGetResourceEvents/no_events (0.00s)
=== RUN   TestGetPodEventsLegacy
--- PASS: TestGetPodEventsLegacy (0.00s)
=== RUN   TestGetPodEvents_EventsV1API
--- PASS: TestGetPodEvents_EventsV1API (0.00s)
=== RUN   TestGetPodEvents_EventsV1WithSeries
--- PASS: TestGetPodEvents_EventsV1WithSeries (0.00s)
=== RUN   TestGetResourceEvents_Deployment
--- PASS: TestGetResourceEvents_Deployment (0.00s)
=== RUN   TestGetResourceEvents_PersistentVolume
--- PASS: TestGetResourceEvents_PersistentVolume (0.00s)
=== RUN   TestGetResourceEvents_UsesCurrentNamespace
--- PASS: TestGetResourceEvents_UsesCurrentNamespace (0.00s)
=== RUN   TestGetResourceEvents_NoNamespaceSelected
--- PASS: TestGetResourceEvents_NoNamespaceSelected (0.00s)
=== RUN   TestGetResourceEvents_EventsV1API
--- PASS: TestGetResourceEvents_EventsV1API (0.00s)
=== RUN   TestParseEventTime
=== RUN   TestParseEventTime/empty_string
=== RUN   TestParseEventTime/RFC3339Nano_format
=== RUN   TestParseEventTime/RFC3339_format
=== RUN   TestParseEventTime/invalid_format
--- PASS: TestParseEventTime (0.00s)
    --- PASS: TestParseEventTime/empty_string (0.00s)
    --- PASS: TestParseEventTime/RFC3339Nano_format (0.00s)
    --- PASS: TestParseEventTime/RFC3339_format (0.00s)
    --- PASS: TestParseEventTime/invalid_format (0.00s)
=== RUN   TestFormatEventTime
=== RUN   TestFormatEventTime/zero_time
=== RUN   TestFormatEventTime/valid_time
--- PASS: TestFormatEventTime (0.00s)
    --- PASS: TestFormatEventTime/zero_time (0.00s)
    --- PASS: TestFormatEventTime/valid_time (0.00s)
=== RUN   TestGetHelmSettings
--- PASS: TestGetHelmSettings (0.00s)
=== RUN   TestGetHelmRepoFile
--- PASS: TestGetHelmRepoFile (0.00s)
=== RUN   TestGetHelmRepositories_NoFile
--- PASS: TestGetHelmRepositories_NoFile (0.00s)
=== RUN   TestSearchHelmCharts_NoRepoFile
--- PASS: TestSearchHelmCharts_NoRepoFile (0.00s)
=== RUN   TestHelmReleaseInfo_Fields
--- PASS: TestHelmReleaseInfo_Fields (0.00s)
=== RUN   TestHelmRepositoryInfo_Fields
--- PASS: TestHelmRepositoryInfo_Fields (0.00s)
=== RUN   TestHelmChartInfo_Fields
--- PASS: TestHelmChartInfo_Fields (0.00s)
=== RUN   TestHelmHistoryInfo_Fields
--- PASS: TestHelmHistoryInfo_Fields (0.00s)
=== RUN   TestHelmInstallRequest_Fields
--- PASS: TestHelmInstallRequest_Fields (0.00s)
=== RUN   TestHelmUpgradeRequest_Fields
--- PASS: TestHelmUpgradeRequest_Fields (0.00s)
=== RUN   TestTriggerCountsRefresh
--- PASS: TestTriggerCountsRefresh (0.00s)
=== RUN   TestGetHelmChartVersions_NoIndex
--- PASS: TestGetHelmChartVersions_NoIndex (0.00s)
=== RUN   TestResourceCountsIncludesHelmReleases
--- PASS: TestResourceCountsIncludesHelmReleases (0.00s)
=== RUN   TestResourceCountsEqual_WithHelmReleases
--- PASS: TestResourceCountsEqual_WithHelmReleases (0.00s)
=== RUN   TestHelmInstallRequest_WaitStrategies
=== RUN   TestHelmInstallRequest_WaitStrategies/watcher_strategy
=== RUN   TestHelmInstallRequest_WaitStrategies/legacy_strategy
=== RUN   TestHelmInstallRequest_WaitStrategies/hookOnly_strategy
=== RUN   TestHelmInstallRequest_WaitStrategies/empty_strategy_defaults_to_legacy
--- PASS: TestHelmInstallRequest_WaitStrategies (0.00s)
    --- PASS: TestHelmInstallRequest_WaitStrategies/watcher_strategy (0.00s)
    --- PASS: TestHelmInstallRequest_WaitStrategies/legacy_strategy (0.00s)
    --- PASS: TestHelmInstallRequest_WaitStrategies/hookOnly_strategy (0.00s)
    --- PASS: TestHelmInstallRequest_WaitStrategies/empty_strategy_defaults_to_legacy (0.00s)
=== RUN   TestHelmUpgradeRequest_WaitStrategies
=== RUN   TestHelmUpgradeRequest_WaitStrategies/watcher_strategy
=== RUN   TestHelmUpgradeRequest_WaitStrategies/legacy_strategy
=== RUN   TestHelmUpgradeRequest_WaitStrategies/hookOnly_strategy
--- PASS: TestHelmUpgradeRequest_WaitStrategies (0.00s)
    --- PASS: TestHelmUpgradeRequest_WaitStrategies/watcher_strategy (0.00s)
    --- PASS: TestHelmUpgradeRequest_WaitStrategies/legacy_strategy (0.00s)
    --- PASS: TestHelmUpgradeRequest_WaitStrategies/hookOnly_strategy (0.00s)
=== RUN   TestHelmInstallRequest_DefaultTimeout
--- PASS: TestHelmInstallRequest_DefaultTimeout (0.00s)
=== RUN   TestHelmUpgradeRequest_DefaultTimeout
--- PASS: TestHelmUpgradeRequest_DefaultTimeout (0.00s)
=== RUN   TestHelmInstallRequest_FullV4Config
--- PASS: TestHelmInstallRequest_FullV4Config (0.00s)
=== RUN   TestHelmUpgradeRequest_FullV4Config
--- PASS: TestHelmUpgradeRequest_FullV4Config (0.00s)
=== RUN   TestWaitStrategyValues
=== RUN   TestWaitStrategyValues/strategy_watcher
=== RUN   TestWaitStrategyValues/strategy_legacy
=== RUN   TestWaitStrategyValues/strategy_hookOnly
=== RUN   TestWaitStrategyValues/strategy_
--- PASS: TestWaitStrategyValues (0.00s)
    --- PASS: TestWaitStrategyValues/strategy_watcher (0.00s)
    --- PASS: TestWaitStrategyValues/strategy_legacy (0.00s)
    --- PASS: TestWaitStrategyValues/strategy_hookOnly (0.00s)
    --- PASS: TestWaitStrategyValues/strategy_ (0.00s)
=== RUN   TestTimeoutValues
=== RUN   TestTimeoutValues/zero_(uses_default)
=== RUN   TestTimeoutValues/30_seconds
=== RUN   TestTimeoutValues/5_minutes
=== RUN   TestTimeoutValues/15_minutes
=== RUN   TestTimeoutValues/30_minutes
--- PASS: TestTimeoutValues (0.00s)
    --- PASS: TestTimeoutValues/zero_(uses_default) (0.00s)
    --- PASS: TestTimeoutValues/30_seconds (0.00s)
    --- PASS: TestTimeoutValues/5_minutes (0.00s)
    --- PASS: TestTimeoutValues/15_minutes (0.00s)
    --- PASS: TestTimeoutValues/30_minutes (0.00s)
=== RUN   TestGetPrometheusAlerts_ParsesResponse
--- PASS: TestGetPrometheusAlerts_ParsesResponse (0.01s)
=== RUN   TestInvestigatePrometheusAlert_AddsHistory
[2026-02-11 00:20:47.364] [INFO] initHolmes: starting initialization
[2026-02-11 00:20:47.364] [INFO] initHolmes: Holmes is configured endpoint=http://127.0.0.1:10230 enabled=true
[2026-02-11 00:20:47.364] [INFO] initHolmes: using direct endpoint endpoint=http://127.0.0.1:10230
[2026-02-11 00:20:47.364] [DEBUG] initHolmes: creating Holmes client
[2026-02-11 00:20:47.364] [INFO] initHolmes: Holmes client initialized successfully endpoint=http://127.0.0.1:10230
[2026-02-11 00:20:47.364] [INFO] AskHolmes: starting questionLen=196
[2026-02-11 00:20:47.364] [DEBUG] AskHolmes: calling client.Ask endpoint=http://127.0.0.1:10230
[2026-02-11 00:20:47.364] [INFO] Ask: starting request endpoint=http://127.0.0.1:10230 model= questionLen=196
[2026-02-11 00:20:47.364] [DEBUG] Ask: question preview preview=Investigate this Prometheus alert. Provide likely cause, impact, and remediation steps.

Alert: DiskFull
State: firing
Value: 1
Labels: map[]
Annotations: map[]
ActiveAt: 2026-02-11T00:20:47+01:00
[2026-02-11 00:20:47.364] [INFO] LLM request operation=Ask url=http://127.0.0.1:10230/api/chat model= stream=false questionLen=196 systemPromptLen=677 responseFormatLen=0
[2026-02-11 00:20:47.364] [DEBUG] LLM request payload operation=Ask questionPreview=Investigate this Prometheus alert. Provide likely cause, impact, and remediation steps.

Alert: DiskFull
State: firing
Value: 1
Labels: map[]
Annotations: map[]
ActiveAt: 2026-02-11T00:20:47+01:00 systemPromptPreview=Always format output in markdown format. Assume users are using more recent product versions. Always work with the current state of the cluster and assume users want to know about it. Assume that users want to know about resources they are responsible for so always consider local information first. Provide answers as quickly as you can since users of this application often have to work under pressure. Think carefully so we can avoid multiple incorrect tool calls which takes even longer for the user to wait. Provide your reasoning. When suggesting terminal commands, use PowerShell syntax. Avoid... responseFormatPreview=
[2026-02-11 00:20:47.365] [DEBUG] Ask: request body marshaled bodyLen=930
[2026-02-11 00:20:47.365] [INFO] Ask: sending HTTP request url=http://127.0.0.1:10230/api/chat httpTimeout=5m0s overallDeadline=2026-02-11T00:26:47+01:00
[2026-02-11 00:20:47.365] [DEBUG] Ask: attempt attempt=1 elapsed=991.2┬Ás
[2026-02-11 00:20:47.365] [DEBUG] Ask: executing HTTP request
[2026-02-11 00:20:47.368] [DEBUG] Ask: decoding response body
[2026-02-11 00:20:47.369] [INFO] Ask: request completed successfully responseLen=22 totalDuration=4.998ms
[2026-02-11 00:20:47.369] [DEBUG] LLM response preview operation=Ask responseLen=22 responsePreview=Investigation response
[2026-02-11 00:20:47.369] [INFO] AskHolmes: completed successfully responseLen=22 totalDuration=4.998ms
--- PASS: TestInvestigatePrometheusAlert_AddsHistory (0.01s)
=== RUN   TestAppendRecentEvents_WritesLines
--- PASS: TestAppendRecentEvents_WritesLines (0.00s)
=== RUN   TestWriteConditionsHelpers_DeploymentStatefulDaemon
--- PASS: TestWriteConditionsHelpers_DeploymentStatefulDaemon (0.00s)
=== RUN   TestIngressContextWriters
--- PASS: TestIngressContextWriters (0.00s)
=== RUN   TestGetRecentPodLogs_ErrorWrapped
--- PASS: TestGetRecentPodLogs_ErrorWrapped (0.00s)
=== RUN   TestGetPodContext_ReturnsPodInfo
--- PASS: TestGetPodContext_ReturnsPodInfo (0.00s)
=== RUN   TestGetPodContext_PodNotFound
--- PASS: TestGetPodContext_PodNotFound (0.00s)
=== RUN   TestGetPodContext_WaitingContainer
--- PASS: TestGetPodContext_WaitingContainer (0.00s)
=== RUN   TestGetPodContext_TerminatedContainer
--- PASS: TestGetPodContext_TerminatedContainer (0.00s)
=== RUN   TestGetDeploymentContext_ReturnsDeploymentInfo
--- PASS: TestGetDeploymentContext_ReturnsDeploymentInfo (0.00s)
=== RUN   TestGetDeploymentContext_DeploymentNotFound
--- PASS: TestGetDeploymentContext_DeploymentNotFound (0.00s)
=== RUN   TestGetDeploymentContext_NilSelector
--- PASS: TestGetDeploymentContext_NilSelector (0.00s)
=== RUN   TestGetStatefulSetContext_ReturnsStatefulSetInfo
--- PASS: TestGetStatefulSetContext_ReturnsStatefulSetInfo (0.00s)
=== RUN   TestGetStatefulSetContext_StatefulSetNotFound
--- PASS: TestGetStatefulSetContext_StatefulSetNotFound (0.00s)
=== RUN   TestGetStatefulSetContext_NilSelector
--- PASS: TestGetStatefulSetContext_NilSelector (0.00s)
=== RUN   TestGetDaemonSetContext_ReturnsDaemonSetInfo
--- PASS: TestGetDaemonSetContext_ReturnsDaemonSetInfo (0.00s)
=== RUN   TestGetDaemonSetContext_DaemonSetNotFound
--- PASS: TestGetDaemonSetContext_DaemonSetNotFound (0.00s)
=== RUN   TestGetDaemonSetContext_NilSelector
--- PASS: TestGetDaemonSetContext_NilSelector (0.00s)
=== RUN   TestGetJobContext_ReturnsJobInfo
--- PASS: TestGetJobContext_ReturnsJobInfo (0.00s)
=== RUN   TestGetJobContext_JobNotFound
--- PASS: TestGetJobContext_JobNotFound (0.00s)
=== RUN   TestGetJobContext_NilSelector
--- PASS: TestGetJobContext_NilSelector (0.00s)
=== RUN   TestGetCronJobContext_ReturnsCronJobInfo
--- PASS: TestGetCronJobContext_ReturnsCronJobInfo (0.00s)
=== RUN   TestGetCronJobContext_CronJobNotFound
--- PASS: TestGetCronJobContext_CronJobNotFound (0.00s)
=== RUN   TestGetServiceContext_ReturnsServiceInfo
--- PASS: TestGetServiceContext_ReturnsServiceInfo (0.00s)
=== RUN   TestGetServiceContext_PortsAndEndpoints
--- PASS: TestGetServiceContext_PortsAndEndpoints (0.00s)
=== RUN   TestGetServiceContext_ServiceNotFound
--- PASS: TestGetServiceContext_ServiceNotFound (0.00s)
=== RUN   TestGetConfigMapContext_ReturnsConfigMapInfo
--- PASS: TestGetConfigMapContext_ReturnsConfigMapInfo (0.00s)
=== RUN   TestGetConfigMapContext_ConfigMapNotFound
--- PASS: TestGetConfigMapContext_ConfigMapNotFound (0.00s)
=== RUN   TestGetSecretContext_ReturnsSecretInfo
--- PASS: TestGetSecretContext_ReturnsSecretInfo (0.00s)
=== RUN   TestGetSecretContext_SecretNotFound
--- PASS: TestGetSecretContext_SecretNotFound (0.00s)
=== RUN   TestGetPersistentVolumeContext_ReturnsPVInfo
--- PASS: TestGetPersistentVolumeContext_ReturnsPVInfo (0.00s)
=== RUN   TestGetPersistentVolumeContext_PVNotFound
--- PASS: TestGetPersistentVolumeContext_PVNotFound (0.00s)
=== RUN   TestGetPersistentVolumeClaimContext_ReturnsPVCInfo
--- PASS: TestGetPersistentVolumeClaimContext_ReturnsPVCInfo (0.00s)
=== RUN   TestGetPersistentVolumeClaimContext_PVCNotFound
--- PASS: TestGetPersistentVolumeClaimContext_PVCNotFound (0.00s)
=== RUN   TestGetIngressContext_ReturnsIngressInfo
--- PASS: TestGetIngressContext_ReturnsIngressInfo (0.00s)
=== RUN   TestGetIngressContext_IngressNotFound
--- PASS: TestGetIngressContext_IngressNotFound (0.00s)
=== RUN   TestAppendRecentEvents_EventTimeFallbackAndLimit
--- PASS: TestAppendRecentEvents_EventTimeFallbackAndLimit (0.00s)
=== RUN   TestGetRecentPodLogs_ErrorFormatting
--- PASS: TestGetRecentPodLogs_ErrorFormatting (0.00s)
=== RUN   TestCheckHolmesDeployment_NotDeployed
--- PASS: TestCheckHolmesDeployment_NotDeployed (0.04s)
=== RUN   TestDeployHolmesGPT_MissingAPIKey
--- PASS: TestDeployHolmesGPT_MissingAPIKey (0.00s)
=== RUN   TestDeployHolmesGPT_DefaultValues
--- PASS: TestDeployHolmesGPT_DefaultValues (0.00s)
=== RUN   TestDetectHolmesEndpoint
--- PASS: TestDetectHolmesEndpoint (0.00s)
=== RUN   TestStartHolmesPortForward
    holmes_deployment_test.go:125: StartHolmesPortForward correctly failed: failed to list pods in namespace holmesgpt: no kube context selected
--- PASS: TestStartHolmesPortForward (0.00s)
=== RUN   TestHolmesDeploymentTypes
--- PASS: TestHolmesDeploymentTypes (0.00s)
=== RUN   TestHolmesDeploymentPhaseConstants
--- PASS: TestHolmesDeploymentPhaseConstants (0.00s)
=== RUN   TestHolmesConstants
--- PASS: TestHolmesConstants (0.00s)
=== RUN   TestIsE2ETestMode
--- PASS: TestIsE2ETestMode (0.00s)
=== RUN   TestGetHolmesChartReference
--- PASS: TestGetHolmesChartReference (0.00s)
=== RUN   TestAnalyzeStatefulSet_WithFakeHolmes
[2026-02-11 00:20:47.414] [INFO] initHolmes: starting initialization
[2026-02-11 00:20:47.414] [INFO] initHolmes: Holmes is configured endpoint=http://127.0.0.1:10234 enabled=true
[2026-02-11 00:20:47.414] [INFO] initHolmes: using direct endpoint endpoint=http://127.0.0.1:10234
[2026-02-11 00:20:47.414] [DEBUG] initHolmes: creating Holmes client
[2026-02-11 00:20:47.414] [INFO] initHolmes: Holmes client initialized successfully endpoint=http://127.0.0.1:10234
[2026-02-11 00:20:47.414] [INFO] AnalyzeStatefulSet: starting namespace=default name=db
[2026-02-11 00:20:47.414] [DEBUG] AnalyzeStatefulSet: gathering statefulset context
[2026-02-11 00:20:47.415] [INFO] AnalyzeStatefulSet: statefulset context gathered contextLen=107 elapsed=994.4┬Ás
[2026-02-11 00:20:47.415] [DEBUG] AnalyzeStatefulSet: sending to Holmes questionLen=193
[2026-02-11 00:20:47.415] [INFO] AskHolmes: starting questionLen=193
[2026-02-11 00:20:47.415] [DEBUG] AskHolmes: calling client.Ask endpoint=http://127.0.0.1:10234
[2026-02-11 00:20:47.415] [INFO] Ask: starting request endpoint=http://127.0.0.1:10234 model= questionLen=193
[2026-02-11 00:20:47.415] [DEBUG] Ask: question preview preview=Analyze this Kubernetes statefulset and explain any issues:

StatefulSet: default/db

StatefulSet: default/db
Replicas: desired=2, ready=1, current=0
Service: db-svc

Pods (1):
  db-0: Running

[2026-02-11 00:20:47.415] [INFO] LLM request operation=Ask url=http://127.0.0.1:10234/api/chat model= stream=false questionLen=193 systemPromptLen=677 responseFormatLen=0
[2026-02-11 00:20:47.415] [DEBUG] LLM request payload operation=Ask questionPreview=Analyze this Kubernetes statefulset and explain any issues:

StatefulSet: default/db

StatefulSet: default/db
Replicas: desired=2, ready=1, current=0
Service: db-svc

Pods (1):
  db-0: Running
 systemPromptPreview=Always format output in markdown format. Assume users are using more recent product versions. Always work with the current state of the cluster and assume users want to know about it. Assume that users want to know about resources they are responsible for so always consider local information first. Provide answers as quickly as you can since users of this application often have to work under pressure. Think carefully so we can avoid multiple incorrect tool calls which takes even longer for the user to wait. Provide your reasoning. When suggesting terminal commands, use PowerShell syntax. Avoid... responseFormatPreview=
[2026-02-11 00:20:47.415] [DEBUG] Ask: request body marshaled bodyLen=930
[2026-02-11 00:20:47.415] [INFO] Ask: sending HTTP request url=http://127.0.0.1:10234/api/chat httpTimeout=5m0s overallDeadline=2026-02-11T00:26:47+01:00
[2026-02-11 00:20:47.415] [DEBUG] Ask: attempt attempt=1 elapsed=0s
[2026-02-11 00:20:47.415] [DEBUG] Ask: executing HTTP request
[2026-02-11 00:20:47.418] [DEBUG] Ask: decoding response body
[2026-02-11 00:20:47.418] [INFO] Ask: request completed successfully responseLen=11 totalDuration=3.0059ms
[2026-02-11 00:20:47.418] [DEBUG] LLM response preview operation=Ask responseLen=11 responsePreview=stateful ok
[2026-02-11 00:20:47.418] [INFO] AskHolmes: completed successfully responseLen=11 totalDuration=3.0059ms
[2026-02-11 00:20:47.418] [INFO] AnalyzeStatefulSet: completed responseLen=11 totalDuration=4.0003ms
--- PASS: TestAnalyzeStatefulSet_WithFakeHolmes (0.01s)
=== RUN   TestAnalyzeDaemonSet_WithFakeHolmes
[2026-02-11 00:20:47.421] [INFO] initHolmes: starting initialization
[2026-02-11 00:20:47.421] [INFO] initHolmes: Holmes is configured endpoint=http://127.0.0.1:10236 enabled=true
[2026-02-11 00:20:47.421] [INFO] initHolmes: using direct endpoint endpoint=http://127.0.0.1:10236
[2026-02-11 00:20:47.421] [DEBUG] initHolmes: creating Holmes client
[2026-02-11 00:20:47.421] [INFO] initHolmes: Holmes client initialized successfully endpoint=http://127.0.0.1:10236
[2026-02-11 00:20:47.421] [INFO] AnalyzeDaemonSet: starting namespace=default name=ds
[2026-02-11 00:20:47.421] [DEBUG] AnalyzeDaemonSet: gathering daemonset context
[2026-02-11 00:20:47.421] [INFO] AnalyzeDaemonSet: daemonset context gathered contextLen=84 elapsed=0s
[2026-02-11 00:20:47.421] [DEBUG] AnalyzeDaemonSet: sending to Holmes questionLen=166
[2026-02-11 00:20:47.421] [INFO] AskHolmes: starting questionLen=166
[2026-02-11 00:20:47.421] [DEBUG] AskHolmes: calling client.Ask endpoint=http://127.0.0.1:10236
[2026-02-11 00:20:47.421] [INFO] Ask: starting request endpoint=http://127.0.0.1:10236 model= questionLen=166
[2026-02-11 00:20:47.421] [DEBUG] Ask: question preview preview=Analyze this Kubernetes daemonset and explain any issues:

DaemonSet: default/ds

DaemonSet: default/ds
Desired: 1, Current: 0, Ready: 0

Pods (1):
  ds-pod: Running

[2026-02-11 00:20:47.421] [INFO] LLM request operation=Ask url=http://127.0.0.1:10236/api/chat model= stream=false questionLen=166 systemPromptLen=677 responseFormatLen=0
[2026-02-11 00:20:47.421] [DEBUG] LLM request payload operation=Ask questionPreview=Analyze this Kubernetes daemonset and explain any issues:

DaemonSet: default/ds

DaemonSet: default/ds
Desired: 1, Current: 0, Ready: 0

Pods (1):
  ds-pod: Running
 systemPromptPreview=Always format output in markdown format. Assume users are using more recent product versions. Always work with the current state of the cluster and assume users want to know about it. Assume that users want to know about resources they are responsible for so always consider local information first. Provide answers as quickly as you can since users of this application often have to work under pressure. Think carefully so we can avoid multiple incorrect tool calls which takes even longer for the user to wait. Provide your reasoning. When suggesting terminal commands, use PowerShell syntax. Avoid... responseFormatPreview=
[2026-02-11 00:20:47.421] [DEBUG] Ask: request body marshaled bodyLen=902
[2026-02-11 00:20:47.421] [INFO] Ask: sending HTTP request url=http://127.0.0.1:10236/api/chat httpTimeout=5m0s overallDeadline=2026-02-11T00:26:47+01:00
[2026-02-11 00:20:47.421] [DEBUG] Ask: attempt attempt=1 elapsed=0s
[2026-02-11 00:20:47.421] [DEBUG] Ask: executing HTTP request
[2026-02-11 00:20:47.425] [DEBUG] Ask: decoding response body
[2026-02-11 00:20:47.425] [INFO] Ask: request completed successfully responseLen=9 totalDuration=3.5251ms
[2026-02-11 00:20:47.425] [DEBUG] LLM response preview operation=Ask responseLen=9 responsePreview=daemon ok
[2026-02-11 00:20:47.425] [INFO] AskHolmes: completed successfully responseLen=9 totalDuration=3.5251ms
[2026-02-11 00:20:47.425] [INFO] AnalyzeDaemonSet: completed responseLen=9 totalDuration=3.5251ms
--- PASS: TestAnalyzeDaemonSet_WithFakeHolmes (0.01s)
=== RUN   TestAnalyzeService_WithFakeHolmes
[2026-02-11 00:20:47.427] [INFO] initHolmes: starting initialization
[2026-02-11 00:20:47.427] [INFO] initHolmes: Holmes is configured endpoint=http://127.0.0.1:10238 enabled=true
[2026-02-11 00:20:47.427] [INFO] initHolmes: using direct endpoint endpoint=http://127.0.0.1:10238
[2026-02-11 00:20:47.427] [DEBUG] initHolmes: creating Holmes client
[2026-02-11 00:20:47.427] [INFO] initHolmes: Holmes client initialized successfully endpoint=http://127.0.0.1:10238
[2026-02-11 00:20:47.427] [INFO] AnalyzeService: starting namespace=default name=svc
[2026-02-11 00:20:47.427] [DEBUG] AnalyzeService: gathering service context
[2026-02-11 00:20:47.427] [INFO] AnalyzeService: service context gathered contextLen=84 elapsed=0s
[2026-02-11 00:20:47.427] [DEBUG] AnalyzeService: sending to Holmes questionLen=163
[2026-02-11 00:20:47.427] [INFO] AskHolmes: starting questionLen=163
[2026-02-11 00:20:47.427] [DEBUG] AskHolmes: calling client.Ask endpoint=http://127.0.0.1:10238
[2026-02-11 00:20:47.427] [INFO] Ask: starting request endpoint=http://127.0.0.1:10238 model= questionLen=163
[2026-02-11 00:20:47.427] [DEBUG] Ask: question preview preview=Analyze this Kubernetes service and explain any issues:

Service: default/svc

Service: default/svc
Type: ClusterIP
ClusterIP: 10.0.0.1

Ports:
  http: 80 -> 8080

[2026-02-11 00:20:47.427] [INFO] LLM request operation=Ask url=http://127.0.0.1:10238/api/chat model= stream=false questionLen=163 systemPromptLen=677 responseFormatLen=0
[2026-02-11 00:20:47.427] [DEBUG] LLM request payload operation=Ask questionPreview=Analyze this Kubernetes service and explain any issues:

Service: default/svc

Service: default/svc
Type: ClusterIP
ClusterIP: 10.0.0.1

Ports:
  http: 80 -> 8080
 systemPromptPreview=Always format output in markdown format. Assume users are using more recent product versions. Always work with the current state of the cluster and assume users want to know about it. Assume that users want to know about resources they are responsible for so always consider local information first. Provide answers as quickly as you can since users of this application often have to work under pressure. Think carefully so we can avoid multiple incorrect tool calls which takes even longer for the user to wait. Provide your reasoning. When suggesting terminal commands, use PowerShell syntax. Avoid... responseFormatPreview=
[2026-02-11 00:20:47.427] [DEBUG] Ask: request body marshaled bodyLen=905
[2026-02-11 00:20:47.427] [INFO] Ask: sending HTTP request url=http://127.0.0.1:10238/api/chat httpTimeout=5m0s overallDeadline=2026-02-11T00:26:47+01:00
[2026-02-11 00:20:47.427] [DEBUG] Ask: attempt attempt=1 elapsed=0s
[2026-02-11 00:20:47.427] [DEBUG] Ask: executing HTTP request
[2026-02-11 00:20:47.428] [DEBUG] Ask: decoding response body
[2026-02-11 00:20:47.428] [INFO] Ask: request completed successfully responseLen=10 totalDuration=1.5209ms
[2026-02-11 00:20:47.428] [DEBUG] LLM response preview operation=Ask responseLen=10 responsePreview=service ok
[2026-02-11 00:20:47.428] [INFO] AskHolmes: completed successfully responseLen=10 totalDuration=1.5209ms
[2026-02-11 00:20:47.428] [INFO] AnalyzeService: completed responseLen=10 totalDuration=1.5209ms
--- PASS: TestAnalyzeService_WithFakeHolmes (0.00s)
=== RUN   TestAnalyzePodLogs_WithFakeHolmes
[2026-02-11 00:20:47.431] [INFO] initHolmes: starting initialization
[2026-02-11 00:20:47.431] [INFO] initHolmes: Holmes is configured endpoint=http://127.0.0.1:10240 enabled=true
[2026-02-11 00:20:47.431] [INFO] initHolmes: using direct endpoint endpoint=http://127.0.0.1:10240
[2026-02-11 00:20:47.431] [DEBUG] initHolmes: creating Holmes client
[2026-02-11 00:20:47.431] [INFO] initHolmes: Holmes client initialized successfully endpoint=http://127.0.0.1:10240
[2026-02-11 00:20:47.431] [INFO] AnalyzePodLogs: starting namespace=default pod=pod lines=50
[2026-02-11 00:20:47.431] [INFO] AnalyzeLogs: starting namespace=default pod=pod container= lines=50
[2026-02-11 00:20:47.431] [INFO] AskHolmes: starting questionLen=160
[2026-02-11 00:20:47.431] [DEBUG] AskHolmes: calling client.Ask endpoint=http://127.0.0.1:10240
[2026-02-11 00:20:47.431] [INFO] Ask: starting request endpoint=http://127.0.0.1:10240 model= questionLen=160
[2026-02-11 00:20:47.431] [DEBUG] Ask: question preview preview=Analyze these logs from pod default/pod and identify any issues:

```
pod logs
```

What problems do you see? What could be causing them? How can they be fixed?
[2026-02-11 00:20:47.431] [INFO] LLM request operation=Ask url=http://127.0.0.1:10240/api/chat model= stream=false questionLen=160 systemPromptLen=677 responseFormatLen=0
[2026-02-11 00:20:47.431] [DEBUG] LLM request payload operation=Ask questionPreview=Analyze these logs from pod default/pod and identify any issues:

```
pod logs
```

What problems do you see? What could be causing them? How can they be fixed? systemPromptPreview=Always format output in markdown format. Assume users are using more recent product versions. Always work with the current state of the cluster and assume users want to know about it. Assume that users want to know about resources they are responsible for so always consider local information first. Provide answers as quickly as you can since users of this application often have to work under pressure. Think carefully so we can avoid multiple incorrect tool calls which takes even longer for the user to wait. Provide your reasoning. When suggesting terminal commands, use PowerShell syntax. Avoid... responseFormatPreview=
[2026-02-11 00:20:47.431] [DEBUG] Ask: request body marshaled bodyLen=893
[2026-02-11 00:20:47.431] [INFO] Ask: sending HTTP request url=http://127.0.0.1:10240/api/chat httpTimeout=5m0s overallDeadline=2026-02-11T00:26:47+01:00
[2026-02-11 00:20:47.431] [DEBUG] Ask: attempt attempt=1 elapsed=0s
[2026-02-11 00:20:47.431] [DEBUG] Ask: executing HTTP request
[2026-02-11 00:20:47.434] [DEBUG] Ask: decoding response body
[2026-02-11 00:20:47.434] [INFO] Ask: request completed successfully responseLen=7 totalDuration=3.6298ms
[2026-02-11 00:20:47.434] [DEBUG] LLM response preview operation=Ask responseLen=7 responsePreview=logs ok
[2026-02-11 00:20:47.434] [INFO] AskHolmes: completed successfully responseLen=7 totalDuration=3.6298ms
[2026-02-11 00:20:47.434] [INFO] AnalyzeLogs: completed responseLen=7 elapsed=3.6298ms
[2026-02-11 00:20:47.434] [INFO] AnalyzePodLogs: completed responseLen=7 elapsed=3.6298ms
--- PASS: TestAnalyzePodLogs_WithFakeHolmes (0.01s)
=== RUN   TestAnalyzeResource_Routes
[2026-02-11 00:20:47.438] [INFO] initHolmes: starting initialization
[2026-02-11 00:20:47.438] [INFO] initHolmes: Holmes is configured endpoint=http://127.0.0.1:10242 enabled=true
[2026-02-11 00:20:47.438] [INFO] initHolmes: using direct endpoint endpoint=http://127.0.0.1:10242
[2026-02-11 00:20:47.438] [DEBUG] initHolmes: creating Holmes client
[2026-02-11 00:20:47.438] [INFO] initHolmes: Holmes client initialized successfully endpoint=http://127.0.0.1:10242
[2026-02-11 00:20:47.438] [INFO] AnalyzeResource: routing kind=pod namespace=default name=pod
[2026-02-11 00:20:47.438] [INFO] AnalyzePod: starting namespace=default name=pod
[2026-02-11 00:20:47.438] [DEBUG] AnalyzePod: gathering pod context
[2026-02-11 00:20:47.439] [INFO] AnalyzePod: pod context gathered contextLen=106 elapsed=533.9┬Ás
[2026-02-11 00:20:47.439] [DEBUG] AnalyzePod: sending to Holmes questionLen=177
[2026-02-11 00:20:47.439] [INFO] AskHolmes: starting questionLen=177
[2026-02-11 00:20:47.439] [DEBUG] AskHolmes: calling client.Ask endpoint=http://127.0.0.1:10242
[2026-02-11 00:20:47.439] [INFO] Ask: starting request endpoint=http://127.0.0.1:10242 model= questionLen=177
[2026-02-11 00:20:47.439] [DEBUG] Ask: question preview preview=Analyze this Kubernetes pod and explain any issues:

Pod: default/pod

Pod: default/pod
Status: Running
Node: 

Containers:

Conditions:

Recent Logs (last 50 lines):
fake logs

[2026-02-11 00:20:47.439] [INFO] LLM request operation=Ask url=http://127.0.0.1:10242/api/chat model= stream=false questionLen=177 systemPromptLen=677 responseFormatLen=0
[2026-02-11 00:20:47.439] [DEBUG] LLM request payload operation=Ask questionPreview=Analyze this Kubernetes pod and explain any issues:

Pod: default/pod

Pod: default/pod
Status: Running
Node: 

Containers:

Conditions:

Recent Logs (last 50 lines):
fake logs
 systemPromptPreview=Always format output in markdown format. Assume users are using more recent product versions. Always work with the current state of the cluster and assume users want to know about it. Assume that users want to know about resources they are responsible for so always consider local information first. Provide answers as quickly as you can since users of this application often have to work under pressure. Think carefully so we can avoid multiple incorrect tool calls which takes even longer for the user to wait. Provide your reasoning. When suggesting terminal commands, use PowerShell syntax. Avoid... responseFormatPreview=
[2026-02-11 00:20:47.439] [DEBUG] Ask: request body marshaled bodyLen=918
[2026-02-11 00:20:47.439] [INFO] Ask: sending HTTP request url=http://127.0.0.1:10242/api/chat httpTimeout=5m0s overallDeadline=2026-02-11T00:26:47+01:00
[2026-02-11 00:20:47.439] [DEBUG] Ask: attempt attempt=1 elapsed=0s
[2026-02-11 00:20:47.439] [DEBUG] Ask: executing HTTP request
[2026-02-11 00:20:47.441] [DEBUG] Ask: decoding response body
[2026-02-11 00:20:47.441] [INFO] Ask: request completed successfully responseLen=8 totalDuration=2.2359ms
[2026-02-11 00:20:47.441] [DEBUG] LLM response preview operation=Ask responseLen=8 responsePreview=route ok
[2026-02-11 00:20:47.441] [INFO] AskHolmes: completed successfully responseLen=8 totalDuration=2.2359ms
[2026-02-11 00:20:47.441] [INFO] AnalyzePod: completed responseLen=8 totalDuration=2.7698ms
[2026-02-11 00:20:47.441] [INFO] AnalyzeResource: routing kind=widget namespace=default name=pod
--- PASS: TestAnalyzeResource_Routes (0.01s)
=== RUN   TestHolmesClientConfigAndEndpoints
--- PASS: TestHolmesClientConfigAndEndpoints (0.00s)
=== RUN   TestHolmesErrorHelpers
--- PASS: TestHolmesErrorHelpers (0.00s)
=== RUN   TestHolmesEndpointParsing
--- PASS: TestHolmesEndpointParsing (0.00s)
=== RUN   TestHolmesProxyURLAndScoring
--- PASS: TestHolmesProxyURLAndScoring (0.00s)
=== RUN   TestFindHolmesService
--- PASS: TestFindHolmesService (0.00s)
=== RUN   TestAskHolmes_NotConfigured
[2026-02-11 00:20:47.443] [INFO] AskHolmes: starting questionLen=13
[2026-02-11 00:20:47.443] [ERROR] AskHolmes: Holmes client not configured
--- PASS: TestAskHolmes_NotConfigured (0.00s)
=== RUN   TestAskHolmes_Configured
[2026-02-11 00:20:47.445] [INFO] initHolmes: starting initialization
[2026-02-11 00:20:47.445] [INFO] initHolmes: Holmes is configured endpoint=http://127.0.0.1:10244 enabled=true
[2026-02-11 00:20:47.445] [INFO] initHolmes: using direct endpoint endpoint=http://127.0.0.1:10244
[2026-02-11 00:20:47.445] [DEBUG] initHolmes: creating Holmes client
[2026-02-11 00:20:47.445] [INFO] initHolmes: Holmes client initialized successfully endpoint=http://127.0.0.1:10244
[2026-02-11 00:20:47.445] [INFO] AskHolmes: starting questionLen=13
[2026-02-11 00:20:47.445] [DEBUG] AskHolmes: calling client.Ask endpoint=http://127.0.0.1:10244
[2026-02-11 00:20:47.445] [INFO] Ask: starting request endpoint=http://127.0.0.1:10244 model= questionLen=13
[2026-02-11 00:20:47.445] [DEBUG] Ask: question preview preview=test question
[2026-02-11 00:20:47.445] [INFO] LLM request operation=Ask url=http://127.0.0.1:10244/api/chat model= stream=false questionLen=13 systemPromptLen=677 responseFormatLen=0
[2026-02-11 00:20:47.445] [DEBUG] LLM request payload operation=Ask questionPreview=test question systemPromptPreview=Always format output in markdown format. Assume users are using more recent product versions. Always work with the current state of the cluster and assume users want to know about it. Assume that users want to know about resources they are responsible for so always consider local information first. Provide answers as quickly as you can since users of this application often have to work under pressure. Think carefully so we can avoid multiple incorrect tool calls which takes even longer for the user to wait. Provide your reasoning. When suggesting terminal commands, use PowerShell syntax. Avoid... responseFormatPreview=
[2026-02-11 00:20:47.445] [DEBUG] Ask: request body marshaled bodyLen=740
[2026-02-11 00:20:47.445] [INFO] Ask: sending HTTP request url=http://127.0.0.1:10244/api/chat httpTimeout=5m0s overallDeadline=2026-02-11T00:26:47+01:00
[2026-02-11 00:20:47.445] [DEBUG] Ask: attempt attempt=1 elapsed=0s
[2026-02-11 00:20:47.445] [DEBUG] Ask: executing HTTP request
[2026-02-11 00:20:47.447] [DEBUG] Ask: decoding response body
[2026-02-11 00:20:47.447] [INFO] Ask: request completed successfully responseLen=25 totalDuration=2.0029ms
[2026-02-11 00:20:47.447] [DEBUG] LLM response preview operation=Ask responseLen=25 responsePreview=Test response from Holmes
[2026-02-11 00:20:47.447] [INFO] AskHolmes: completed successfully responseLen=25 totalDuration=2.0029ms
--- PASS: TestAskHolmes_Configured (0.00s)
=== RUN   TestGetHolmesConfig_MasksAPIKey
--- PASS: TestGetHolmesConfig_MasksAPIKey (0.00s)
=== RUN   TestSetHolmesConfig_ValidationError
--- PASS: TestSetHolmesConfig_ValidationError (0.00s)
=== RUN   TestSetHolmesConfig_Disabled
--- PASS: TestSetHolmesConfig_Disabled (0.00s)
=== RUN   TestSetHolmesConfig_PersistsToFile
--- PASS: TestSetHolmesConfig_PersistsToFile (0.01s)
=== RUN   TestTestHolmesConnection_NotConfigured
--- PASS: TestTestHolmesConnection_NotConfigured (0.00s)
=== RUN   TestTestHolmesConnection_Healthy
[2026-02-11 00:20:47.464] [INFO] initHolmes: starting initialization
[2026-02-11 00:20:47.464] [INFO] initHolmes: Holmes is configured endpoint=http://127.0.0.1:10246 enabled=true
[2026-02-11 00:20:47.464] [INFO] initHolmes: using direct endpoint endpoint=http://127.0.0.1:10246
[2026-02-11 00:20:47.464] [DEBUG] initHolmes: creating Holmes client
[2026-02-11 00:20:47.464] [INFO] initHolmes: Holmes client initialized successfully endpoint=http://127.0.0.1:10246
--- PASS: TestTestHolmesConnection_Healthy (0.00s)
=== RUN   TestTestHolmesConnection_Unhealthy
[2026-02-11 00:20:47.469] [INFO] initHolmes: starting initialization
[2026-02-11 00:20:47.469] [INFO] initHolmes: Holmes is configured endpoint=http://127.0.0.1:10248 enabled=true
[2026-02-11 00:20:47.469] [INFO] initHolmes: using direct endpoint endpoint=http://127.0.0.1:10248
[2026-02-11 00:20:47.469] [DEBUG] initHolmes: creating Holmes client
[2026-02-11 00:20:47.469] [INFO] initHolmes: Holmes client initialized successfully endpoint=http://127.0.0.1:10248
--- PASS: TestTestHolmesConnection_Unhealthy (0.01s)
=== RUN   TestInitHolmes_CreatesClient
[2026-02-11 00:20:47.481] [INFO] initHolmes: starting initialization
[2026-02-11 00:20:47.481] [INFO] initHolmes: Holmes is configured endpoint=http://127.0.0.1:10250 enabled=true
[2026-02-11 00:20:47.481] [INFO] initHolmes: using direct endpoint endpoint=http://127.0.0.1:10250
[2026-02-11 00:20:47.481] [DEBUG] initHolmes: creating Holmes client
[2026-02-11 00:20:47.482] [INFO] initHolmes: Holmes client initialized successfully endpoint=http://127.0.0.1:10250
--- PASS: TestInitHolmes_CreatesClient (0.00s)
=== RUN   TestGetPodContext_BasicFields
--- PASS: TestGetPodContext_BasicFields (0.00s)
=== RUN   TestGetPodContext_NotFound
--- PASS: TestGetPodContext_NotFound (0.00s)
=== RUN   TestGetPodContext_RBACError
--- PASS: TestGetPodContext_RBACError (0.00s)
=== RUN   TestGetDeploymentContext_BasicFields
--- PASS: TestGetDeploymentContext_BasicFields (0.00s)
=== RUN   TestAnalyzePod_WithFakeHolmes
[2026-02-11 00:20:47.484] [INFO] initHolmes: starting initialization
[2026-02-11 00:20:47.484] [INFO] initHolmes: Holmes is configured endpoint=http://127.0.0.1:10251 enabled=true
[2026-02-11 00:20:47.484] [INFO] initHolmes: using direct endpoint endpoint=http://127.0.0.1:10251
[2026-02-11 00:20:47.484] [DEBUG] initHolmes: creating Holmes client
[2026-02-11 00:20:47.484] [INFO] initHolmes: Holmes client initialized successfully endpoint=http://127.0.0.1:10251
[2026-02-11 00:20:47.484] [INFO] AnalyzePod: starting namespace=default name=test-pod
[2026-02-11 00:20:47.484] [DEBUG] AnalyzePod: gathering pod context
[2026-02-11 00:20:47.484] [INFO] AnalyzePod: pod context gathered contextLen=117 elapsed=0s
[2026-02-11 00:20:47.484] [DEBUG] AnalyzePod: sending to Holmes questionLen=193
[2026-02-11 00:20:47.484] [INFO] AskHolmes: starting questionLen=193
[2026-02-11 00:20:47.484] [DEBUG] AskHolmes: calling client.Ask endpoint=http://127.0.0.1:10251
[2026-02-11 00:20:47.484] [INFO] Ask: starting request endpoint=http://127.0.0.1:10251 model= questionLen=193
[2026-02-11 00:20:47.484] [DEBUG] Ask: question preview preview=Analyze this Kubernetes pod and explain any issues:

Pod: default/test-pod

Pod: default/test-pod
Status: Running
Node: node-1

Containers:

Conditions:

Recent Logs (last 50 lines):
fake logs

[2026-02-11 00:20:47.484] [INFO] LLM request operation=Ask url=http://127.0.0.1:10251/api/chat model= stream=false questionLen=193 systemPromptLen=677 responseFormatLen=0
[2026-02-11 00:20:47.484] [DEBUG] LLM request payload operation=Ask questionPreview=Analyze this Kubernetes pod and explain any issues:

Pod: default/test-pod

Pod: default/test-pod
Status: Running
Node: node-1

Containers:

Conditions:

Recent Logs (last 50 lines):
fake logs
 systemPromptPreview=Always format output in markdown format. Assume users are using more recent product versions. Always work with the current state of the cluster and assume users want to know about it. Assume that users want to know about resources they are responsible for so always consider local information first. Provide answers as quickly as you can since users of this application often have to work under pressure. Think carefully so we can avoid multiple incorrect tool calls which takes even longer for the user to wait. Provide your reasoning. When suggesting terminal commands, use PowerShell syntax. Avoid... responseFormatPreview=
[2026-02-11 00:20:47.484] [DEBUG] Ask: request body marshaled bodyLen=934
[2026-02-11 00:20:47.484] [INFO] Ask: sending HTTP request url=http://127.0.0.1:10251/api/chat httpTimeout=5m0s overallDeadline=2026-02-11T00:26:47+01:00
[2026-02-11 00:20:47.484] [DEBUG] Ask: attempt attempt=1 elapsed=0s
[2026-02-11 00:20:47.484] [DEBUG] Ask: executing HTTP request
[2026-02-11 00:20:47.487] [DEBUG] Ask: decoding response body
[2026-02-11 00:20:47.487] [INFO] Ask: request completed successfully responseLen=2 totalDuration=2.9985ms
[2026-02-11 00:20:47.487] [DEBUG] LLM response preview operation=Ask responseLen=2 responsePreview=ok
[2026-02-11 00:20:47.487] [INFO] AskHolmes: completed successfully responseLen=2 totalDuration=2.9985ms
[2026-02-11 00:20:47.487] [INFO] AnalyzePod: completed responseLen=2 totalDuration=2.9985ms
--- PASS: TestAnalyzePod_WithFakeHolmes (0.01s)
=== RUN   TestAnalyzeDeployment_WithFakeHolmes
[2026-02-11 00:20:47.489] [INFO] initHolmes: starting initialization
[2026-02-11 00:20:47.489] [INFO] initHolmes: Holmes is configured endpoint=http://127.0.0.1:10253 enabled=true
[2026-02-11 00:20:47.489] [INFO] initHolmes: using direct endpoint endpoint=http://127.0.0.1:10253
[2026-02-11 00:20:47.489] [DEBUG] initHolmes: creating Holmes client
[2026-02-11 00:20:47.489] [INFO] initHolmes: Holmes client initialized successfully endpoint=http://127.0.0.1:10253
[2026-02-11 00:20:47.489] [INFO] AnalyzeDeployment: starting namespace=default name=deploy
[2026-02-11 00:20:47.489] [DEBUG] AnalyzeDeployment: gathering deployment context
[2026-02-11 00:20:47.489] [INFO] AnalyzeDeployment: deployment context gathered contextLen=126 elapsed=0s
[2026-02-11 00:20:47.489] [DEBUG] AnalyzeDeployment: sending to Holmes questionLen=214
[2026-02-11 00:20:47.489] [INFO] AskHolmes: starting questionLen=214
[2026-02-11 00:20:47.489] [DEBUG] AskHolmes: calling client.Ask endpoint=http://127.0.0.1:10253
[2026-02-11 00:20:47.489] [INFO] Ask: starting request endpoint=http://127.0.0.1:10253 model= questionLen=214
[2026-02-11 00:20:47.489] [DEBUG] Ask: question preview preview=Analyze this Kubernetes deployment and explain any issues:

Deployment: default/deploy

Deployment: default/deploy
Replicas: desired=1, ready=1, available=0
Strategy: RollingUpdate

Pods (1):
  deploy...
[2026-02-11 00:20:47.489] [INFO] LLM request operation=Ask url=http://127.0.0.1:10253/api/chat model= stream=false questionLen=214 systemPromptLen=677 responseFormatLen=0
[2026-02-11 00:20:47.489] [DEBUG] LLM request payload operation=Ask questionPreview=Analyze this Kubernetes deployment and explain any issues:

Deployment: default/deploy

Deployment: default/deploy
Replicas: desired=1, ready=1, available=0
Strategy: RollingUpdate

Pods (1):
  deploy-pod: Running
 systemPromptPreview=Always format output in markdown format. Assume users are using more recent product versions. Always work with the current state of the cluster and assume users want to know about it. Assume that users want to know about resources they are responsible for so always consider local information first. Provide answers as quickly as you can since users of this application often have to work under pressure. Think carefully so we can avoid multiple incorrect tool calls which takes even longer for the user to wait. Provide your reasoning. When suggesting terminal commands, use PowerShell syntax. Avoid... responseFormatPreview=
[2026-02-11 00:20:47.489] [DEBUG] Ask: request body marshaled bodyLen=951
[2026-02-11 00:20:47.489] [INFO] Ask: sending HTTP request url=http://127.0.0.1:10253/api/chat httpTimeout=5m0s overallDeadline=2026-02-11T00:26:47+01:00
[2026-02-11 00:20:47.489] [DEBUG] Ask: attempt attempt=1 elapsed=0s
[2026-02-11 00:20:47.489] [DEBUG] Ask: executing HTTP request
[2026-02-11 00:20:47.494] [DEBUG] Ask: decoding response body
[2026-02-11 00:20:47.494] [INFO] Ask: request completed successfully responseLen=13 totalDuration=5.0055ms
[2026-02-11 00:20:47.494] [DEBUG] LLM response preview operation=Ask responseLen=13 responsePreview=deployment ok
[2026-02-11 00:20:47.494] [INFO] AskHolmes: completed successfully responseLen=13 totalDuration=5.0055ms
[2026-02-11 00:20:47.494] [INFO] AnalyzeDeployment: completed responseLen=13 totalDuration=5.0055ms
--- PASS: TestAnalyzeDeployment_WithFakeHolmes (0.01s)
=== RUN   TestInitHolmes_SkipsWhenDisabled
[2026-02-11 00:20:47.495] [INFO] initHolmes: starting initialization
[2026-02-11 00:20:47.495] [INFO] initHolmes: Holmes not configured, skipping
--- PASS: TestInitHolmes_SkipsWhenDisabled (0.00s)
=== RUN   TestAnalyzeLogs_RequiresNamespaceAndPodName
--- PASS: TestAnalyzeLogs_RequiresNamespaceAndPodName (0.00s)
=== RUN   TestAnalyzeLogs_DefaultLines_Uses200
[2026-02-11 00:20:47.496] [INFO] initHolmes: starting initialization
[2026-02-11 00:20:47.496] [INFO] initHolmes: Holmes is configured endpoint=http://127.0.0.1:10255 enabled=true
[2026-02-11 00:20:47.496] [INFO] initHolmes: using direct endpoint endpoint=http://127.0.0.1:10255
[2026-02-11 00:20:47.496] [DEBUG] initHolmes: creating Holmes client
[2026-02-11 00:20:47.496] [INFO] initHolmes: Holmes client initialized successfully endpoint=http://127.0.0.1:10255
[2026-02-11 00:20:47.496] [INFO] AnalyzeLogs: starting namespace=default pod=pod-a container= lines=200
[2026-02-11 00:20:47.496] [INFO] AskHolmes: starting questionLen=162
[2026-02-11 00:20:47.496] [DEBUG] AskHolmes: calling client.Ask endpoint=http://127.0.0.1:10255
[2026-02-11 00:20:47.496] [INFO] Ask: starting request endpoint=http://127.0.0.1:10255 model= questionLen=162
[2026-02-11 00:20:47.496] [DEBUG] Ask: question preview preview=Analyze these logs from pod default/pod-a and identify any issues:

```
log line
```

What problems do you see? What could be causing them? How can they be fixed?
[2026-02-11 00:20:47.497] [INFO] LLM request operation=Ask url=http://127.0.0.1:10255/api/chat model= stream=false questionLen=162 systemPromptLen=677 responseFormatLen=0
[2026-02-11 00:20:47.497] [DEBUG] LLM request payload operation=Ask questionPreview=Analyze these logs from pod default/pod-a and identify any issues:

```
log line
```

What problems do you see? What could be causing them? How can they be fixed? systemPromptPreview=Always format output in markdown format. Assume users are using more recent product versions. Always work with the current state of the cluster and assume users want to know about it. Assume that users want to know about resources they are responsible for so always consider local information first. Provide answers as quickly as you can since users of this application often have to work under pressure. Think carefully so we can avoid multiple incorrect tool calls which takes even longer for the user to wait. Provide your reasoning. When suggesting terminal commands, use PowerShell syntax. Avoid... responseFormatPreview=
[2026-02-11 00:20:47.497] [DEBUG] Ask: request body marshaled bodyLen=895
[2026-02-11 00:20:47.497] [INFO] Ask: sending HTTP request url=http://127.0.0.1:10255/api/chat httpTimeout=5m0s overallDeadline=2026-02-11T00:26:47+01:00
[2026-02-11 00:20:47.497] [DEBUG] Ask: attempt attempt=1 elapsed=997.3┬Ás
[2026-02-11 00:20:47.497] [DEBUG] Ask: executing HTTP request
[2026-02-11 00:20:47.499] [DEBUG] Ask: decoding response body
[2026-02-11 00:20:47.499] [INFO] Ask: request completed successfully responseLen=2 totalDuration=2.9946ms
[2026-02-11 00:20:47.499] [DEBUG] LLM response preview operation=Ask responseLen=2 responsePreview=ok
[2026-02-11 00:20:47.499] [INFO] AskHolmes: completed successfully responseLen=2 totalDuration=2.9946ms
[2026-02-11 00:20:47.499] [INFO] AnalyzeLogs: completed responseLen=2 elapsed=2.9946ms
--- PASS: TestAnalyzeLogs_DefaultLines_Uses200 (0.01s)
=== RUN   TestDetectLogPatterns
--- PASS: TestDetectLogPatterns (0.00s)
=== RUN   TestDetectLogPatterns_EmptyInput
--- PASS: TestDetectLogPatterns_EmptyInput (0.00s)
=== RUN   TestAnalyzeLogs_WithPodLogs
[2026-02-11 00:20:47.503] [INFO] initHolmes: starting initialization
[2026-02-11 00:20:47.503] [INFO] initHolmes: Holmes is configured endpoint=http://127.0.0.1:10257 enabled=true
[2026-02-11 00:20:47.503] [INFO] initHolmes: using direct endpoint endpoint=http://127.0.0.1:10257
[2026-02-11 00:20:47.503] [DEBUG] initHolmes: creating Holmes client
[2026-02-11 00:20:47.503] [INFO] initHolmes: Holmes client initialized successfully endpoint=http://127.0.0.1:10257
[2026-02-11 00:20:47.503] [INFO] AnalyzeLogs: starting namespace=default pod=test-pod container= lines=50
[2026-02-11 00:20:47.503] [INFO] AskHolmes: starting questionLen=182
[2026-02-11 00:20:47.503] [DEBUG] AskHolmes: calling client.Ask endpoint=http://127.0.0.1:10257
[2026-02-11 00:20:47.503] [INFO] Ask: starting request endpoint=http://127.0.0.1:10257 model= questionLen=182
[2026-02-11 00:20:47.503] [DEBUG] Ask: question preview preview=Analyze these logs from pod default/test-pod and identify any issues:

```
error: connection refused
```

What problems do you see? What could be causing them? How can they be fixed?
[2026-02-11 00:20:47.503] [INFO] LLM request operation=Ask url=http://127.0.0.1:10257/api/chat model= stream=false questionLen=182 systemPromptLen=677 responseFormatLen=0
[2026-02-11 00:20:47.503] [DEBUG] LLM request payload operation=Ask questionPreview=Analyze these logs from pod default/test-pod and identify any issues:

```
error: connection refused
```

What problems do you see? What could be causing them? How can they be fixed? systemPromptPreview=Always format output in markdown format. Assume users are using more recent product versions. Always work with the current state of the cluster and assume users want to know about it. Assume that users want to know about resources they are responsible for so always consider local information first. Provide answers as quickly as you can since users of this application often have to work under pressure. Think carefully so we can avoid multiple incorrect tool calls which takes even longer for the user to wait. Provide your reasoning. When suggesting terminal commands, use PowerShell syntax. Avoid... responseFormatPreview=
[2026-02-11 00:20:47.503] [DEBUG] Ask: request body marshaled bodyLen=915
[2026-02-11 00:20:47.503] [INFO] Ask: sending HTTP request url=http://127.0.0.1:10257/api/chat httpTimeout=5m0s overallDeadline=2026-02-11T00:26:47+01:00
[2026-02-11 00:20:47.503] [DEBUG] Ask: attempt attempt=1 elapsed=0s
[2026-02-11 00:20:47.503] [DEBUG] Ask: executing HTTP request
[2026-02-11 00:20:47.505] [DEBUG] Ask: decoding response body
[2026-02-11 00:20:47.505] [INFO] Ask: request completed successfully responseLen=19 totalDuration=1.6826ms
[2026-02-11 00:20:47.505] [DEBUG] LLM response preview operation=Ask responseLen=19 responsePreview=Found error in logs
[2026-02-11 00:20:47.505] [INFO] AskHolmes: completed successfully responseLen=19 totalDuration=1.6826ms
[2026-02-11 00:20:47.505] [INFO] AnalyzeLogs: completed responseLen=19 elapsed=1.6826ms
--- PASS: TestAnalyzeLogs_WithPodLogs (0.00s)
=== RUN   TestAnalyzeLogs_LogFetchError
[2026-02-11 00:20:47.505] [INFO] AnalyzeLogs: starting namespace=default pod=test-pod container= lines=50
[2026-02-11 00:20:47.505] [ERROR] AnalyzeLogs: failed to get logs error=log read failed elapsed=0s
--- PASS: TestAnalyzeLogs_LogFetchError (0.00s)
=== RUN   TestAnalyzeSwarmServiceAndTask
[2026-02-11 00:20:47.507] [INFO] initHolmes: starting initialization
[2026-02-11 00:20:47.507] [INFO] initHolmes: Holmes is configured endpoint=http://127.0.0.1:10260 enabled=true
[2026-02-11 00:20:47.507] [INFO] initHolmes: using direct endpoint endpoint=http://127.0.0.1:10260
[2026-02-11 00:20:47.507] [DEBUG] initHolmes: creating Holmes client
[2026-02-11 00:20:47.507] [INFO] initHolmes: Holmes client initialized successfully endpoint=http://127.0.0.1:10260
[2026-02-11 00:20:47.507] [INFO] AnalyzeSwarmService: starting serviceID=svc123
[2026-02-11 00:20:47.512] [INFO] AskHolmes: starting questionLen=227
[2026-02-11 00:20:47.512] [DEBUG] AskHolmes: calling client.Ask endpoint=http://127.0.0.1:10260
[2026-02-11 00:20:47.512] [INFO] Ask: starting request endpoint=http://127.0.0.1:10260 model= questionLen=227
[2026-02-11 00:20:47.512] [DEBUG] Ask: question preview preview=Analyze this Docker Swarm service and explain any issues:

Service ID: svc123

Service: demo-service
Replicas: 2
Image: nginx:alpine

Tasks (1):
  - task123: failed
    Error: boom

Recent Logs (last ...
[2026-02-11 00:20:47.512] [INFO] LLM request operation=Ask url=http://127.0.0.1:10260/api/chat model= stream=false questionLen=227 systemPromptLen=677 responseFormatLen=0
[2026-02-11 00:20:47.512] [DEBUG] LLM request payload operation=Ask questionPreview=Analyze this Docker Swarm service and explain any issues:

Service ID: svc123

Service: demo-service
Replicas: 2
Image: nginx:alpine

Tasks (1):
  - task123: failed
    Error: boom

Recent Logs (last 50 lines):
service log line systemPromptPreview=Always format output in markdown format. Assume users are using more recent product versions. Always work with the current state of the cluster and assume users want to know about it. Assume that users want to know about resources they are responsible for so always consider local information first. Provide answers as quickly as you can since users of this application often have to work under pressure. Think carefully so we can avoid multiple incorrect tool calls which takes even longer for the user to wait. Provide your reasoning. When suggesting terminal commands, use PowerShell syntax. Avoid... responseFormatPreview=
[2026-02-11 00:20:47.512] [DEBUG] Ask: request body marshaled bodyLen=967
[2026-02-11 00:20:47.512] [INFO] Ask: sending HTTP request url=http://127.0.0.1:10260/api/chat httpTimeout=5m0s overallDeadline=2026-02-11T00:26:47+01:00
[2026-02-11 00:20:47.512] [DEBUG] Ask: attempt attempt=1 elapsed=0s
[2026-02-11 00:20:47.512] [DEBUG] Ask: executing HTTP request
[2026-02-11 00:20:47.514] [DEBUG] Ask: decoding response body
[2026-02-11 00:20:47.514] [INFO] Ask: request completed successfully responseLen=14 totalDuration=1.9992ms
[2026-02-11 00:20:47.514] [DEBUG] LLM response preview operation=Ask responseLen=14 responsePreview=swarm analysis
[2026-02-11 00:20:47.514] [INFO] AskHolmes: completed successfully responseLen=14 totalDuration=1.9992ms
[2026-02-11 00:20:47.514] [INFO] AnalyzeSwarmService: completed responseLen=14 elapsed=6.5164ms
[2026-02-11 00:20:47.514] [INFO] AnalyzeSwarmTask: starting taskID=task123
[2026-02-11 00:20:47.515] [INFO] AskHolmes: starting questionLen=227
[2026-02-11 00:20:47.515] [DEBUG] AskHolmes: calling client.Ask endpoint=http://127.0.0.1:10260
[2026-02-11 00:20:47.515] [INFO] Ask: starting request endpoint=http://127.0.0.1:10260 model= questionLen=227
[2026-02-11 00:20:47.515] [DEBUG] Ask: question preview preview=Analyze this Docker Swarm task and explain any issues:

Task ID: task123

Task: task123
Service: svc123
Node: node123
State: failed
Error: boom
Container ID: cont123
Exit Code: 1

Recent Logs (last 50...
[2026-02-11 00:20:47.515] [INFO] LLM request operation=Ask url=http://127.0.0.1:10260/api/chat model= stream=false questionLen=227 systemPromptLen=677 responseFormatLen=0
[2026-02-11 00:20:47.515] [DEBUG] LLM request payload operation=Ask questionPreview=Analyze this Docker Swarm task and explain any issues:

Task ID: task123

Task: task123
Service: svc123
Node: node123
State: failed
Error: boom
Container ID: cont123
Exit Code: 1

Recent Logs (last 50 lines):
container log line systemPromptPreview=Always format output in markdown format. Assume users are using more recent product versions. Always work with the current state of the cluster and assume users want to know about it. Assume that users want to know about resources they are responsible for so always consider local information first. Provide answers as quickly as you can since users of this application often have to work under pressure. Think carefully so we can avoid multiple incorrect tool calls which takes even longer for the user to wait. Provide your reasoning. When suggesting terminal commands, use PowerShell syntax. Avoid... responseFormatPreview=
[2026-02-11 00:20:47.515] [DEBUG] Ask: request body marshaled bodyLen=967
[2026-02-11 00:20:47.516] [INFO] Ask: sending HTTP request url=http://127.0.0.1:10260/api/chat httpTimeout=5m0s overallDeadline=2026-02-11T00:26:47+01:00
[2026-02-11 00:20:47.516] [DEBUG] Ask: attempt attempt=1 elapsed=999.9┬Ás
[2026-02-11 00:20:47.516] [DEBUG] Ask: executing HTTP request
[2026-02-11 00:20:47.518] [DEBUG] Ask: decoding response body
[2026-02-11 00:20:47.518] [INFO] Ask: request completed successfully responseLen=14 totalDuration=3.5804ms
[2026-02-11 00:20:47.518] [DEBUG] LLM response preview operation=Ask responseLen=14 responsePreview=swarm analysis
[2026-02-11 00:20:47.518] [INFO] AskHolmes: completed successfully responseLen=14 totalDuration=3.5804ms
[2026-02-11 00:20:47.518] [INFO] AnalyzeSwarmTask: completed responseLen=14 elapsed=4.5839ms
--- PASS: TestAnalyzeSwarmServiceAndTask (0.01s)
=== RUN   TestSelectHookScript_UsesE2EOverride
--- PASS: TestSelectHookScript_UsesE2EOverride (0.03s)
=== RUN   TestHook_ExecutesScript
--- PASS: TestHook_ExecutesScript (0.12s)
=== RUN   TestEmitHookEvents_NoPanic
--- PASS: TestEmitHookEvents_NoPanic (0.00s)
=== RUN   TestRunPreConnectHooks_Success
--- PASS: TestRunPreConnectHooks_Success (0.20s)
=== RUN   TestRunPreConnectHooks_AbortOnFailure
--- PASS: TestRunPreConnectHooks_AbortOnFailure (0.32s)
=== RUN   TestRunPostConnectHooksAsync_Executes
--- PASS: TestRunPostConnectHooksAsync_Executes (0.22s)
=== RUN   TestHookConfig_JSONRoundTrip
--- PASS: TestHookConfig_JSONRoundTrip (0.00s)
=== RUN   TestExecuteHook_SuccessAndEnv
--- PASS: TestExecuteHook_SuccessAndEnv (0.30s)
=== RUN   TestExecuteHook_Timeout
--- PASS: TestExecuteHook_Timeout (5.88s)
=== RUN   TestExecuteHook_NotFound
--- PASS: TestExecuteHook_NotFound (0.05s)
=== RUN   TestExecuteHook_NonZeroExit
--- PASS: TestExecuteHook_NonZeroExit (0.93s)
=== RUN   TestHooksConfig_CRUD
--- PASS: TestHooksConfig_CRUD (0.32s)
=== RUN   TestBuildHookCommand_Unix
    hooks_test.go:191: Unix-specific test
--- SKIP: TestBuildHookCommand_Unix (0.00s)
=== RUN   TestBuildHookCommand_Windows
=== RUN   TestBuildHookCommand_Windows/batch_file
=== RUN   TestBuildHookCommand_Windows/cmd_file
=== RUN   TestBuildHookCommand_Windows/powershell_script
=== RUN   TestBuildHookCommand_Windows/executable
--- PASS: TestBuildHookCommand_Windows (0.04s)
    --- PASS: TestBuildHookCommand_Windows/batch_file (0.01s)
    --- PASS: TestBuildHookCommand_Windows/cmd_file (0.01s)
    --- PASS: TestBuildHookCommand_Windows/powershell_script (0.02s)
    --- PASS: TestBuildHookCommand_Windows/executable (0.00s)
=== RUN   TestMergeEnv
=== RUN   TestMergeEnv/empty_overrides
=== RUN   TestMergeEnv/add_new_variable
=== RUN   TestMergeEnv/override_existing_variable
=== RUN   TestMergeEnv/multiple_overrides
=== RUN   TestMergeEnv/empty_base
--- PASS: TestMergeEnv (0.00s)
    --- PASS: TestMergeEnv/empty_overrides (0.00s)
    --- PASS: TestMergeEnv/add_new_variable (0.00s)
    --- PASS: TestMergeEnv/override_existing_variable (0.00s)
    --- PASS: TestMergeEnv/multiple_overrides (0.00s)
    --- PASS: TestMergeEnv/empty_base (0.00s)
=== RUN   TestGetApplicableHooks
=== RUN   TestGetApplicableHooks/pre-connect_kubernetes_global
=== RUN   TestGetApplicableHooks/pre-connect_kubernetes_with_matching_connection
=== RUN   TestGetApplicableHooks/post-connect_kubernetes
=== RUN   TestGetApplicableHooks/pre-connect_swarm
=== RUN   TestGetApplicableHooks/wrong_type
--- PASS: TestGetApplicableHooks (0.14s)
    --- PASS: TestGetApplicableHooks/pre-connect_kubernetes_global (0.02s)
    --- PASS: TestGetApplicableHooks/pre-connect_kubernetes_with_matching_connection (0.00s)
    --- PASS: TestGetApplicableHooks/post-connect_kubernetes (0.00s)
    --- PASS: TestGetApplicableHooks/pre-connect_swarm (0.00s)
    --- PASS: TestGetApplicableHooks/wrong_type (0.00s)
=== RUN   TestDeleteHook_EmptyID
--- PASS: TestDeleteHook_EmptyID (0.00s)
=== RUN   TestGetIngressTLSSummary_ReturnsCertInfo
--- PASS: TestGetIngressTLSSummary_ReturnsCertInfo (0.12s)
=== RUN   TestGetIngressTLSSummary_EmptyNamespace
--- PASS: TestGetIngressTLSSummary_EmptyNamespace (0.00s)
=== RUN   TestGetIngressTLSSummary_EmptyIngressName
--- PASS: TestGetIngressTLSSummary_EmptyIngressName (0.00s)
=== RUN   TestGetIngressTLSSummary_IngressNotFound
--- PASS: TestGetIngressTLSSummary_IngressNotFound (0.00s)
=== RUN   TestGetIngressTLSSummary_NoSecretName
--- PASS: TestGetIngressTLSSummary_NoSecretName (0.00s)
=== RUN   TestGetIngressTLSSummary_SecretNotFound
--- PASS: TestGetIngressTLSSummary_SecretNotFound (0.00s)
=== RUN   TestGetIngressTLSSummary_MissingTLSCrt
--- PASS: TestGetIngressTLSSummary_MissingTLSCrt (0.00s)
=== RUN   TestGetIngressTLSSummary_NoTLS
--- PASS: TestGetIngressTLSSummary_NoTLS (0.00s)
=== RUN   TestGetIngresses
=== RUN   TestGetIngresses/empty_namespace
=== RUN   TestGetIngresses/single_ingress
=== RUN   TestGetIngresses/multiple_ingresses
=== RUN   TestGetIngresses/ingresses_in_different_namespaces
--- PASS: TestGetIngresses (0.00s)
    --- PASS: TestGetIngresses/empty_namespace (0.00s)
    --- PASS: TestGetIngresses/single_ingress (0.00s)
    --- PASS: TestGetIngresses/multiple_ingresses (0.00s)
    --- PASS: TestGetIngresses/ingresses_in_different_namespaces (0.00s)
=== RUN   TestGetIngresses_Details
--- PASS: TestGetIngresses_Details (0.00s)
=== RUN   TestGetIngresses_IngressClassAnnotation
--- PASS: TestGetIngresses_IngressClassAnnotation (0.00s)
=== RUN   TestGetIngresses_MultipleHosts
--- PASS: TestGetIngresses_MultipleHosts (0.00s)
=== RUN   TestClientAdapterBatchV1
--- PASS: TestClientAdapterBatchV1 (0.00s)
=== RUN   TestBatchV1AdapterJobs
--- PASS: TestBatchV1AdapterJobs (0.00s)
=== RUN   TestBatchV1AdapterCronJobs
--- PASS: TestBatchV1AdapterCronJobs (0.00s)
=== RUN   TestJobInterfaceAdapter
--- PASS: TestJobInterfaceAdapter (0.00s)
=== RUN   TestCronJobInterfaceAdapter
--- PASS: TestCronJobInterfaceAdapter (0.04s)
=== RUN   TestAppGetJobs_UsesTestClientset
--- PASS: TestAppGetJobs_UsesTestClientset (0.00s)
=== RUN   TestAppGetJobs_ListError
--- PASS: TestAppGetJobs_ListError (0.00s)
=== RUN   TestAppGetJobs_NoKubeContext
--- PASS: TestAppGetJobs_NoKubeContext (0.00s)
=== RUN   TestGetPodLogsPrevious_Success
=== RUN   TestGetPodLogsPrevious_Success/with_tail_lines_and_container_name
=== RUN   TestGetPodLogsPrevious_Success/without_tail_lines
=== RUN   TestGetPodLogsPrevious_Success/without_container_name
=== RUN   TestGetPodLogsPrevious_Success/different_namespace
--- PASS: TestGetPodLogsPrevious_Success (0.00s)
    --- PASS: TestGetPodLogsPrevious_Success/with_tail_lines_and_container_name (0.00s)
    --- PASS: TestGetPodLogsPrevious_Success/without_tail_lines (0.00s)
    --- PASS: TestGetPodLogsPrevious_Success/without_container_name (0.00s)
    --- PASS: TestGetPodLogsPrevious_Success/different_namespace (0.00s)
=== RUN   TestGetPodLogsPrevious_NoClient
--- PASS: TestGetPodLogsPrevious_NoClient (0.00s)
=== RUN   TestGetPodLogsPrevious_NilContext
--- PASS: TestGetPodLogsPrevious_NilContext (0.00s)
=== RUN   TestTopPods_NoClient
--- PASS: TestTopPods_NoClient (0.00s)
=== RUN   TestTopPods_EmptyNamespace
--- PASS: TestTopPods_EmptyNamespace (0.00s)
=== RUN   TestTopPods_AllNamespaces
--- PASS: TestTopPods_AllNamespaces (0.00s)
=== RUN   TestTopNodes_NoClient
--- PASS: TestTopNodes_NoClient (0.00s)
=== RUN   TestTopNodes_NilContext
--- PASS: TestTopNodes_NilContext (0.00s)
=== RUN   TestGetRolloutStatus_Deployment_Complete
--- PASS: TestGetRolloutStatus_Deployment_Complete (0.00s)
=== RUN   TestGetRolloutStatus_Deployment_InProgress_ObservedGeneration
--- PASS: TestGetRolloutStatus_Deployment_InProgress_ObservedGeneration (0.00s)
=== RUN   TestGetRolloutStatus_Deployment_InProgress_UpdatedReplicas
--- PASS: TestGetRolloutStatus_Deployment_InProgress_UpdatedReplicas (0.00s)
=== RUN   TestGetRolloutStatus_Deployment_InProgress_OldReplicas
--- PASS: TestGetRolloutStatus_Deployment_InProgress_OldReplicas (0.00s)
=== RUN   TestGetRolloutStatus_Deployment_InProgress_AvailableReplicas
--- PASS: TestGetRolloutStatus_Deployment_InProgress_AvailableReplicas (0.00s)
=== RUN   TestGetRolloutStatus_Deployment_Failed
--- PASS: TestGetRolloutStatus_Deployment_Failed (0.00s)
=== RUN   TestGetRolloutStatus_StatefulSet_Complete
--- PASS: TestGetRolloutStatus_StatefulSet_Complete (0.00s)
=== RUN   TestGetRolloutStatus_StatefulSet_InProgress
--- PASS: TestGetRolloutStatus_StatefulSet_InProgress (0.00s)
=== RUN   TestGetRolloutStatus_DaemonSet_Complete
--- PASS: TestGetRolloutStatus_DaemonSet_Complete (0.00s)
=== RUN   TestGetRolloutStatus_DaemonSet_InProgress
--- PASS: TestGetRolloutStatus_DaemonSet_InProgress (0.00s)
=== RUN   TestGetRolloutStatus_InvalidKind
--- PASS: TestGetRolloutStatus_InvalidKind (0.00s)
=== RUN   TestGetRolloutStatus_ResourceNotFound
--- PASS: TestGetRolloutStatus_ResourceNotFound (0.00s)
=== RUN   TestGetRolloutStatus_NoClient
--- PASS: TestGetRolloutStatus_NoClient (0.00s)
=== RUN   TestGetRolloutHistory_Deployment_WithReplicaSets
--- PASS: TestGetRolloutHistory_Deployment_WithReplicaSets (0.00s)
=== RUN   TestGetRolloutHistory_StatefulSet_WithControllerRevisions
--- PASS: TestGetRolloutHistory_StatefulSet_WithControllerRevisions (0.00s)
=== RUN   TestGetRolloutHistory_DaemonSet_WithControllerRevisions
--- PASS: TestGetRolloutHistory_DaemonSet_WithControllerRevisions (0.00s)
=== RUN   TestGetRolloutHistory_EmptyHistory
--- PASS: TestGetRolloutHistory_EmptyHistory (0.00s)
=== RUN   TestGetRolloutHistory_InvalidKind
--- PASS: TestGetRolloutHistory_InvalidKind (0.00s)
=== RUN   TestGetRolloutHistory_ResourceNotFound
--- PASS: TestGetRolloutHistory_ResourceNotFound (0.00s)
=== RUN   TestGetRolloutHistory_NoClient
--- PASS: TestGetRolloutHistory_NoClient (0.00s)
=== RUN   TestFormatCPU
=== RUN   TestFormatCPU/zero_CPU
=== RUN   TestFormatCPU/small_milli_CPU
=== RUN   TestFormatCPU/999_milli_CPU
=== RUN   TestFormatCPU/1_CPU
=== RUN   TestFormatCPU/1.5_CPUs
=== RUN   TestFormatCPU/multiple_CPUs
--- PASS: TestFormatCPU (0.00s)
    --- PASS: TestFormatCPU/zero_CPU (0.00s)
    --- PASS: TestFormatCPU/small_milli_CPU (0.00s)
    --- PASS: TestFormatCPU/999_milli_CPU (0.00s)
    --- PASS: TestFormatCPU/1_CPU (0.00s)
    --- PASS: TestFormatCPU/1.5_CPUs (0.00s)
    --- PASS: TestFormatCPU/multiple_CPUs (0.00s)
=== RUN   TestFormatMemory
=== RUN   TestFormatMemory/zero_bytes
=== RUN   TestFormatMemory/small_bytes
=== RUN   TestFormatMemory/1_KB
=== RUN   TestFormatMemory/multiple_KB
=== RUN   TestFormatMemory/1_MB
=== RUN   TestFormatMemory/multiple_MB
=== RUN   TestFormatMemory/1_GB
=== RUN   TestFormatMemory/1.5_GB
=== RUN   TestFormatMemory/multiple_GB
--- PASS: TestFormatMemory (0.00s)
    --- PASS: TestFormatMemory/zero_bytes (0.00s)
    --- PASS: TestFormatMemory/small_bytes (0.00s)
    --- PASS: TestFormatMemory/1_KB (0.00s)
    --- PASS: TestFormatMemory/multiple_KB (0.00s)
    --- PASS: TestFormatMemory/1_MB (0.00s)
    --- PASS: TestFormatMemory/multiple_MB (0.00s)
    --- PASS: TestFormatMemory/1_GB (0.00s)
    --- PASS: TestFormatMemory/1.5_GB (0.00s)
    --- PASS: TestFormatMemory/multiple_GB (0.00s)
=== RUN   TestIsOwnedByUID
=== RUN   TestIsOwnedByUID/owned_by_UID
=== RUN   TestIsOwnedByUID/not_owned_by_UID
=== RUN   TestIsOwnedByUID/no_owner_references
=== RUN   TestIsOwnedByUID/multiple_owners_including_target
--- PASS: TestIsOwnedByUID (0.00s)
    --- PASS: TestIsOwnedByUID/owned_by_UID (0.00s)
    --- PASS: TestIsOwnedByUID/not_owned_by_UID (0.00s)
    --- PASS: TestIsOwnedByUID/no_owner_references (0.00s)
    --- PASS: TestIsOwnedByUID/multiple_owners_including_target (0.00s)
=== RUN   TestGetRevisionNumber
=== RUN   TestGetRevisionNumber/valid_revision
=== RUN   TestGetRevisionNumber/no_revision_annotation
=== RUN   TestGetRevisionNumber/invalid_revision_format
=== RUN   TestGetRevisionNumber/nil_annotations
--- PASS: TestGetRevisionNumber (0.00s)
    --- PASS: TestGetRevisionNumber/valid_revision (0.00s)
    --- PASS: TestGetRevisionNumber/no_revision_annotation (0.00s)
    --- PASS: TestGetRevisionNumber/invalid_revision_format (0.00s)
    --- PASS: TestGetRevisionNumber/nil_annotations (0.00s)
=== RUN   TestPodMetrics_Structure
--- PASS: TestPodMetrics_Structure (0.00s)
=== RUN   TestNodeMetrics_Structure
--- PASS: TestNodeMetrics_Structure (0.00s)
=== RUN   TestRolloutStatus_Structure
--- PASS: TestRolloutStatus_Structure (0.00s)
=== RUN   TestRolloutHistory_Structure
--- PASS: TestRolloutHistory_Structure (0.00s)
=== RUN   TestIsCertError_Nil
--- PASS: TestIsCertError_Nil (0.00s)
=== RUN   TestIsCertError_X509Error
=== RUN   TestIsCertError_X509Error/x509_error
=== RUN   TestIsCertError_X509Error/x509_expired
=== RUN   TestIsCertError_X509Error/x509_invalid
--- PASS: TestIsCertError_X509Error (0.00s)
    --- PASS: TestIsCertError_X509Error/x509_error (0.00s)
    --- PASS: TestIsCertError_X509Error/x509_expired (0.00s)
    --- PASS: TestIsCertError_X509Error/x509_invalid (0.00s)
=== RUN   TestIsCertError_CertificateKeyword
=== RUN   TestIsCertError_CertificateKeyword/certificate_in_message
=== RUN   TestIsCertError_CertificateKeyword/Certificate_uppercase
=== RUN   TestIsCertError_CertificateKeyword/CERTIFICATE_uppercase
--- PASS: TestIsCertError_CertificateKeyword (0.00s)
    --- PASS: TestIsCertError_CertificateKeyword/certificate_in_message (0.00s)
    --- PASS: TestIsCertError_CertificateKeyword/Certificate_uppercase (0.00s)
    --- PASS: TestIsCertError_CertificateKeyword/CERTIFICATE_uppercase (0.00s)
=== RUN   TestIsCertError_UnknownAuthority
=== RUN   TestIsCertError_UnknownAuthority/unknown_authority
=== RUN   TestIsCertError_UnknownAuthority/unknown_CA
--- PASS: TestIsCertError_UnknownAuthority (0.00s)
    --- PASS: TestIsCertError_UnknownAuthority/unknown_authority (0.00s)
    --- PASS: TestIsCertError_UnknownAuthority/unknown_CA (0.00s)
=== RUN   TestIsCertError_NonCertErrors
=== RUN   TestIsCertError_NonCertErrors/connection_refused
=== RUN   TestIsCertError_NonCertErrors/timeout
=== RUN   TestIsCertError_NonCertErrors/not_found
=== RUN   TestIsCertError_NonCertErrors/unauthorized
=== RUN   TestIsCertError_NonCertErrors/forbidden
--- PASS: TestIsCertError_NonCertErrors (0.00s)
    --- PASS: TestIsCertError_NonCertErrors/connection_refused (0.00s)
    --- PASS: TestIsCertError_NonCertErrors/timeout (0.00s)
    --- PASS: TestIsCertError_NonCertErrors/not_found (0.00s)
    --- PASS: TestIsCertError_NonCertErrors/unauthorized (0.00s)
    --- PASS: TestIsCertError_NonCertErrors/forbidden (0.00s)
=== RUN   TestGetContextsFromFile_ValidKubeconfig
--- PASS: TestGetContextsFromFile_ValidKubeconfig (0.01s)
=== RUN   TestGetContextsFromFile_MinimalKubeconfig
--- PASS: TestGetContextsFromFile_MinimalKubeconfig (0.02s)
=== RUN   TestGetContextsFromFile_InvalidYAML
--- PASS: TestGetContextsFromFile_InvalidYAML (0.03s)
=== RUN   TestGetContextsFromFile_NonExistentFile
--- PASS: TestGetContextsFromFile_NonExistentFile (0.00s)
=== RUN   TestGetContextsFromFile_EmptyContexts
--- PASS: TestGetContextsFromFile_EmptyContexts (0.01s)
=== RUN   TestSaveCustomKubeConfig_ValidContent
--- PASS: TestSaveCustomKubeConfig_ValidContent (0.01s)
=== RUN   TestSaveCustomKubeConfig_InvalidContent
--- PASS: TestSaveCustomKubeConfig_InvalidContent (0.00s)
=== RUN   TestSaveCustomKubeConfig_NameSanitization
--- PASS: TestSaveCustomKubeConfig_NameSanitization (0.01s)
=== RUN   TestSavePrimaryKubeConfig_ValidContent
--- PASS: TestSavePrimaryKubeConfig_ValidContent (0.01s)
=== RUN   TestSavePrimaryKubeConfig_InvalidContent
--- PASS: TestSavePrimaryKubeConfig_InvalidContent (0.00s)
=== RUN   TestGetKubeConfigs_EmptyDirectory
--- PASS: TestGetKubeConfigs_EmptyDirectory (0.00s)
=== RUN   TestGetKubeConfigs_WithConfigs
--- PASS: TestGetKubeConfigs_WithConfigs (0.02s)
=== RUN   TestGetKubeConfigs_IgnoresInvalidFiles
--- PASS: TestGetKubeConfigs_IgnoresInvalidFiles (0.02s)
=== RUN   TestKubeConfigInfo_Struct
--- PASS: TestKubeConfigInfo_Struct (0.00s)
=== RUN   TestGetKubeContexts
--- PASS: TestGetKubeContexts (0.01s)
=== RUN   TestGetKubeContexts_NonExistentFile
--- PASS: TestGetKubeContexts_NonExistentFile (0.00s)
=== RUN   TestGetKubeContextsFromFile
--- PASS: TestGetKubeContextsFromFile (0.01s)
=== RUN   TestGetKubeContextsFromFile_NonExistentFile
--- PASS: TestGetKubeContextsFromFile_NonExistentFile (0.00s)
=== RUN   TestStopPodLogs_NoPreviousStream
--- PASS: TestStopPodLogs_NoPreviousStream (0.00s)
=== RUN   TestLogCancelsMap_ConcurrentAccess
--- PASS: TestLogCancelsMap_ConcurrentAccess (0.00s)
=== RUN   TestLogCancelsMap_AddAndRemove
--- PASS: TestLogCancelsMap_AddAndRemove (0.00s)
=== RUN   TestLogCancelsMap_MultiplePodsSerial
--- PASS: TestLogCancelsMap_MultiplePodsSerial (0.00s)
=== RUN   TestLogCancelsMap_ReplaceExisting
--- PASS: TestLogCancelsMap_ReplaceExisting (0.00s)
=== RUN   TestLogCancelsMap_EmptyMap
--- PASS: TestLogCancelsMap_EmptyMap (0.00s)
=== RUN   TestMCPAdapter_GetPodLogsPrevious_ErrorNoClient
--- PASS: TestMCPAdapter_GetPodLogsPrevious_ErrorNoClient (0.00s)
=== RUN   TestMCPAdapter_TopPods_ErrorNoClient
--- PASS: TestMCPAdapter_TopPods_ErrorNoClient (0.00s)
=== RUN   TestMCPAdapter_TopNodes_ErrorNoClient
--- PASS: TestMCPAdapter_TopNodes_ErrorNoClient (0.00s)
=== RUN   TestMCPAdapter_GetRolloutStatus_InvalidKindPropagation
--- PASS: TestMCPAdapter_GetRolloutStatus_InvalidKindPropagation (0.00s)
=== RUN   TestMCPAdapter_GetRolloutHistory_InvalidKindPropagation
--- PASS: TestMCPAdapter_GetRolloutHistory_InvalidKindPropagation (0.00s)
=== RUN   TestMCPAdapter_Getters_Basic
[DEBUG] GetConnectionStatus called: isInsecure=false, connected=true, proxyEnabled=false
--- PASS: TestMCPAdapter_Getters_Basic (0.00s)
=== RUN   TestMCPAdapter_PreferredNamespaces_IsCopy
--- PASS: TestMCPAdapter_PreferredNamespaces_IsCopy (0.00s)
=== RUN   TestMCPAdapter_ResourceLists_Passthrough
=== RUN   TestMCPAdapter_ResourceLists_Passthrough/pods
=== RUN   TestMCPAdapter_ResourceLists_Passthrough/deployments
=== RUN   TestMCPAdapter_ResourceLists_Passthrough/statefulsets
=== RUN   TestMCPAdapter_ResourceLists_Passthrough/daemonsets
=== RUN   TestMCPAdapter_ResourceLists_Passthrough/configmaps
=== RUN   TestMCPAdapter_ResourceLists_Passthrough/secrets
--- PASS: TestMCPAdapter_ResourceLists_Passthrough (0.00s)
    --- PASS: TestMCPAdapter_ResourceLists_Passthrough/pods (0.00s)
    --- PASS: TestMCPAdapter_ResourceLists_Passthrough/deployments (0.00s)
    --- PASS: TestMCPAdapter_ResourceLists_Passthrough/statefulsets (0.00s)
    --- PASS: TestMCPAdapter_ResourceLists_Passthrough/daemonsets (0.00s)
    --- PASS: TestMCPAdapter_ResourceLists_Passthrough/configmaps (0.00s)
    --- PASS: TestMCPAdapter_ResourceLists_Passthrough/secrets (0.00s)
=== RUN   TestMCPAdapter_ResourceLists_ErrorPropagation
--- PASS: TestMCPAdapter_ResourceLists_ErrorPropagation (0.00s)
=== RUN   TestMCPAdapter_GetJobs_ErrorWithoutContext
--- PASS: TestMCPAdapter_GetJobs_ErrorWithoutContext (0.00s)
=== RUN   TestMCPAdapter_GetPodDetail_UsesCurrentNamespace
--- PASS: TestMCPAdapter_GetPodDetail_UsesCurrentNamespace (0.00s)
=== RUN   TestMCPAdapter_GetResourceYAML_ConfigMap
--- PASS: TestMCPAdapter_GetResourceYAML_ConfigMap (0.00s)
=== RUN   TestMCPAdapter_GetPodLogs_UsesTestFetcher
--- PASS: TestMCPAdapter_GetPodLogs_UsesTestFetcher (0.00s)
=== RUN   TestGenerateIssueID_Stable
--- PASS: TestGenerateIssueID_Stable (0.00s)
=== RUN   TestPersistedIssues_SaveLoad
--- PASS: TestPersistedIssues_SaveLoad (0.03s)
=== RUN   TestCleanupExpiredIssues_RemovesDismissed
--- PASS: TestCleanupExpiredIssues_RemovesDismissed (0.00s)
=== RUN   TestScanClusterHealth_NodeNotReady
--- PASS: TestScanClusterHealth_NodeNotReady (0.00s)
=== RUN   TestAnalyzeMonitorIssue_PersistsAnalysis
[2026-02-11 00:20:56.422] [INFO] initHolmes: starting initialization
[2026-02-11 00:20:56.423] [INFO] initHolmes: Holmes is configured endpoint=http://127.0.0.1:10269 enabled=true
[2026-02-11 00:20:56.423] [INFO] initHolmes: using direct endpoint endpoint=http://127.0.0.1:10269
[2026-02-11 00:20:56.423] [DEBUG] initHolmes: creating Holmes client
[2026-02-11 00:20:56.423] [INFO] initHolmes: Holmes client initialized successfully endpoint=http://127.0.0.1:10269
[2026-02-11 00:20:56.423] [INFO] AskHolmes: starting questionLen=418
[2026-02-11 00:20:56.423] [DEBUG] AskHolmes: calling client.Ask endpoint=http://127.0.0.1:10269
[2026-02-11 00:20:56.423] [INFO] Ask: starting request endpoint=http://127.0.0.1:10269 model= questionLen=418
[2026-02-11 00:20:56.423] [DEBUG] Ask: question preview preview=Analyze this monitoring issue and provide likely cause, impact, and remediation steps.

Issue:
Resource: Pod
Namespace: default
Name: crash-pod
Reason: CrashLoopBackOff
Message: Crash
Container: conta...
[2026-02-11 00:20:56.423] [INFO] LLM request operation=Ask url=http://127.0.0.1:10269/api/chat model= stream=false questionLen=418 systemPromptLen=677 responseFormatLen=0
[2026-02-11 00:20:56.423] [DEBUG] LLM request payload operation=Ask questionPreview=Analyze this monitoring issue and provide likely cause, impact, and remediation steps.

Issue:
Resource: Pod
Namespace: default
Name: crash-pod
Reason: CrashLoopBackOff
Message: Crash
Container: container
Restarts: 0

Context:
Pod: default/crash-pod
Status: Running
Node: 

Containers:
  container: Ready=false, RestartCount=0
    Waiting: CrashLoopBackOff - Crash

Conditions:

Recent Logs (last 50 lines):
fake logs
 systemPromptPreview=Always format output in markdown format. Assume users are using more recent product versions. Always work with the current state of the cluster and assume users want to know about it. Assume that users want to know about resources they are responsible for so always consider local information first. Provide answers as quickly as you can since users of this application often have to work under pressure. Think carefully so we can avoid multiple incorrect tool calls which takes even longer for the user to wait. Provide your reasoning. When suggesting terminal commands, use PowerShell syntax. Avoid... responseFormatPreview=
[2026-02-11 00:20:56.423] [DEBUG] Ask: request body marshaled bodyLen=1169
[2026-02-11 00:20:56.423] [INFO] Ask: sending HTTP request url=http://127.0.0.1:10269/api/chat httpTimeout=5m0s overallDeadline=2026-02-11T00:26:56+01:00
[2026-02-11 00:20:56.423] [DEBUG] Ask: attempt attempt=1 elapsed=0s
[2026-02-11 00:20:56.430] [DEBUG] Ask: executing HTTP request
[2026-02-11 00:20:56.436] [DEBUG] Ask: decoding response body
[2026-02-11 00:20:56.437] [INFO] Ask: request completed successfully responseLen=13 totalDuration=13.3715ms
[2026-02-11 00:20:56.437] [DEBUG] LLM response preview operation=Ask responseLen=13 responsePreview=Analysis body
[2026-02-11 00:20:56.437] [INFO] AskHolmes: completed successfully responseLen=13 totalDuration=13.3715ms
--- PASS: TestAnalyzeMonitorIssue_PersistsAnalysis (0.05s)
=== RUN   TestDismissMonitorIssue_Success
--- PASS: TestDismissMonitorIssue_Success (0.03s)
=== RUN   TestDismissMonitorIssue_EmptyID
--- PASS: TestDismissMonitorIssue_EmptyID (0.00s)
=== RUN   TestGetDismissedIssues_ReturnsDismissed
--- PASS: TestGetDismissedIssues_ReturnsDismissed (0.04s)
=== RUN   TestGetDismissedIssues_FiltersExpired
--- PASS: TestGetDismissedIssues_FiltersExpired (0.02s)
=== RUN   TestSaveMonitorIssueAnalysis_Success
--- PASS: TestSaveMonitorIssueAnalysis_Success (0.03s)
=== RUN   TestSaveMonitorIssueAnalysis_InvalidInput
--- PASS: TestSaveMonitorIssueAnalysis_InvalidInput (0.00s)
=== RUN   TestMergePersistedIntoIssue
--- PASS: TestMergePersistedIntoIssue (0.00s)
=== RUN   TestGenerateIssueID_WithContainerName
--- PASS: TestGenerateIssueID_WithContainerName (0.00s)
=== RUN   TestGenerateIssueID_WithoutContainerName
--- PASS: TestGenerateIssueID_WithoutContainerName (0.00s)
=== RUN   TestLoadPersistedIssues_EmptyFile
--- PASS: TestLoadPersistedIssues_EmptyFile (0.01s)
=== RUN   TestLoadPersistedIssues_NonExistent
--- PASS: TestLoadPersistedIssues_NonExistent (0.00s)
=== RUN   TestAnalyzeAllMonitorIssues_Batch
[2026-02-11 00:20:56.606] [INFO] initHolmes: starting initialization
[2026-02-11 00:20:56.606] [INFO] initHolmes: Holmes is configured endpoint=http://127.0.0.1:10271 enabled=true
[2026-02-11 00:20:56.606] [INFO] initHolmes: using direct endpoint endpoint=http://127.0.0.1:10271
[2026-02-11 00:20:56.606] [DEBUG] initHolmes: creating Holmes client
[2026-02-11 00:20:56.606] [INFO] initHolmes: Holmes client initialized successfully endpoint=http://127.0.0.1:10271
[2026-02-11 00:20:56.607] [INFO] AskHolmes: starting questionLen=418
[2026-02-11 00:20:56.607] [DEBUG] AskHolmes: calling client.Ask endpoint=http://127.0.0.1:10271
[2026-02-11 00:20:56.607] [INFO] Ask: starting request endpoint=http://127.0.0.1:10271 model= questionLen=418
[2026-02-11 00:20:56.607] [DEBUG] Ask: question preview preview=Analyze this monitoring issue and provide likely cause, impact, and remediation steps.

Issue:
Resource: Pod
Namespace: default
Name: crash-pod
Reason: CrashLoopBackOff
Message: Crash
Container: conta...
[2026-02-11 00:20:56.607] [INFO] LLM request operation=Ask url=http://127.0.0.1:10271/api/chat model= stream=false questionLen=418 systemPromptLen=677 responseFormatLen=0
[2026-02-11 00:20:56.607] [DEBUG] LLM request payload operation=Ask questionPreview=Analyze this monitoring issue and provide likely cause, impact, and remediation steps.

Issue:
Resource: Pod
Namespace: default
Name: crash-pod
Reason: CrashLoopBackOff
Message: Crash
Container: container
Restarts: 0

Context:
Pod: default/crash-pod
Status: Running
Node: 

Containers:
  container: Ready=false, RestartCount=0
    Waiting: CrashLoopBackOff - Crash

Conditions:

Recent Logs (last 50 lines):
fake logs
 systemPromptPreview=Always format output in markdown format. Assume users are using more recent product versions. Always work with the current state of the cluster and assume users want to know about it. Assume that users want to know about resources they are responsible for so always consider local information first. Provide answers as quickly as you can since users of this application often have to work under pressure. Think carefully so we can avoid multiple incorrect tool calls which takes even longer for the user to wait. Provide your reasoning. When suggesting terminal commands, use PowerShell syntax. Avoid... responseFormatPreview=
[2026-02-11 00:20:56.607] [DEBUG] Ask: request body marshaled bodyLen=1169
[2026-02-11 00:20:56.607] [INFO] Ask: sending HTTP request url=http://127.0.0.1:10271/api/chat httpTimeout=5m0s overallDeadline=2026-02-11T00:26:56+01:00
[2026-02-11 00:20:56.607] [DEBUG] Ask: attempt attempt=1 elapsed=0s
[2026-02-11 00:20:56.608] [DEBUG] Ask: executing HTTP request
[2026-02-11 00:20:56.615] [DEBUG] Ask: decoding response body
[2026-02-11 00:20:56.616] [INFO] Ask: request completed successfully responseLen=14 totalDuration=8.6044ms
[2026-02-11 00:20:56.616] [DEBUG] LLM response preview operation=Ask responseLen=14 responsePreview=Batch response
[2026-02-11 00:20:56.616] [INFO] AskHolmes: completed successfully responseLen=14 totalDuration=8.6044ms
[2026-02-11 00:20:56.653] [INFO] AskHolmes: starting questionLen=418
[2026-02-11 00:20:56.653] [DEBUG] AskHolmes: calling client.Ask endpoint=http://127.0.0.1:10271
[2026-02-11 00:20:56.653] [INFO] Ask: starting request endpoint=http://127.0.0.1:10271 model= questionLen=418
[2026-02-11 00:20:56.653] [DEBUG] Ask: question preview preview=Analyze this monitoring issue and provide likely cause, impact, and remediation steps.

Issue:
Resource: Pod
Namespace: default
Name: image-pod
Reason: ImagePullBackOff
Message: Image
Container: conta...
[2026-02-11 00:20:56.653] [INFO] LLM request operation=Ask url=http://127.0.0.1:10271/api/chat model= stream=false questionLen=418 systemPromptLen=677 responseFormatLen=0
[2026-02-11 00:20:56.653] [DEBUG] LLM request payload operation=Ask questionPreview=Analyze this monitoring issue and provide likely cause, impact, and remediation steps.

Issue:
Resource: Pod
Namespace: default
Name: image-pod
Reason: ImagePullBackOff
Message: Image
Container: container
Restarts: 0

Context:
Pod: default/image-pod
Status: Pending
Node: 

Containers:
  container: Ready=false, RestartCount=0
    Waiting: ImagePullBackOff - Image

Conditions:

Recent Logs (last 50 lines):
fake logs
 systemPromptPreview=Always format output in markdown format. Assume users are using more recent product versions. Always work with the current state of the cluster and assume users want to know about it. Assume that users want to know about resources they are responsible for so always consider local information first. Provide answers as quickly as you can since users of this application often have to work under pressure. Think carefully so we can avoid multiple incorrect tool calls which takes even longer for the user to wait. Provide your reasoning. When suggesting terminal commands, use PowerShell syntax. Avoid... responseFormatPreview=
[2026-02-11 00:20:56.653] [DEBUG] Ask: request body marshaled bodyLen=1169
[2026-02-11 00:20:56.653] [INFO] Ask: sending HTTP request url=http://127.0.0.1:10271/api/chat httpTimeout=5m0s overallDeadline=2026-02-11T00:26:56+01:00
[2026-02-11 00:20:56.653] [DEBUG] Ask: attempt attempt=1 elapsed=0s
[2026-02-11 00:20:56.653] [DEBUG] Ask: executing HTTP request
[2026-02-11 00:20:56.654] [DEBUG] Ask: decoding response body
[2026-02-11 00:20:56.654] [INFO] Ask: request completed successfully responseLen=14 totalDuration=1.5195ms
[2026-02-11 00:20:56.654] [DEBUG] LLM response preview operation=Ask responseLen=14 responsePreview=Batch response
[2026-02-11 00:20:56.654] [INFO] AskHolmes: completed successfully responseLen=14 totalDuration=1.5195ms
--- PASS: TestAnalyzeAllMonitorIssues_Batch (0.10s)
=== RUN   TestFormatAge_LessThanMinute
--- PASS: TestFormatAge_LessThanMinute (0.00s)
=== RUN   TestFormatAge_Minutes
--- PASS: TestFormatAge_Minutes (0.00s)
=== RUN   TestFormatAge_Hours
--- PASS: TestFormatAge_Hours (0.00s)
=== RUN   TestFormatAge_Days
--- PASS: TestFormatAge_Days (0.00s)
=== RUN   TestFormatAge_EdgeCases
=== RUN   TestFormatAge_EdgeCases/exactly_1_minute
=== RUN   TestFormatAge_EdgeCases/exactly_1_hour
=== RUN   TestFormatAge_EdgeCases/exactly_24_hours
=== RUN   TestFormatAge_EdgeCases/59_minutes
=== RUN   TestFormatAge_EdgeCases/23_hours
--- PASS: TestFormatAge_EdgeCases (0.00s)
    --- PASS: TestFormatAge_EdgeCases/exactly_1_minute (0.00s)
    --- PASS: TestFormatAge_EdgeCases/exactly_1_hour (0.00s)
    --- PASS: TestFormatAge_EdgeCases/exactly_24_hours (0.00s)
    --- PASS: TestFormatAge_EdgeCases/59_minutes (0.00s)
    --- PASS: TestFormatAge_EdgeCases/23_hours (0.00s)
=== RUN   TestGetOwnerInfo_WithOwner
--- PASS: TestGetOwnerInfo_WithOwner (0.00s)
=== RUN   TestGetOwnerInfo_NoOwner
--- PASS: TestGetOwnerInfo_NoOwner (0.00s)
=== RUN   TestCheckPodIssues_FailedPod
--- PASS: TestCheckPodIssues_FailedPod (0.00s)
=== RUN   TestCheckPodIssues_CrashLoopBackOff
--- PASS: TestCheckPodIssues_CrashLoopBackOff (0.00s)
=== RUN   TestCheckPodIssues_ImagePullBackOff
--- PASS: TestCheckPodIssues_ImagePullBackOff (0.00s)
=== RUN   TestCheckPodIssues_HealthyPod
--- PASS: TestCheckPodIssues_HealthyPod (0.00s)
=== RUN   TestCheckEventIssues_WarningEvents
--- PASS: TestCheckEventIssues_WarningEvents (0.00s)
=== RUN   TestCollectMonitorInfo_FiltersDismissedIssues
--- PASS: TestCollectMonitorInfo_FiltersDismissedIssues (0.04s)
=== RUN   TestCheckEventIssues_OldEventsIgnored
--- PASS: TestCheckEventIssues_OldEventsIgnored (0.00s)
=== RUN   TestCheckEventIssues_NormalEventsIgnored
--- PASS: TestCheckEventIssues_NormalEventsIgnored (0.00s)
=== RUN   TestCheckEventIssues_EventsV1
--- PASS: TestCheckEventIssues_EventsV1 (0.00s)
=== RUN   TestCollectMonitorInfo
--- PASS: TestCollectMonitorInfo (0.00s)
=== RUN   TestCheckPodIssues_ErrImagePull
--- PASS: TestCheckPodIssues_ErrImagePull (0.00s)
=== RUN   TestCheckPodIssues_CreateContainerError
--- PASS: TestCheckPodIssues_CreateContainerError (0.00s)
=== RUN   TestCheckPodIssues_TerminatedWithNonZeroExit
--- PASS: TestCheckPodIssues_TerminatedWithNonZeroExit (0.00s)
=== RUN   TestCheckPodIssues_InitContainerWaiting
--- PASS: TestCheckPodIssues_InitContainerWaiting (0.00s)
=== RUN   TestCheckPodIssues_PodConditionFalse
--- PASS: TestCheckPodIssues_PodConditionFalse (0.00s)
=== RUN   TestCheckPodIssues_HighRestarts
--- PASS: TestCheckPodIssues_HighRestarts (0.00s)
=== RUN   TestCheckPodIssues_WaitingWarning
--- PASS: TestCheckPodIssues_WaitingWarning (0.00s)
=== RUN   TestCheckPodIssues_PodWithOwner
--- PASS: TestCheckPodIssues_PodWithOwner (0.00s)
=== RUN   TestCollectMonitorInfo_MultipleNamespaces
--- PASS: TestCollectMonitorInfo_MultipleNamespaces (0.00s)
=== RUN   TestCollectMonitorInfo_EmptyNamespaces
--- PASS: TestCollectMonitorInfo_EmptyNamespaces (0.00s)
=== RUN   TestCheckEventIssues_EventTimeField
--- PASS: TestCheckEventIssues_EventTimeField (0.00s)
=== RUN   TestGetConnectionStatus
=== RUN   TestGetConnectionStatus/not_connected,_secure
[DEBUG] GetConnectionStatus called: isInsecure=false, connected=false, proxyEnabled=false
=== RUN   TestGetConnectionStatus/connected_secure
[DEBUG] GetConnectionStatus called: isInsecure=false, connected=true, proxyEnabled=false
=== RUN   TestGetConnectionStatus/connected_insecure
[DEBUG] GetConnectionStatus called: isInsecure=true, connected=true, proxyEnabled=false
--- PASS: TestGetConnectionStatus (0.00s)
    --- PASS: TestGetConnectionStatus/not_connected,_secure (0.00s)
    --- PASS: TestGetConnectionStatus/connected_secure (0.00s)
    --- PASS: TestGetConnectionStatus/connected_insecure (0.00s)
=== RUN   TestGetNamespaces
=== RUN   TestGetNamespaces/empty_namespaces
=== RUN   TestGetNamespaces/single_namespace
=== RUN   TestGetNamespaces/multiple_namespaces_sorted
--- PASS: TestGetNamespaces (0.00s)
    --- PASS: TestGetNamespaces/empty_namespaces (0.00s)
    --- PASS: TestGetNamespaces/single_namespace (0.00s)
    --- PASS: TestGetNamespaces/multiple_namespaces_sorted (0.00s)
=== RUN   TestGetNetworkPolicies_ReturnsNetworkPolicies
--- PASS: TestGetNetworkPolicies_ReturnsNetworkPolicies (0.00s)
=== RUN   TestGetNetworkPolicies_NoNetworkPolicies
--- PASS: TestGetNetworkPolicies_NoNetworkPolicies (0.00s)
=== RUN   TestGetNetworkPolicies_EmptyNamespace
--- PASS: TestGetNetworkPolicies_EmptyNamespace (0.00s)
=== RUN   TestGetNetworkPolicyDetail_ReturnsNetworkPolicy
--- PASS: TestGetNetworkPolicyDetail_ReturnsNetworkPolicy (0.00s)
=== RUN   TestGetNetworkPolicyDetail_EmptyNamespace
--- PASS: TestGetNetworkPolicyDetail_EmptyNamespace (0.00s)
=== RUN   TestGetNetworkPolicyDetail_EmptyName
--- PASS: TestGetNetworkPolicyDetail_EmptyName (0.00s)
=== RUN   TestBuildNetworkPolicyInfo_WithEgress
--- PASS: TestBuildNetworkPolicyInfo_WithEgress (0.00s)
=== RUN   TestGetNodes_ReturnsNodes
--- PASS: TestGetNodes_ReturnsNodes (0.00s)
=== RUN   TestGetNodes_NoNodes
--- PASS: TestGetNodes_NoNodes (0.00s)
=== RUN   TestGetNodeDetail_ReturnsNode
--- PASS: TestGetNodeDetail_ReturnsNode (0.00s)
=== RUN   TestGetNodeDetail_EmptyName
--- PASS: TestGetNodeDetail_EmptyName (0.00s)
=== RUN   TestExtractNodeRoles_ControlPlane
--- PASS: TestExtractNodeRoles_ControlPlane (0.00s)
=== RUN   TestExtractNodeRoles_Worker
--- PASS: TestExtractNodeRoles_Worker (0.00s)
=== RUN   TestExtractNodeRoles_NoRoleLabels
--- PASS: TestExtractNodeRoles_NoRoleLabels (0.00s)
=== RUN   TestGetOverview
=== RUN   TestGetOverview/empty_namespace
=== RUN   TestGetOverview/with_resources
=== RUN   TestGetOverview/only_counts_resources_in_specified_namespace
--- PASS: TestGetOverview (0.00s)
    --- PASS: TestGetOverview/empty_namespace (0.00s)
    --- PASS: TestGetOverview/with_resources (0.00s)
    --- PASS: TestGetOverview/only_counts_resources_in_specified_namespace (0.00s)
=== RUN   TestGetPersistentVolumeClaims
=== RUN   TestGetPersistentVolumeClaims/empty_namespace
=== RUN   TestGetPersistentVolumeClaims/single_pvc
=== RUN   TestGetPersistentVolumeClaims/multiple_pvcs
=== RUN   TestGetPersistentVolumeClaims/pvcs_in_different_namespaces
--- PASS: TestGetPersistentVolumeClaims (0.00s)
    --- PASS: TestGetPersistentVolumeClaims/empty_namespace (0.00s)
    --- PASS: TestGetPersistentVolumeClaims/single_pvc (0.00s)
    --- PASS: TestGetPersistentVolumeClaims/multiple_pvcs (0.00s)
    --- PASS: TestGetPersistentVolumeClaims/pvcs_in_different_namespaces (0.00s)
=== RUN   TestGetPersistentVolumeClaims_Details
--- PASS: TestGetPersistentVolumeClaims_Details (0.00s)
=== RUN   TestGetPersistentVolumeClaims_AccessModes
=== RUN   TestGetPersistentVolumeClaims_AccessModes/RWO_only
=== RUN   TestGetPersistentVolumeClaims_AccessModes/RWX_only
=== RUN   TestGetPersistentVolumeClaims_AccessModes/ROX_only
=== RUN   TestGetPersistentVolumeClaims_AccessModes/multiple_modes
--- PASS: TestGetPersistentVolumeClaims_AccessModes (0.00s)
    --- PASS: TestGetPersistentVolumeClaims_AccessModes/RWO_only (0.00s)
    --- PASS: TestGetPersistentVolumeClaims_AccessModes/RWX_only (0.00s)
    --- PASS: TestGetPersistentVolumeClaims_AccessModes/ROX_only (0.00s)
    --- PASS: TestGetPersistentVolumeClaims_AccessModes/multiple_modes (0.00s)
=== RUN   TestGetPersistentVolumes
=== RUN   TestGetPersistentVolumes/empty_cluster
=== RUN   TestGetPersistentVolumes/single_pv
=== RUN   TestGetPersistentVolumes/multiple_pvs
--- PASS: TestGetPersistentVolumes (0.00s)
    --- PASS: TestGetPersistentVolumes/empty_cluster (0.00s)
    --- PASS: TestGetPersistentVolumes/single_pv (0.00s)
    --- PASS: TestGetPersistentVolumes/multiple_pvs (0.00s)
=== RUN   TestGetPersistentVolumes_Details
--- PASS: TestGetPersistentVolumes_Details (0.00s)
=== RUN   TestGetPersistentVolumes_AccessModes
=== RUN   TestGetPersistentVolumes_AccessModes/RWO_only
=== RUN   TestGetPersistentVolumes_AccessModes/ROX_only
=== RUN   TestGetPersistentVolumes_AccessModes/RWX_only
=== RUN   TestGetPersistentVolumes_AccessModes/multiple_modes
--- PASS: TestGetPersistentVolumes_AccessModes (0.00s)
    --- PASS: TestGetPersistentVolumes_AccessModes/RWO_only (0.00s)
    --- PASS: TestGetPersistentVolumes_AccessModes/ROX_only (0.00s)
    --- PASS: TestGetPersistentVolumes_AccessModes/RWX_only (0.00s)
    --- PASS: TestGetPersistentVolumes_AccessModes/multiple_modes (0.00s)
=== RUN   TestShEscape_Empty
--- PASS: TestShEscape_Empty (0.00s)
=== RUN   TestShEscape_NoSpecialChars
=== RUN   TestShEscape_NoSpecialChars/simple
=== RUN   TestShEscape_NoSpecialChars/path/to/file
=== RUN   TestShEscape_NoSpecialChars/file.txt
=== RUN   TestShEscape_NoSpecialChars/abc123
--- PASS: TestShEscape_NoSpecialChars (0.00s)
    --- PASS: TestShEscape_NoSpecialChars/simple (0.00s)
    --- PASS: TestShEscape_NoSpecialChars/path/to/file (0.00s)
    --- PASS: TestShEscape_NoSpecialChars/file.txt (0.00s)
    --- PASS: TestShEscape_NoSpecialChars/abc123 (0.00s)
=== RUN   TestShEscape_WithSpecialChars
=== RUN   TestShEscape_WithSpecialChars/space
=== RUN   TestShEscape_WithSpecialChars/single_quote
=== RUN   TestShEscape_WithSpecialChars/backtick
=== RUN   TestShEscape_WithSpecialChars/double_quote
=== RUN   TestShEscape_WithSpecialChars/dollar
--- PASS: TestShEscape_WithSpecialChars (0.00s)
    --- PASS: TestShEscape_WithSpecialChars/space (0.00s)
    --- PASS: TestShEscape_WithSpecialChars/single_quote (0.00s)
    --- PASS: TestShEscape_WithSpecialChars/backtick (0.00s)
    --- PASS: TestShEscape_WithSpecialChars/double_quote (0.00s)
    --- PASS: TestShEscape_WithSpecialChars/dollar (0.00s)
=== RUN   TestBuildInitContainerInfo_NoInitContainers
--- PASS: TestBuildInitContainerInfo_NoInitContainers (0.00s)
=== RUN   TestBuildInitContainerInfo_WithInitContainers
--- PASS: TestBuildInitContainerInfo_WithInitContainers (0.00s)
=== RUN   TestBuildInitContainerInfo_WaitingState
--- PASS: TestBuildInitContainerInfo_WaitingState (0.00s)
=== RUN   TestBuildInitContainerInfo_NoStatusYet
--- PASS: TestBuildInitContainerInfo_NoStatusYet (0.00s)
=== RUN   TestGetPodSummary_Success
--- PASS: TestGetPodSummary_Success (0.00s)
=== RUN   TestGetPodSummary_NoNamespace
--- PASS: TestGetPodSummary_NoNamespace (0.00s)
=== RUN   TestGetPodSummary_NotFound
--- PASS: TestGetPodSummary_NotFound (0.00s)
=== RUN   TestDefaultShortTimeout
--- PASS: TestDefaultShortTimeout (0.00s)
=== RUN   TestGetPodYAML
--- PASS: TestGetPodYAML (0.01s)
=== RUN   TestGetPodYAML_NoNamespace
--- PASS: TestGetPodYAML_NoNamespace (0.00s)
=== RUN   TestGetPodContainers
--- PASS: TestGetPodContainers (0.00s)
=== RUN   TestGetPodSummary
--- PASS: TestGetPodSummary (0.00s)
=== RUN   TestGetPodContainerPorts
--- PASS: TestGetPodContainerPorts (0.00s)
=== RUN   TestGetPodMounts
--- PASS: TestGetPodMounts (0.00s)
=== RUN   TestValidatePortForwardParams_FallbackAndErrors
--- PASS: TestValidatePortForwardParams_FallbackAndErrors (0.00s)
=== RUN   TestBuildKubectlCmd_ArgsContainExpectedFlags
--- PASS: TestBuildKubectlCmd_ArgsContainExpectedFlags (0.03s)
=== RUN   TestCheckForwardingReady_MatchesVariants
--- PASS: TestCheckForwardingReady_MatchesVariants (0.00s)
=== RUN   TestListAndFindPortForwards
--- PASS: TestListAndFindPortForwards (0.00s)
=== RUN   TestStopPortForward_RemovesAndCancels
--- PASS: TestStopPortForward_RemovesAndCancels (0.00s)
=== RUN   TestNewTerminalSizeQueue
--- PASS: TestNewTerminalSizeQueue (0.00s)
=== RUN   TestTerminalSizeQueue_PushAndNext
--- PASS: TestTerminalSizeQueue_PushAndNext (0.00s)
=== RUN   TestTerminalSizeQueue_Close
--- PASS: TestTerminalSizeQueue_Close (0.00s)
=== RUN   TestTerminalSizeQueue_CloseMultipleTimes
--- PASS: TestTerminalSizeQueue_CloseMultipleTimes (0.00s)
=== RUN   TestTerminalSizeQueue_PushNil
--- PASS: TestTerminalSizeQueue_PushNil (0.00s)
=== RUN   TestTerminalSizeQueue_CloseNil
--- PASS: TestTerminalSizeQueue_CloseNil (0.00s)
=== RUN   TestTerminalSizeQueue_BufferFull
--- PASS: TestTerminalSizeQueue_BufferFull (0.00s)
=== RUN   TestPortForwardKey
=== RUN   TestPortForwardKey/default_namespace
=== RUN   TestPortForwardKey/custom_namespace
=== RUN   TestPortForwardKey/high_port
--- PASS: TestPortForwardKey (0.00s)
    --- PASS: TestPortForwardKey/default_namespace (0.00s)
    --- PASS: TestPortForwardKey/custom_namespace (0.00s)
    --- PASS: TestPortForwardKey/high_port (0.00s)
=== RUN   TestPortForwardKeyLR
=== RUN   TestPortForwardKeyLR/same_ports
=== RUN   TestPortForwardKeyLR/different_ports
=== RUN   TestPortForwardKeyLR/reverse_mapping
=== RUN   TestPortForwardKeyLR/high_ports
--- PASS: TestPortForwardKeyLR (0.00s)
    --- PASS: TestPortForwardKeyLR/same_ports (0.00s)
    --- PASS: TestPortForwardKeyLR/different_ports (0.00s)
    --- PASS: TestPortForwardKeyLR/reverse_mapping (0.00s)
    --- PASS: TestPortForwardKeyLR/high_ports (0.00s)
=== RUN   TestTermOutputEvent
--- PASS: TestTermOutputEvent (0.00s)
=== RUN   TestTermExitEvent
--- PASS: TestTermExitEvent (0.00s)
=== RUN   TestGetPodStatusCounts
=== RUN   TestGetPodStatusCounts/empty_namespace
=== RUN   TestGetPodStatusCounts/single_running_pod
=== RUN   TestGetPodStatusCounts/single_pending_pod
=== RUN   TestGetPodStatusCounts/single_failed_pod
=== RUN   TestGetPodStatusCounts/single_succeeded_pod
=== RUN   TestGetPodStatusCounts/single_unknown_pod
=== RUN   TestGetPodStatusCounts/mixed_pod_statuses
=== RUN   TestGetPodStatusCounts/pods_in_different_namespaces_-_only_counts_matching
--- PASS: TestGetPodStatusCounts (0.00s)
    --- PASS: TestGetPodStatusCounts/empty_namespace (0.00s)
    --- PASS: TestGetPodStatusCounts/single_running_pod (0.00s)
    --- PASS: TestGetPodStatusCounts/single_pending_pod (0.00s)
    --- PASS: TestGetPodStatusCounts/single_failed_pod (0.00s)
    --- PASS: TestGetPodStatusCounts/single_succeeded_pod (0.00s)
    --- PASS: TestGetPodStatusCounts/single_unknown_pod (0.00s)
    --- PASS: TestGetPodStatusCounts/mixed_pod_statuses (0.00s)
    --- PASS: TestGetPodStatusCounts/pods_in_different_namespaces_-_only_counts_matching (0.00s)
=== RUN   TestGetRunningPods
=== RUN   TestGetRunningPods/empty_namespace
=== RUN   TestGetRunningPods/running_pods_included
=== RUN   TestGetRunningPods/pending_pods_included
=== RUN   TestGetRunningPods/failed_pods_excluded_unless_Job-owned
=== RUN   TestGetRunningPods/job-owned_pod_included_even_if_failed
=== RUN   TestGetRunningPods/counts_restart_count_from_containers
=== RUN   TestGetRunningPods/filters_by_namespace
--- PASS: TestGetRunningPods (0.00s)
    --- PASS: TestGetRunningPods/empty_namespace (0.00s)
    --- PASS: TestGetRunningPods/running_pods_included (0.00s)
    --- PASS: TestGetRunningPods/pending_pods_included (0.00s)
    --- PASS: TestGetRunningPods/failed_pods_excluded_unless_Job-owned (0.00s)
    --- PASS: TestGetRunningPods/job-owned_pod_included_even_if_failed (0.00s)
    --- PASS: TestGetRunningPods/counts_restart_count_from_containers (0.00s)
    --- PASS: TestGetRunningPods/filters_by_namespace (0.00s)
=== RUN   TestGetRunningPods_RestartsCount
--- PASS: TestGetRunningPods_RestartsCount (0.00s)
=== RUN   TestGetRunningPods_Ports
--- PASS: TestGetRunningPods_Ports (0.00s)
=== RUN   TestGetPodStatusCounts_ListError
--- PASS: TestGetPodStatusCounts_ListError (0.00s)
=== RUN   TestDeletePod
--- PASS: TestDeletePod (0.00s)
=== RUN   TestRestartPod
--- PASS: TestRestartPod (0.00s)
=== RUN   TestShellPod
--- PASS: TestShellPod (0.00s)
=== RUN   TestGetRunningPods_ListError
--- PASS: TestGetRunningPods_ListError (0.00s)
=== RUN   TestShouldIncludePod_Cases
=== RUN   TestShouldIncludePod_Cases/running
=== RUN   TestShouldIncludePod_Cases/pending
=== RUN   TestShouldIncludePod_Cases/failed-not-job
=== RUN   TestShouldIncludePod_Cases/failed-job-owned
--- PASS: TestShouldIncludePod_Cases (0.00s)
    --- PASS: TestShouldIncludePod_Cases/running (0.00s)
    --- PASS: TestShouldIncludePod_Cases/pending (0.00s)
    --- PASS: TestShouldIncludePod_Cases/failed-not-job (0.00s)
    --- PASS: TestShouldIncludePod_Cases/failed-job-owned (0.00s)
=== RUN   TestBuildPodInfoFromPod_Format
--- PASS: TestBuildPodInfoFromPod_Format (0.00s)
=== RUN   TestCollectContainerPorts_Dedup
--- PASS: TestCollectContainerPorts_Dedup (0.00s)
=== RUN   TestStartResourcePolling
--- PASS: TestStartResourcePolling (0.12s)
=== RUN   TestStartResourcePollingWithMultipleNamespaces
--- PASS: TestStartResourcePollingWithMultipleNamespaces (0.08s)
=== RUN   TestStartResourcePollingSkipsWhenNoNamespaces
--- PASS: TestStartResourcePollingSkipsWhenNoNamespaces (0.06s)
=== RUN   TestStartResourcePollingDefaultInterval
--- PASS: TestStartResourcePollingDefaultInterval (0.00s)
=== RUN   TestStartResourcePollingContinuesOnFetchError
--- PASS: TestStartResourcePollingContinuesOnFetchError (0.10s)
=== RUN   TestStartResourcePollingSkipsWhenCtxNil
--- PASS: TestStartResourcePollingSkipsWhenCtxNil (0.06s)
=== RUN   TestStartResourcePollingFallsBackToCurrentNamespace
--- PASS: TestStartResourcePollingFallsBackToCurrentNamespace (0.06s)
=== RUN   TestStartAllPollingDoesNotPanic
--- PASS: TestStartAllPollingDoesNotPanic (0.05s)
=== RUN   TestSetProxyConfig
=== RUN   TestSetProxyConfig/valid_none_auth_type
=== RUN   TestSetProxyConfig/valid_basic_auth_type_with_URL
=== RUN   TestSetProxyConfig/valid_system_auth_type
=== RUN   TestSetProxyConfig/invalid_auth_type
=== RUN   TestSetProxyConfig/basic_auth_with_HTTPS_proxy
--- PASS: TestSetProxyConfig (0.01s)
    --- PASS: TestSetProxyConfig/valid_none_auth_type (0.00s)
    --- PASS: TestSetProxyConfig/valid_basic_auth_type_with_URL (0.00s)
    --- PASS: TestSetProxyConfig/valid_system_auth_type (0.00s)
    --- PASS: TestSetProxyConfig/invalid_auth_type (0.00s)
    --- PASS: TestSetProxyConfig/basic_auth_with_HTTPS_proxy (0.00s)
=== RUN   TestGetProxyConfig
--- PASS: TestGetProxyConfig (0.00s)
=== RUN   TestClearProxyConfig
--- PASS: TestClearProxyConfig (0.00s)
=== RUN   TestIsProxyEnabled
=== RUN   TestIsProxyEnabled/no_proxy_configured
=== RUN   TestIsProxyEnabled/manual_proxy_URL_set
=== RUN   TestIsProxyEnabled/system_proxy_with_HTTP_PROXY_set
=== RUN   TestIsProxyEnabled/system_proxy_with_HTTPS_PROXY_set
=== RUN   TestIsProxyEnabled/system_proxy_with_no_env_vars
--- PASS: TestIsProxyEnabled (0.00s)
    --- PASS: TestIsProxyEnabled/no_proxy_configured (0.00s)
    --- PASS: TestIsProxyEnabled/manual_proxy_URL_set (0.00s)
    --- PASS: TestIsProxyEnabled/system_proxy_with_HTTP_PROXY_set (0.00s)
    --- PASS: TestIsProxyEnabled/system_proxy_with_HTTPS_PROXY_set (0.00s)
    --- PASS: TestIsProxyEnabled/system_proxy_with_no_env_vars (0.00s)
=== RUN   TestDetectSystemProxy
--- PASS: TestDetectSystemProxy (0.00s)
=== RUN   TestGetProxyDisplayURL
=== RUN   TestGetProxyDisplayURL/no_proxy
=== RUN   TestGetProxyDisplayURL/manual_proxy_without_auth
=== RUN   TestGetProxyDisplayURL/manual_proxy_with_auth_-_password_hidden
=== RUN   TestGetProxyDisplayURL/system_proxy_from_env
--- PASS: TestGetProxyDisplayURL (0.00s)
    --- PASS: TestGetProxyDisplayURL/no_proxy (0.00s)
    --- PASS: TestGetProxyDisplayURL/manual_proxy_without_auth (0.00s)
    --- PASS: TestGetProxyDisplayURL/manual_proxy_with_auth_-_password_hidden (0.00s)
    --- PASS: TestGetProxyDisplayURL/system_proxy_from_env (0.00s)
=== RUN   TestSanitizeProxyURL
=== RUN   TestSanitizeProxyURL/empty_URL
=== RUN   TestSanitizeProxyURL/URL_without_credentials
=== RUN   TestSanitizeProxyURL/URL_with_user_only
=== RUN   TestSanitizeProxyURL/URL_with_user_and_password
=== RUN   TestSanitizeProxyURL/HTTPS_URL_with_credentials
--- PASS: TestSanitizeProxyURL (0.00s)
    --- PASS: TestSanitizeProxyURL/empty_URL (0.00s)
    --- PASS: TestSanitizeProxyURL/URL_without_credentials (0.00s)
    --- PASS: TestSanitizeProxyURL/URL_with_user_only (0.00s)
    --- PASS: TestSanitizeProxyURL/URL_with_user_and_password (0.00s)
    --- PASS: TestSanitizeProxyURL/HTTPS_URL_with_credentials (0.00s)
=== RUN   TestGetEnvCaseInsensitive
=== RUN   TestGetEnvCaseInsensitive/uppercase_env_var
=== RUN   TestGetEnvCaseInsensitive/lowercase_env_var_only
=== RUN   TestGetEnvCaseInsensitive/neither_set
--- PASS: TestGetEnvCaseInsensitive (0.00s)
    --- PASS: TestGetEnvCaseInsensitive/uppercase_env_var (0.00s)
    --- PASS: TestGetEnvCaseInsensitive/lowercase_env_var_only (0.00s)
    --- PASS: TestGetEnvCaseInsensitive/neither_set (0.00s)
=== RUN   TestGetPVCConsumers_ReturnsPodsMountingPVC
--- PASS: TestGetPVCConsumers_ReturnsPodsMountingPVC (0.00s)
=== RUN   TestGetPVCConsumers_EmptyNamespace
--- PASS: TestGetPVCConsumers_EmptyNamespace (0.00s)
=== RUN   TestGetPVCConsumers_EmptyPVCName
--- PASS: TestGetPVCConsumers_EmptyPVCName (0.00s)
=== RUN   TestGetPVCConsumers_NoConsumers
--- PASS: TestGetPVCConsumers_NoConsumers (0.00s)
=== RUN   TestGetPVCConsumers_SortedByPodName
--- PASS: TestGetPVCConsumers_SortedByPodName (0.00s)
=== RUN   TestSanitizeName_Simple
--- PASS: TestSanitizeName_Simple (0.00s)
=== RUN   TestSanitizeName_UpperCase
--- PASS: TestSanitizeName_UpperCase (0.00s)
=== RUN   TestSanitizeName_SpecialChars
=== RUN   TestSanitizeName_SpecialChars/underscores
=== RUN   TestSanitizeName_SpecialChars/dots
=== RUN   TestSanitizeName_SpecialChars/multiple_special
=== RUN   TestSanitizeName_SpecialChars/spaces
=== RUN   TestSanitizeName_SpecialChars/mixed_case
=== RUN   TestSanitizeName_SpecialChars/leading_dashes
=== RUN   TestSanitizeName_SpecialChars/trailing_dashes
=== RUN   TestSanitizeName_SpecialChars/both_ends_dashes
--- PASS: TestSanitizeName_SpecialChars (0.00s)
    --- PASS: TestSanitizeName_SpecialChars/underscores (0.00s)
    --- PASS: TestSanitizeName_SpecialChars/dots (0.00s)
    --- PASS: TestSanitizeName_SpecialChars/multiple_special (0.00s)
    --- PASS: TestSanitizeName_SpecialChars/spaces (0.00s)
    --- PASS: TestSanitizeName_SpecialChars/mixed_case (0.00s)
    --- PASS: TestSanitizeName_SpecialChars/leading_dashes (0.00s)
    --- PASS: TestSanitizeName_SpecialChars/trailing_dashes (0.00s)
    --- PASS: TestSanitizeName_SpecialChars/both_ends_dashes (0.00s)
=== RUN   TestSanitizeName_MaxLength
=== RUN   TestSanitizeName_MaxLength/exact_length
=== RUN   TestSanitizeName_MaxLength/truncate
=== RUN   TestSanitizeName_MaxLength/no_truncate_needed
=== RUN   TestSanitizeName_MaxLength/long_input
--- PASS: TestSanitizeName_MaxLength (0.00s)
    --- PASS: TestSanitizeName_MaxLength/exact_length (0.00s)
    --- PASS: TestSanitizeName_MaxLength/truncate (0.00s)
    --- PASS: TestSanitizeName_MaxLength/no_truncate_needed (0.00s)
    --- PASS: TestSanitizeName_MaxLength/long_input (0.00s)
=== RUN   TestSanitizeName_Empty
--- PASS: TestSanitizeName_Empty (0.00s)
=== RUN   TestSanitizeName_AllSpecialChars
--- PASS: TestSanitizeName_AllSpecialChars (0.00s)
=== RUN   TestSanitizeName_Numbers
--- PASS: TestSanitizeName_Numbers (0.00s)
=== RUN   TestResizePersistentVolumeClaim_Success
--- PASS: TestResizePersistentVolumeClaim_Success (0.00s)
=== RUN   TestResizePersistentVolumeClaim_EmptyNamespace
--- PASS: TestResizePersistentVolumeClaim_EmptyNamespace (0.00s)
=== RUN   TestResizePersistentVolumeClaim_EmptyPVCName
--- PASS: TestResizePersistentVolumeClaim_EmptyPVCName (0.00s)
=== RUN   TestResizePersistentVolumeClaim_EmptyNewSize
--- PASS: TestResizePersistentVolumeClaim_EmptyNewSize (0.00s)
=== RUN   TestResizePersistentVolumeClaim_InvalidSize
--- PASS: TestResizePersistentVolumeClaim_InvalidSize (0.00s)
=== RUN   TestResizePersistentVolumeClaim_PVCNotFound
--- PASS: TestResizePersistentVolumeClaim_PVCNotFound (0.00s)
=== RUN   TestResizePersistentVolumeClaim_NilResourcesRequests
--- PASS: TestResizePersistentVolumeClaim_NilResourcesRequests (0.00s)
=== RUN   TestGetReplicaSets
=== RUN   TestGetReplicaSets/empty_namespace
=== RUN   TestGetReplicaSets/single_replicaset
=== RUN   TestGetReplicaSets/multiple_replicasets
=== RUN   TestGetReplicaSets/replicasets_in_different_namespaces
--- PASS: TestGetReplicaSets (0.00s)
    --- PASS: TestGetReplicaSets/empty_namespace (0.00s)
    --- PASS: TestGetReplicaSets/single_replicaset (0.00s)
    --- PASS: TestGetReplicaSets/multiple_replicasets (0.00s)
    --- PASS: TestGetReplicaSets/replicasets_in_different_namespaces (0.00s)
=== RUN   TestGetReplicaSets_Details
--- PASS: TestGetReplicaSets_Details (0.00s)
=== RUN   TestGetReplicaSets_NilReplicas
--- PASS: TestGetReplicaSets_NilReplicas (0.00s)
=== RUN   TestGetReplicaSets_NoContainers
--- PASS: TestGetReplicaSets_NoContainers (0.00s)
=== RUN   TestRestartDeployment
--- PASS: TestRestartDeployment (0.00s)
=== RUN   TestDeleteDeployment
--- PASS: TestDeleteDeployment (0.00s)
=== RUN   TestRestartStatefulSet
--- PASS: TestRestartStatefulSet (0.00s)
=== RUN   TestDeleteStatefulSet
--- PASS: TestDeleteStatefulSet (0.00s)
=== RUN   TestRestartDaemonSet
--- PASS: TestRestartDaemonSet (0.00s)
=== RUN   TestDeleteDaemonSet
--- PASS: TestDeleteDaemonSet (0.00s)
=== RUN   TestDeleteReplicaSet
--- PASS: TestDeleteReplicaSet (0.00s)
=== RUN   TestDeleteConfigMap
--- PASS: TestDeleteConfigMap (0.00s)
=== RUN   TestDeleteSecret
--- PASS: TestDeleteSecret (0.00s)
=== RUN   TestDeletePersistentVolumeClaim
--- PASS: TestDeletePersistentVolumeClaim (0.00s)
=== RUN   TestDeletePersistentVolume
--- PASS: TestDeletePersistentVolume (0.00s)
=== RUN   TestDeleteIngress
--- PASS: TestDeleteIngress (0.00s)
=== RUN   TestScaleResource
=== RUN   TestScaleResource/negative_replicas
=== RUN   TestScaleResource/unsupported_kind
=== RUN   TestScaleResource/daemonset_not_scalable
--- PASS: TestScaleResource (0.00s)
    --- PASS: TestScaleResource/negative_replicas (0.00s)
    --- PASS: TestScaleResource/unsupported_kind (0.00s)
    --- PASS: TestScaleResource/daemonset_not_scalable (0.00s)
=== RUN   TestDeleteJob
--- PASS: TestDeleteJob (0.00s)
=== RUN   TestDeleteCronJob
--- PASS: TestDeleteCronJob (0.00s)
=== RUN   TestSuspendCronJob
--- PASS: TestSuspendCronJob (0.00s)
=== RUN   TestResumeCronJob
--- PASS: TestResumeCronJob (0.00s)
=== RUN   TestStartJobFromCronJob
--- PASS: TestStartJobFromCronJob (0.00s)
=== RUN   TestStartJob
--- PASS: TestStartJob (0.00s)
=== RUN   TestRestartWorkload
=== RUN   TestRestartWorkload/restart_deployment_via_RestartWorkload
=== RUN   TestRestartWorkload/restart_statefulset_via_RestartWorkload
=== RUN   TestRestartWorkload/restart_daemonset_via_RestartWorkload
=== RUN   TestRestartWorkload/restart_unsupported_kind_returns_error
=== RUN   TestRestartWorkload/restart_with_plural_kind
--- PASS: TestRestartWorkload (0.00s)
    --- PASS: TestRestartWorkload/restart_deployment_via_RestartWorkload (0.00s)
    --- PASS: TestRestartWorkload/restart_statefulset_via_RestartWorkload (0.00s)
    --- PASS: TestRestartWorkload/restart_daemonset_via_RestartWorkload (0.00s)
    --- PASS: TestRestartWorkload/restart_unsupported_kind_returns_error (0.00s)
    --- PASS: TestRestartWorkload/restart_with_plural_kind (0.00s)
=== RUN   TestUpdateScale
--- PASS: TestUpdateScale (0.00s)
=== RUN   TestStartJob_Success
--- PASS: TestStartJob_Success (0.00s)
=== RUN   TestSuspendCronJob_Success
--- PASS: TestSuspendCronJob_Success (0.00s)
=== RUN   TestResumeCronJob_Success
--- PASS: TestResumeCronJob_Success (0.00s)
=== RUN   TestStartJobFromCronJob_Success
--- PASS: TestStartJobFromCronJob_Success (0.00s)
=== RUN   TestStartJob_GetError
--- PASS: TestStartJob_GetError (0.00s)
=== RUN   TestStartJob_CreateError
--- PASS: TestStartJob_CreateError (0.00s)
=== RUN   TestSuspendCronJob_PatchError
--- PASS: TestSuspendCronJob_PatchError (0.00s)
=== RUN   TestResumeCronJob_PatchError
--- PASS: TestResumeCronJob_PatchError (0.00s)
=== RUN   TestStartJobFromCronJob_GetError
--- PASS: TestStartJobFromCronJob_GetError (0.00s)
=== RUN   TestStartJobFromCronJob_CreateError
--- PASS: TestStartJobFromCronJob_CreateError (0.00s)
=== RUN   TestDeleteJob_Success
--- PASS: TestDeleteJob_Success (0.00s)
=== RUN   TestDeleteJob_Error
--- PASS: TestDeleteJob_Error (0.00s)
=== RUN   TestDeleteCronJob_Success
--- PASS: TestDeleteCronJob_Success (0.00s)
=== RUN   TestDeleteCronJob_Error
--- PASS: TestDeleteCronJob_Error (0.00s)
=== RUN   TestGetJobDetail
--- PASS: TestGetJobDetail (0.00s)
=== RUN   TestGetCronJobDetail
--- PASS: TestGetCronJobDetail (0.00s)
=== RUN   TestGetConfigMapDataByName
--- PASS: TestGetConfigMapDataByName (0.00s)
=== RUN   TestGetSecretDataByName
--- PASS: TestGetSecretDataByName (0.00s)
=== RUN   TestGetDeploymentDetail
--- PASS: TestGetDeploymentDetail (0.00s)
=== RUN   TestGetStatefulSetDetail
--- PASS: TestGetStatefulSetDetail (0.00s)
=== RUN   TestGetDaemonSetDetail
--- PASS: TestGetDaemonSetDetail (0.00s)
=== RUN   TestGetReplicaSetDetail
--- PASS: TestGetReplicaSetDetail (0.00s)
=== RUN   TestGetIngressDetail
--- PASS: TestGetIngressDetail (0.00s)
=== RUN   TestGetDeploymentDetail_NotFound
--- PASS: TestGetDeploymentDetail_NotFound (0.00s)
=== RUN   TestGetDeploymentDetail_EmptySelectorPods
--- PASS: TestGetDeploymentDetail_EmptySelectorPods (0.00s)
=== RUN   TestGetStatefulSetDetail_NotFound
--- PASS: TestGetStatefulSetDetail_NotFound (0.00s)
=== RUN   TestGetStatefulSetDetail_EmptySelectorPods
--- PASS: TestGetStatefulSetDetail_EmptySelectorPods (0.00s)
=== RUN   TestGetDaemonSetDetail_NotFound
--- PASS: TestGetDaemonSetDetail_NotFound (0.00s)
=== RUN   TestGetJobDetail_NotFound
--- PASS: TestGetJobDetail_NotFound (0.00s)
=== RUN   TestGetConfigMaps_WithData
--- PASS: TestGetConfigMaps_WithData (0.00s)
=== RUN   TestGetConfigMaps_EmptyNamespace
--- PASS: TestGetConfigMaps_EmptyNamespace (0.00s)
=== RUN   TestGetDaemonSets_WithResources
--- PASS: TestGetDaemonSets_WithResources (0.00s)
=== RUN   TestGetCronJobs_WithSchedules
--- PASS: TestGetCronJobs_WithSchedules (0.00s)
=== RUN   TestGetCronJobs_Suspended
--- PASS: TestGetCronJobs_Suspended (0.00s)
=== RUN   TestGetIngresses_WithRules
--- PASS: TestGetIngresses_WithRules (0.00s)
=== RUN   TestGetPersistentVolumes_WithResources
--- PASS: TestGetPersistentVolumes_WithResources (0.00s)
=== RUN   TestGetPersistentVolumeClaims_WithResources
--- PASS: TestGetPersistentVolumeClaims_WithResources (0.00s)
=== RUN   TestGetStatefulSets_WithResources
--- PASS: TestGetStatefulSets_WithResources (0.00s)
=== RUN   TestGetReplicaSets_WithResources
--- PASS: TestGetReplicaSets_WithResources (0.00s)
=== RUN   TestListResources_EmptyNamespace
--- PASS: TestListResources_EmptyNamespace (0.00s)
=== RUN   TestListResources_TransformsItems
--- PASS: TestListResources_TransformsItems (0.00s)
=== RUN   TestListResources_PropagatesListError
--- PASS: TestListResources_PropagatesListError (0.00s)
=== RUN   TestListClusterResources_TransformsItems
--- PASS: TestListClusterResources_TransformsItems (0.00s)
=== RUN   TestListResources_NoClientReturnsError
--- PASS: TestListResources_NoClientReturnsError (0.00s)
=== RUN   TestExtractFirstContainerImage
=== RUN   TestExtractFirstContainerImage/empty_containers
=== RUN   TestExtractFirstContainerImage/single_container
=== RUN   TestExtractFirstContainerImage/multiple_containers_returns_first
--- PASS: TestExtractFirstContainerImage (0.00s)
    --- PASS: TestExtractFirstContainerImage/empty_containers (0.00s)
    --- PASS: TestExtractFirstContainerImage/single_container (0.00s)
    --- PASS: TestExtractFirstContainerImage/multiple_containers_returns_first (0.00s)
=== RUN   TestSafeReplicaCount
=== RUN   TestSafeReplicaCount/nil_pointer
=== RUN   TestSafeReplicaCount/zero_replicas
=== RUN   TestSafeReplicaCount/positive_replicas
--- PASS: TestSafeReplicaCount (0.00s)
    --- PASS: TestSafeReplicaCount/nil_pointer (0.00s)
    --- PASS: TestSafeReplicaCount/zero_replicas (0.00s)
    --- PASS: TestSafeReplicaCount/positive_replicas (0.00s)
=== RUN   TestSafeLabels
=== RUN   TestSafeLabels/nil_labels
=== RUN   TestSafeLabels/empty_labels
=== RUN   TestSafeLabels/with_labels
--- PASS: TestSafeLabels (0.00s)
    --- PASS: TestSafeLabels/nil_labels (0.00s)
    --- PASS: TestSafeLabels/empty_labels (0.00s)
    --- PASS: TestSafeLabels/with_labels (0.00s)
=== RUN   TestMergeLabels
=== RUN   TestMergeLabels/both_nil
=== RUN   TestMergeLabels/object_labels_only
=== RUN   TestMergeLabels/template_labels_only
=== RUN   TestMergeLabels/object_labels_take_precedence
=== RUN   TestMergeLabels/merge_non-overlapping_labels
=== RUN   TestMergeLabels/mixed_overlapping_and_non-overlapping
--- PASS: TestMergeLabels (0.00s)
    --- PASS: TestMergeLabels/both_nil (0.00s)
    --- PASS: TestMergeLabels/object_labels_only (0.00s)
    --- PASS: TestMergeLabels/template_labels_only (0.00s)
    --- PASS: TestMergeLabels/object_labels_take_precedence (0.00s)
    --- PASS: TestMergeLabels/merge_non-overlapping_labels (0.00s)
    --- PASS: TestMergeLabels/mixed_overlapping_and_non-overlapping (0.00s)
=== RUN   TestInt32Ptr
--- PASS: TestInt32Ptr (0.00s)
=== RUN   TestFormatAge
=== RUN   TestFormatAge/zero_timestamp_returns_dash
=== RUN   TestFormatAge/seconds_ago
=== RUN   TestFormatAge/minutes_ago
=== RUN   TestFormatAge/hours_ago
=== RUN   TestFormatAge/days_ago
--- PASS: TestFormatAge (0.00s)
    --- PASS: TestFormatAge/zero_timestamp_returns_dash (0.00s)
    --- PASS: TestFormatAge/seconds_ago (0.00s)
    --- PASS: TestFormatAge/minutes_ago (0.00s)
    --- PASS: TestFormatAge/hours_ago (0.00s)
    --- PASS: TestFormatAge/days_ago (0.00s)
=== RUN   TestFormatAccessModes
=== RUN   TestFormatAccessModes/empty_returns_dash
=== RUN   TestFormatAccessModes/ReadWriteOnce
=== RUN   TestFormatAccessModes/ReadOnlyMany
=== RUN   TestFormatAccessModes/ReadWriteMany
=== RUN   TestFormatAccessModes/ReadWriteOncePod
=== RUN   TestFormatAccessModes/multiple_modes
=== RUN   TestFormatAccessModes/unknown_mode_passthrough
--- PASS: TestFormatAccessModes (0.00s)
    --- PASS: TestFormatAccessModes/empty_returns_dash (0.00s)
    --- PASS: TestFormatAccessModes/ReadWriteOnce (0.00s)
    --- PASS: TestFormatAccessModes/ReadOnlyMany (0.00s)
    --- PASS: TestFormatAccessModes/ReadWriteMany (0.00s)
    --- PASS: TestFormatAccessModes/ReadWriteOncePod (0.00s)
    --- PASS: TestFormatAccessModes/multiple_modes (0.00s)
    --- PASS: TestFormatAccessModes/unknown_mode_passthrough (0.00s)
=== RUN   TestResourceYAML_WorkloadKinds
=== RUN   TestResourceYAML_WorkloadKinds/deployment
=== RUN   TestResourceYAML_WorkloadKinds/statefulset
=== RUN   TestResourceYAML_WorkloadKinds/daemonset
=== RUN   TestResourceYAML_WorkloadKinds/replicaset
--- PASS: TestResourceYAML_WorkloadKinds (0.01s)
    --- PASS: TestResourceYAML_WorkloadKinds/deployment (0.00s)
    --- PASS: TestResourceYAML_WorkloadKinds/statefulset (0.00s)
    --- PASS: TestResourceYAML_WorkloadKinds/daemonset (0.01s)
    --- PASS: TestResourceYAML_WorkloadKinds/replicaset (0.00s)
=== RUN   TestResourceYAML_NodeAndPod
--- PASS: TestResourceYAML_NodeAndPod (0.00s)
=== RUN   TestResourceYAML_ValidationErrors
--- PASS: TestResourceYAML_ValidationErrors (0.00s)
=== RUN   TestCreateResource_InvalidYAML
--- PASS: TestCreateResource_InvalidYAML (0.00s)
=== RUN   TestCreateResource_NormalizesYAMLInputBeforeParsing
--- PASS: TestCreateResource_NormalizesYAMLInputBeforeParsing (0.00s)
=== RUN   TestCreateResource_MissingAPIVersion
--- PASS: TestCreateResource_MissingAPIVersion (0.00s)
=== RUN   TestCreateResource_MissingKind
--- PASS: TestCreateResource_MissingKind (0.00s)
=== RUN   TestCreateResource_NoKubeContext
--- PASS: TestCreateResource_NoKubeContext (0.00s)
=== RUN   TestCreateResource_EmptyYAML
--- PASS: TestCreateResource_EmptyYAML (0.00s)
=== RUN   TestCreateResource_InvalidAPIVersion
--- PASS: TestCreateResource_InvalidAPIVersion (0.00s)
=== RUN   TestNormalizeYAMLForParsing
=== RUN   TestNormalizeYAMLForParsing/windows_line_endings
=== RUN   TestNormalizeYAMLForParsing/mac_classic_line_endings
=== RUN   TestNormalizeYAMLForParsing/UTF-8_BOM_at_start
=== RUN   TestNormalizeYAMLForParsing/UTF-8_BOM_in_middle
=== RUN   TestNormalizeYAMLForParsing/zero-width_space
=== RUN   TestNormalizeYAMLForParsing/tabs_in_indentation
=== RUN   TestNormalizeYAMLForParsing/nbsp_in_indentation
=== RUN   TestNormalizeYAMLForParsing/mixed_tabs_and_nbsp
=== RUN   TestNormalizeYAMLForParsing/empty_lines_preserved
=== RUN   TestNormalizeYAMLForParsing/normal_yaml_unchanged
=== RUN   TestNormalizeYAMLForParsing/tabs_mid-line_not_affected
--- PASS: TestNormalizeYAMLForParsing (0.00s)
    --- PASS: TestNormalizeYAMLForParsing/windows_line_endings (0.00s)
    --- PASS: TestNormalizeYAMLForParsing/mac_classic_line_endings (0.00s)
    --- PASS: TestNormalizeYAMLForParsing/UTF-8_BOM_at_start (0.00s)
    --- PASS: TestNormalizeYAMLForParsing/UTF-8_BOM_in_middle (0.00s)
    --- PASS: TestNormalizeYAMLForParsing/zero-width_space (0.00s)
    --- PASS: TestNormalizeYAMLForParsing/tabs_in_indentation (0.00s)
    --- PASS: TestNormalizeYAMLForParsing/nbsp_in_indentation (0.00s)
    --- PASS: TestNormalizeYAMLForParsing/mixed_tabs_and_nbsp (0.00s)
    --- PASS: TestNormalizeYAMLForParsing/empty_lines_preserved (0.00s)
    --- PASS: TestNormalizeYAMLForParsing/normal_yaml_unchanged (0.00s)
    --- PASS: TestNormalizeYAMLForParsing/tabs_mid-line_not_affected (0.00s)
=== RUN   TestNormalizeYAMLForParsing_EdgeCases
=== RUN   TestNormalizeYAMLForParsing_EdgeCases/empty_string
=== RUN   TestNormalizeYAMLForParsing_EdgeCases/only_whitespace
=== RUN   TestNormalizeYAMLForParsing_EdgeCases/only_special_chars
--- PASS: TestNormalizeYAMLForParsing_EdgeCases (0.00s)
    --- PASS: TestNormalizeYAMLForParsing_EdgeCases/empty_string (0.00s)
    --- PASS: TestNormalizeYAMLForParsing_EdgeCases/only_whitespace (0.00s)
    --- PASS: TestNormalizeYAMLForParsing_EdgeCases/only_special_chars (0.00s)
=== RUN   TestNormalizeYAMLForParsing_ComplexDocument
--- PASS: TestNormalizeYAMLForParsing_ComplexDocument (0.00s)
=== RUN   TestGetRoleBindings_ReturnsRoleBindings
--- PASS: TestGetRoleBindings_ReturnsRoleBindings (0.00s)
=== RUN   TestGetRoleBindings_NoRoleBindings
--- PASS: TestGetRoleBindings_NoRoleBindings (0.00s)
=== RUN   TestGetRoleBindings_EmptyNamespace
--- PASS: TestGetRoleBindings_EmptyNamespace (0.00s)
=== RUN   TestGetClusterRoleBindings_ReturnsClusterRoleBindings
--- PASS: TestGetClusterRoleBindings_ReturnsClusterRoleBindings (0.00s)
=== RUN   TestGetRoleBindingDetail_ReturnsRoleBinding
--- PASS: TestGetRoleBindingDetail_ReturnsRoleBinding (0.00s)
=== RUN   TestGetRoleBindingDetail_EmptyNamespace
--- PASS: TestGetRoleBindingDetail_EmptyNamespace (0.00s)
=== RUN   TestGetRoleBindingDetail_EmptyName
--- PASS: TestGetRoleBindingDetail_EmptyName (0.00s)
=== RUN   TestGetClusterRoleBindingDetail_ReturnsClusterRoleBinding
--- PASS: TestGetClusterRoleBindingDetail_ReturnsClusterRoleBinding (0.00s)
=== RUN   TestGetClusterRoleBindingDetail_EmptyName
--- PASS: TestGetClusterRoleBindingDetail_EmptyName (0.00s)
=== RUN   TestGetRoles_ReturnsRoles
--- PASS: TestGetRoles_ReturnsRoles (0.00s)
=== RUN   TestGetRoles_NoRoles
--- PASS: TestGetRoles_NoRoles (0.00s)
=== RUN   TestGetRoles_EmptyNamespace
--- PASS: TestGetRoles_EmptyNamespace (0.00s)
=== RUN   TestGetClusterRoles_ReturnsClusterRoles
--- PASS: TestGetClusterRoles_ReturnsClusterRoles (0.00s)
=== RUN   TestGetRoleDetail_ReturnsRole
--- PASS: TestGetRoleDetail_ReturnsRole (0.00s)
=== RUN   TestGetRoleDetail_EmptyNamespace
--- PASS: TestGetRoleDetail_EmptyNamespace (0.00s)
=== RUN   TestGetRoleDetail_EmptyName
--- PASS: TestGetRoleDetail_EmptyName (0.00s)
=== RUN   TestGetClusterRoleDetail_ReturnsClusterRole
--- PASS: TestGetClusterRoleDetail_ReturnsClusterRole (0.00s)
=== RUN   TestGetClusterRoleDetail_EmptyName
--- PASS: TestGetClusterRoleDetail_EmptyName (0.00s)
=== RUN   TestScaleResource_NegativeReplicas
--- PASS: TestScaleResource_NegativeReplicas (0.00s)
=== RUN   TestScaleResource_UnsupportedKind
=== RUN   TestScaleResource_UnsupportedKind/Pod
=== RUN   TestScaleResource_UnsupportedKind/Service
=== RUN   TestScaleResource_UnsupportedKind/ConfigMap
=== RUN   TestScaleResource_UnsupportedKind/Secret
=== RUN   TestScaleResource_UnsupportedKind/Job
=== RUN   TestScaleResource_UnsupportedKind/CronJob
=== RUN   TestScaleResource_UnsupportedKind/Unknown
--- PASS: TestScaleResource_UnsupportedKind (0.00s)
    --- PASS: TestScaleResource_UnsupportedKind/Pod (0.00s)
    --- PASS: TestScaleResource_UnsupportedKind/Service (0.00s)
    --- PASS: TestScaleResource_UnsupportedKind/ConfigMap (0.00s)
    --- PASS: TestScaleResource_UnsupportedKind/Secret (0.00s)
    --- PASS: TestScaleResource_UnsupportedKind/Job (0.00s)
    --- PASS: TestScaleResource_UnsupportedKind/CronJob (0.00s)
    --- PASS: TestScaleResource_UnsupportedKind/Unknown (0.00s)
=== RUN   TestScaleResource_DaemonSetNotScalable
--- PASS: TestScaleResource_DaemonSetNotScalable (0.00s)
=== RUN   TestScaleResource_DaemonSetsPlural
--- PASS: TestScaleResource_DaemonSetsPlural (0.00s)
=== RUN   TestScaleResource_DeploymentKindVariations
=== RUN   TestScaleResource_DeploymentKindVariations/Deployment
=== RUN   TestScaleResource_DeploymentKindVariations/deployment
=== RUN   TestScaleResource_DeploymentKindVariations/DEPLOYMENT
=== RUN   TestScaleResource_DeploymentKindVariations/deployments
=== RUN   TestScaleResource_DeploymentKindVariations/Deployments
--- PASS: TestScaleResource_DeploymentKindVariations (0.00s)
    --- PASS: TestScaleResource_DeploymentKindVariations/Deployment (0.00s)
    --- PASS: TestScaleResource_DeploymentKindVariations/deployment (0.00s)
    --- PASS: TestScaleResource_DeploymentKindVariations/DEPLOYMENT (0.00s)
    --- PASS: TestScaleResource_DeploymentKindVariations/deployments (0.00s)
    --- PASS: TestScaleResource_DeploymentKindVariations/Deployments (0.00s)
=== RUN   TestScaleResource_StatefulSetKindVariations
=== RUN   TestScaleResource_StatefulSetKindVariations/StatefulSet
=== RUN   TestScaleResource_StatefulSetKindVariations/statefulset
=== RUN   TestScaleResource_StatefulSetKindVariations/statefulsets
=== RUN   TestScaleResource_StatefulSetKindVariations/StatefulSets
--- PASS: TestScaleResource_StatefulSetKindVariations (0.00s)
    --- PASS: TestScaleResource_StatefulSetKindVariations/StatefulSet (0.00s)
    --- PASS: TestScaleResource_StatefulSetKindVariations/statefulset (0.00s)
    --- PASS: TestScaleResource_StatefulSetKindVariations/statefulsets (0.00s)
    --- PASS: TestScaleResource_StatefulSetKindVariations/StatefulSets (0.00s)
=== RUN   TestScaleResource_ReplicaSetKindVariations
=== RUN   TestScaleResource_ReplicaSetKindVariations/ReplicaSet
=== RUN   TestScaleResource_ReplicaSetKindVariations/replicaset
=== RUN   TestScaleResource_ReplicaSetKindVariations/replicasets
=== RUN   TestScaleResource_ReplicaSetKindVariations/ReplicaSets
--- PASS: TestScaleResource_ReplicaSetKindVariations (0.00s)
    --- PASS: TestScaleResource_ReplicaSetKindVariations/ReplicaSet (0.00s)
    --- PASS: TestScaleResource_ReplicaSetKindVariations/replicaset (0.00s)
    --- PASS: TestScaleResource_ReplicaSetKindVariations/replicasets (0.00s)
    --- PASS: TestScaleResource_ReplicaSetKindVariations/ReplicaSets (0.00s)
=== RUN   TestGetSecretConsumers
--- PASS: TestGetSecretConsumers (0.00s)
=== RUN   TestUpdateSecretDataKey
--- PASS: TestUpdateSecretDataKey (0.00s)
=== RUN   TestGetSecretData
--- PASS: TestGetSecretData (0.00s)
=== RUN   TestGetSecretData_EmptyName
--- PASS: TestGetSecretData_EmptyName (0.00s)
=== RUN   TestGetSecretData_NoNamespace
--- PASS: TestGetSecretData_NoNamespace (0.00s)
=== RUN   TestGetSecrets
=== RUN   TestGetSecrets/empty_namespace
=== RUN   TestGetSecrets/single_secret
=== RUN   TestGetSecrets/multiple_secrets
=== RUN   TestGetSecrets/secrets_in_different_namespaces
--- PASS: TestGetSecrets (0.00s)
    --- PASS: TestGetSecrets/empty_namespace (0.00s)
    --- PASS: TestGetSecrets/single_secret (0.00s)
    --- PASS: TestGetSecrets/multiple_secrets (0.00s)
    --- PASS: TestGetSecrets/secrets_in_different_namespaces (0.00s)
=== RUN   TestGetSecrets_NoNamespace
--- PASS: TestGetSecrets_NoNamespace (0.00s)
=== RUN   TestGetSecrets_UsesCurrentNamespace
--- PASS: TestGetSecrets_UsesCurrentNamespace (0.00s)
=== RUN   TestGetSecrets_Details
--- PASS: TestGetSecrets_Details (0.00s)
=== RUN   TestGetSecrets_ListError
--- PASS: TestGetSecrets_ListError (0.00s)
=== RUN   TestGetServiceAccounts_ReturnsServiceAccounts
--- PASS: TestGetServiceAccounts_ReturnsServiceAccounts (0.00s)
=== RUN   TestGetServiceAccounts_NoServiceAccounts
--- PASS: TestGetServiceAccounts_NoServiceAccounts (0.00s)
=== RUN   TestGetServiceAccounts_EmptyNamespace
--- PASS: TestGetServiceAccounts_EmptyNamespace (0.00s)
=== RUN   TestGetServiceAccountDetail_ReturnsServiceAccount
--- PASS: TestGetServiceAccountDetail_ReturnsServiceAccount (0.00s)
=== RUN   TestGetServiceAccountDetail_EmptyNamespace
--- PASS: TestGetServiceAccountDetail_EmptyNamespace (0.00s)
=== RUN   TestGetServiceAccountDetail_EmptyName
--- PASS: TestGetServiceAccountDetail_EmptyName (0.00s)
=== RUN   TestBuildServiceAccountInfo_NoSecrets
--- PASS: TestBuildServiceAccountInfo_NoSecrets (0.00s)
=== RUN   TestGetServices_ReturnsServices
--- PASS: TestGetServices_ReturnsServices (0.01s)
=== RUN   TestGetServices_EmptyNamespace
--- PASS: TestGetServices_EmptyNamespace (0.00s)
=== RUN   TestGetServices_NoServices
--- PASS: TestGetServices_NoServices (0.00s)
=== RUN   TestGetServices_WithLabels
--- PASS: TestGetServices_WithLabels (0.00s)
=== RUN   TestGetServiceEndpoints_ReturnsEndpoints
--- PASS: TestGetServiceEndpoints_ReturnsEndpoints (0.00s)
=== RUN   TestGetServiceEndpoints_IncludesNotReadyAddresses
--- PASS: TestGetServiceEndpoints_IncludesNotReadyAddresses (0.00s)
=== RUN   TestGetServiceEndpoints_EmptyParams
--- PASS: TestGetServiceEndpoints_EmptyParams (0.00s)
=== RUN   TestGetServiceEndpoints_ServiceNotFound
--- PASS: TestGetServiceEndpoints_ServiceNotFound (0.00s)
=== RUN   TestGetServiceSummary_ReturnsInfo
--- PASS: TestGetServiceSummary_ReturnsInfo (0.00s)
=== RUN   TestGetServiceSummary_EmptyNamespace
--- PASS: TestGetServiceSummary_EmptyNamespace (0.00s)
=== RUN   TestGetServiceSummary_EmptyServiceName
--- PASS: TestGetServiceSummary_EmptyServiceName (0.00s)
=== RUN   TestGetServiceSummary_NotFound
--- PASS: TestGetServiceSummary_NotFound (0.00s)
=== RUN   TestGetServices_PortFormatting
--- PASS: TestGetServices_PortFormatting (0.00s)
=== RUN   TestGetServices_DifferentTypes
--- PASS: TestGetServices_DifferentTypes (0.00s)
=== RUN   TestGetServiceEndpoints_MultipleSubsets
--- PASS: TestGetServiceEndpoints_MultipleSubsets (0.00s)
=== RUN   TestGetServiceEndpoints_WithoutNodeName
--- PASS: TestGetServiceEndpoints_WithoutNodeName (0.00s)
=== RUN   TestGetStatefulSets
=== RUN   TestGetStatefulSets/empty_namespace
=== RUN   TestGetStatefulSets/single_statefulset
=== RUN   TestGetStatefulSets/multiple_statefulsets
=== RUN   TestGetStatefulSets/statefulsets_in_different_namespaces
--- PASS: TestGetStatefulSets (0.00s)
    --- PASS: TestGetStatefulSets/empty_namespace (0.00s)
    --- PASS: TestGetStatefulSets/single_statefulset (0.00s)
    --- PASS: TestGetStatefulSets/multiple_statefulsets (0.00s)
    --- PASS: TestGetStatefulSets/statefulsets_in_different_namespaces (0.00s)
=== RUN   TestGetStatefulSets_Details
--- PASS: TestGetStatefulSets_Details (0.00s)
=== RUN   TestGetStatefulSets_NilReplicas
--- PASS: TestGetStatefulSets_NilReplicas (0.00s)
=== RUN   TestGetStatefulSets_NoContainers
--- PASS: TestGetStatefulSets_NoContainers (0.00s)
=== RUN   TestGetStatefulSets_ListError
--- PASS: TestGetStatefulSets_ListError (0.00s)
=== RUN   TestGetStorageClasses_ReturnsStorageClasses
--- PASS: TestGetStorageClasses_ReturnsStorageClasses (0.00s)
=== RUN   TestGetStorageClasses_NoStorageClasses
--- PASS: TestGetStorageClasses_NoStorageClasses (0.00s)
=== RUN   TestGetStorageClassDetail_ReturnsStorageClass
--- PASS: TestGetStorageClassDetail_ReturnsStorageClass (0.00s)
=== RUN   TestGetStorageClassDetail_EmptyName
--- PASS: TestGetStorageClassDetail_EmptyName (0.00s)
=== RUN   TestBuildStorageClassInfo_Defaults
--- PASS: TestBuildStorageClassInfo_Defaults (0.00s)
=== RUN   TestStartSwarmTaskExecSession_EmptySessionID
--- PASS: TestStartSwarmTaskExecSession_EmptySessionID (0.00s)
=== RUN   TestStartSwarmTaskExecSession_EmptyTaskID
--- PASS: TestStartSwarmTaskExecSession_EmptyTaskID (0.00s)
=== RUN   TestStartSwarmTaskExecSession_NilClient
--- PASS: TestStartSwarmTaskExecSession_NilClient (0.00s)
=== RUN   TestStartSwarmTaskExecSession_TaskInspectError
--- PASS: TestStartSwarmTaskExecSession_TaskInspectError (0.00s)
=== RUN   TestStartSwarmTaskExecSession_NoContainer
--- PASS: TestStartSwarmTaskExecSession_NoContainer (0.00s)
=== RUN   TestStartSwarmTaskExecSession_Success
--- PASS: TestStartSwarmTaskExecSession_Success (0.00s)
=== RUN   TestSwarmExecAttachTTY_Success
--- PASS: TestSwarmExecAttachTTY_Success (0.00s)
=== RUN   TestSwarmExecAttachTTY_CreateError
--- PASS: TestSwarmExecAttachTTY_CreateError (0.00s)
=== RUN   TestSwarmExecAttachTTY_AttachError
--- PASS: TestSwarmExecAttachTTY_AttachError (0.00s)
=== RUN   TestSwarmExecAttachTTYWithProbe_Timeout
--- PASS: TestSwarmExecAttachTTYWithProbe_Timeout (0.00s)
=== RUN   TestSwarmExecAttachTTYWithProbe_OCIRuntimeError
--- PASS: TestSwarmExecAttachTTYWithProbe_OCIRuntimeError (0.00s)
=== RUN   TestSwarmExecAttachTTYWithProbe_NoSuchFile
--- PASS: TestSwarmExecAttachTTYWithProbe_NoSuchFile (0.00s)
=== RUN   TestSwarmExecAttachTTYWithProbe_ImmediateClose
--- PASS: TestSwarmExecAttachTTYWithProbe_ImmediateClose (0.00s)
=== RUN   TestSwarmExecAttachTTYWithProbe_SuccessWithInitialData
--- PASS: TestSwarmExecAttachTTYWithProbe_SuccessWithInitialData (0.00s)
=== RUN   TestStartSwarmTaskExecSession_AutoShellFallback
--- PASS: TestStartSwarmTaskExecSession_AutoShellFallback (0.00s)
=== RUN   TestGetPodsCountForResource_Success
=== RUN   TestGetPodsCountForResource_Success/deployment
=== RUN   TestGetPodsCountForResource_Success/statefulset
=== RUN   TestGetPodsCountForResource_Success/daemonset
=== RUN   TestGetPodsCountForResource_Success/replicaset
=== RUN   TestGetPodsCountForResource_Success/job
--- PASS: TestGetPodsCountForResource_Success (0.00s)
    --- PASS: TestGetPodsCountForResource_Success/deployment (0.00s)
    --- PASS: TestGetPodsCountForResource_Success/statefulset (0.00s)
    --- PASS: TestGetPodsCountForResource_Success/daemonset (0.00s)
    --- PASS: TestGetPodsCountForResource_Success/replicaset (0.00s)
    --- PASS: TestGetPodsCountForResource_Success/job (0.00s)
=== RUN   TestGetPVCConsumersCount
--- PASS: TestGetPVCConsumersCount (0.00s)
=== RUN   TestGetWorkloadPodCountAndStatefulSetCounts
--- PASS: TestGetWorkloadPodCountAndStatefulSetCounts (0.00s)
=== RUN   TestTabCounts_ReturnsErrorWhenKubeConfigMissing
--- PASS: TestTabCounts_ReturnsErrorWhenKubeConfigMissing (0.00s)
=== RUN   TestGetResourceEventsCount
--- PASS: TestGetResourceEventsCount (0.00s)
=== RUN   TestGetResourceEventsCountEmpty
--- PASS: TestGetResourceEventsCountEmpty (0.00s)
=== RUN   TestGetPodsCountForResource_UnsupportedKind
--- PASS: TestGetPodsCountForResource_UnsupportedKind (0.00s)
=== RUN   TestGetPodsCountForResource_DetailErrors
=== RUN   TestGetPodsCountForResource_DetailErrors/deployment
=== RUN   TestGetPodsCountForResource_DetailErrors/statefulset
=== RUN   TestGetPodsCountForResource_DetailErrors/job
--- PASS: TestGetPodsCountForResource_DetailErrors (0.00s)
    --- PASS: TestGetPodsCountForResource_DetailErrors/deployment (0.00s)
    --- PASS: TestGetPodsCountForResource_DetailErrors/statefulset (0.00s)
    --- PASS: TestGetPodsCountForResource_DetailErrors/job (0.00s)
=== RUN   TestGetCronJobHistoryCount
--- PASS: TestGetCronJobHistoryCount (0.00s)
=== RUN   TestGetServiceEndpointsCount
--- PASS: TestGetServiceEndpointsCount (0.00s)
=== RUN   TestGetConfigMapDataCount
--- PASS: TestGetConfigMapDataCount (0.00s)
=== RUN   TestGetSecretDataCount
--- PASS: TestGetSecretDataCount (0.00s)
=== RUN   TestGetIngressRulesCount
--- PASS: TestGetIngressRulesCount (0.00s)
=== RUN   TestGetAllTabCounts
--- PASS: TestGetAllTabCounts (0.00s)
=== RUN   TestGetAllTabCounts_StatefulSetCounts
--- PASS: TestGetAllTabCounts_StatefulSetCounts (0.00s)
=== RUN   TestGetAllTabCounts_StatefulSetErrors
--- PASS: TestGetAllTabCounts_StatefulSetErrors (0.00s)
=== RUN   TestGetAllTabCounts_ConfigMapCounts
--- PASS: TestGetAllTabCounts_ConfigMapCounts (0.00s)
=== RUN   TestGetAllTabCounts_ConfigMapErrors
--- PASS: TestGetAllTabCounts_ConfigMapErrors (0.00s)
=== RUN   TestGetAllTabCounts_SecretCounts
--- PASS: TestGetAllTabCounts_SecretCounts (0.00s)
=== RUN   TestGetAllTabCounts_SecretErrors
--- PASS: TestGetAllTabCounts_SecretErrors (0.00s)
=== RUN   TestGetStatefulSetPVCsCount_ByOwnerReference
--- PASS: TestGetStatefulSetPVCsCount_ByOwnerReference (0.00s)
=== RUN   TestGetStatefulSetPVCsCount_ByNamePrefix
--- PASS: TestGetStatefulSetPVCsCount_ByNamePrefix (0.00s)
=== RUN   TestGetAllTabCounts_Secret
--- PASS: TestGetAllTabCounts_Secret (0.00s)
=== RUN   TestGetAllTabCounts_Service
--- PASS: TestGetAllTabCounts_Service (0.00s)
=== RUN   TestGetAllTabCounts_Ingress
--- PASS: TestGetAllTabCounts_Ingress (0.00s)
=== RUN   TestGetAllTabCounts_CronJob
--- PASS: TestGetAllTabCounts_CronJob (0.00s)
=== RUN   TestGetIngressRulesCount_NoHTTP
--- PASS: TestGetIngressRulesCount_NoHTTP (0.00s)
=== RUN   TestGetServiceEndpointsCount_NotFound
--- PASS: TestGetServiceEndpointsCount_NotFound (0.00s)
=== RUN   TestFormatDuration_Days
=== RUN   TestFormatDuration_Days/1_day
=== RUN   TestFormatDuration_Days/2_days
=== RUN   TestFormatDuration_Days/7_days
=== RUN   TestFormatDuration_Days/30_days
--- PASS: TestFormatDuration_Days (0.00s)
    --- PASS: TestFormatDuration_Days/1_day (0.00s)
    --- PASS: TestFormatDuration_Days/2_days (0.00s)
    --- PASS: TestFormatDuration_Days/7_days (0.00s)
    --- PASS: TestFormatDuration_Days/30_days (0.00s)
=== RUN   TestFormatDuration_Hours
=== RUN   TestFormatDuration_Hours/1_hour
=== RUN   TestFormatDuration_Hours/5_hours
=== RUN   TestFormatDuration_Hours/23_hours
--- PASS: TestFormatDuration_Hours (0.00s)
    --- PASS: TestFormatDuration_Hours/1_hour (0.00s)
    --- PASS: TestFormatDuration_Hours/5_hours (0.00s)
    --- PASS: TestFormatDuration_Hours/23_hours (0.00s)
=== RUN   TestFormatDuration_Minutes
=== RUN   TestFormatDuration_Minutes/1_minute
=== RUN   TestFormatDuration_Minutes/5_minutes
=== RUN   TestFormatDuration_Minutes/59_minutes
--- PASS: TestFormatDuration_Minutes (0.00s)
    --- PASS: TestFormatDuration_Minutes/1_minute (0.00s)
    --- PASS: TestFormatDuration_Minutes/5_minutes (0.00s)
    --- PASS: TestFormatDuration_Minutes/59_minutes (0.00s)
=== RUN   TestFormatDuration_Seconds
=== RUN   TestFormatDuration_Seconds/0_seconds
=== RUN   TestFormatDuration_Seconds/1_second
=== RUN   TestFormatDuration_Seconds/30_seconds
=== RUN   TestFormatDuration_Seconds/59_seconds
--- PASS: TestFormatDuration_Seconds (0.00s)
    --- PASS: TestFormatDuration_Seconds/0_seconds (0.00s)
    --- PASS: TestFormatDuration_Seconds/1_second (0.00s)
    --- PASS: TestFormatDuration_Seconds/30_seconds (0.00s)
    --- PASS: TestFormatDuration_Seconds/59_seconds (0.00s)
=== RUN   TestFormatDuration_Negative
--- PASS: TestFormatDuration_Negative (0.00s)
=== RUN   TestFormatBytes_Zero
--- PASS: TestFormatBytes_Zero (0.00s)
=== RUN   TestFormatBytes_Bytes
=== RUN   TestFormatBytes_Bytes/1_byte
=== RUN   TestFormatBytes_Bytes/100_bytes
=== RUN   TestFormatBytes_Bytes/1023_bytes
--- PASS: TestFormatBytes_Bytes (0.00s)
    --- PASS: TestFormatBytes_Bytes/1_byte (0.00s)
    --- PASS: TestFormatBytes_Bytes/100_bytes (0.00s)
    --- PASS: TestFormatBytes_Bytes/1023_bytes (0.00s)
=== RUN   TestFormatBytes_Kilobytes
=== RUN   TestFormatBytes_Kilobytes/1_KB
=== RUN   TestFormatBytes_Kilobytes/1.5_KB
=== RUN   TestFormatBytes_Kilobytes/10_KB
--- PASS: TestFormatBytes_Kilobytes (0.00s)
    --- PASS: TestFormatBytes_Kilobytes/1_KB (0.00s)
    --- PASS: TestFormatBytes_Kilobytes/1.5_KB (0.00s)
    --- PASS: TestFormatBytes_Kilobytes/10_KB (0.00s)
=== RUN   TestFormatBytes_Megabytes
=== RUN   TestFormatBytes_Megabytes/1_MB
=== RUN   TestFormatBytes_Megabytes/5.5_MB
--- PASS: TestFormatBytes_Megabytes (0.00s)
    --- PASS: TestFormatBytes_Megabytes/1_MB (0.00s)
    --- PASS: TestFormatBytes_Megabytes/5.5_MB (0.00s)
=== RUN   TestFormatBytes_Gigabytes
--- PASS: TestFormatBytes_Gigabytes (0.00s)
=== RUN   TestEmitEvent_Disabled_NoPanic
--- PASS: TestEmitEvent_Disabled_NoPanic (0.00s)
=== RUN   TestEmitEvent_NilContext_NoPanic
--- PASS: TestEmitEvent_NilContext_NoPanic (0.00s)
=== RUN   TestGetPollingNamespaces_PreferredCopy
--- PASS: TestGetPollingNamespaces_PreferredCopy (0.00s)
=== RUN   TestGetPollingNamespaces_CurrentNamespaceFallback
--- PASS: TestGetPollingNamespaces_CurrentNamespaceFallback (0.00s)
=== RUN   TestGetPollingNamespaces_Empty
--- PASS: TestGetPollingNamespaces_Empty (0.00s)
=== RUN   TestGetDeploymentLogs_ReturnsAggregatedLogs
    workload_logs_test.go:58: GetDeploymentLogs completed (fake client may not support logs)
--- PASS: TestGetDeploymentLogs_ReturnsAggregatedLogs (0.00s)
=== RUN   TestGetDeploymentLogs_NoSelector
--- PASS: TestGetDeploymentLogs_NoSelector (0.00s)
=== RUN   TestGetDeploymentLogs_NotFound
--- PASS: TestGetDeploymentLogs_NotFound (0.00s)
=== RUN   TestGetStatefulSetLogs_ReturnsAggregatedLogs
    workload_logs_test.go:124: GetStatefulSetLogs completed
--- PASS: TestGetStatefulSetLogs_ReturnsAggregatedLogs (0.00s)
=== RUN   TestGetStatefulSetLogs_NoSelector
--- PASS: TestGetStatefulSetLogs_NoSelector (0.00s)
=== RUN   TestGetDaemonSetLogs_ReturnsAggregatedLogs
    workload_logs_test.go:179: GetDaemonSetLogs completed
--- PASS: TestGetDaemonSetLogs_ReturnsAggregatedLogs (0.00s)
=== RUN   TestGetDaemonSetLogs_NoSelector
--- PASS: TestGetDaemonSetLogs_NoSelector (0.00s)
=== RUN   TestGetJobLogs_ReturnsAggregatedLogs
    workload_logs_test.go:234: GetJobLogs completed
--- PASS: TestGetJobLogs_ReturnsAggregatedLogs (0.00s)
=== RUN   TestGetJobLogs_NoSelector
--- PASS: TestGetJobLogs_NoSelector (0.00s)
=== RUN   TestGetReplicaSetLogs_ReturnsAggregatedLogs
    workload_logs_test.go:289: GetReplicaSetLogs completed
--- PASS: TestGetReplicaSetLogs_ReturnsAggregatedLogs (0.00s)
=== RUN   TestGetReplicaSetLogs_NoSelector
--- PASS: TestGetReplicaSetLogs_NoSelector (0.00s)
=== RUN   TestAggregatePodsLogs_EmptyNamespace
--- PASS: TestAggregatePodsLogs_EmptyNamespace (0.00s)
=== RUN   TestAggregatePodsLogs_EmptyPods
--- PASS: TestAggregatePodsLogs_EmptyPods (0.00s)
=== RUN   TestAggregatePodsLogs_StableOrderingAndFormatting
--- PASS: TestAggregatePodsLogs_StableOrderingAndFormatting (0.00s)
=== RUN   TestGetDeploymentLogs_ListPodsError
--- PASS: TestGetDeploymentLogs_ListPodsError (0.00s)
=== RUN   TestGetDeploymentLogs_ZeroPods
--- PASS: TestGetDeploymentLogs_ZeroPods (0.00s)
=== RUN   TestGetStatefulSetLogs_ListPodsError
--- PASS: TestGetStatefulSetLogs_ListPodsError (0.00s)
=== RUN   TestGetStatefulSetLogs_ZeroPods
--- PASS: TestGetStatefulSetLogs_ZeroPods (0.00s)
=== RUN   TestGetDaemonSetLogs_ListPodsError
--- PASS: TestGetDaemonSetLogs_ListPodsError (0.00s)
=== RUN   TestGetDaemonSetLogs_ZeroPods
--- PASS: TestGetDaemonSetLogs_ZeroPods (0.00s)
=== RUN   TestGetJobLogs_ListPodsError
--- PASS: TestGetJobLogs_ListPodsError (0.00s)
=== RUN   TestGetJobLogs_ZeroPods
--- PASS: TestGetJobLogs_ZeroPods (0.00s)
=== RUN   TestGetPodLogsInNamespace_TailLinesDefaulting
--- PASS: TestGetPodLogsInNamespace_TailLinesDefaulting (0.00s)
=== RUN   TestGetPodLogsInNamespace_NilContext_NoPanic
--- PASS: TestGetPodLogsInNamespace_NilContext_NoPanic (0.00s)
=== RUN   TestGetPodLogsInNamespace_ReturnsFetcherError
--- PASS: TestGetPodLogsInNamespace_ReturnsFetcherError (0.00s)
PASS
ok  	gowails/pkg/app	12.721s
=== RUN   Test_DefaultDockerHost_respectsEnvOverride
--- PASS: Test_DefaultDockerHost_respectsEnvOverride (0.00s)
=== RUN   Test_createTLSHTTPClient_errorsOnInvalidCA
--- PASS: Test_createTLSHTTPClient_errorsOnInvalidCA (0.00s)
=== RUN   Test_createTLSHTTPClient_setsInsecureSkipVerifyWhenTLSVerifyFalse
--- PASS: Test_createTLSHTTPClient_setsInsecureSkipVerifyWhenTLSVerifyFalse (0.00s)
=== RUN   Test_NewClient_TLSBranchCallsConstructor
--- PASS: Test_NewClient_TLSBranchCallsConstructor (0.00s)
=== RUN   Test_NewClient_usesInjectableConstructor
--- PASS: Test_NewClient_usesInjectableConstructor (0.00s)
=== RUN   Test_TestConnection_returnsDisconnectedOnClientError
--- PASS: Test_TestConnection_returnsDisconnectedOnClientError (0.00s)
=== RUN   Test_TestConnection_happyPathSetsSwarmAndManager
--- PASS: Test_TestConnection_happyPathSetsSwarmAndManager (0.00s)
=== RUN   Test_isSwarmActive
--- PASS: Test_isSwarmActive (0.00s)
=== RUN   Test_getSwarmConfigs_listsAndConverts
--- PASS: Test_getSwarmConfigs_listsAndConverts (0.07s)
=== RUN   Test_getSwarmConfig_returnsItem
--- PASS: Test_getSwarmConfig_returnsItem (0.00s)
=== RUN   Test_getSwarmConfigData_returnsBytes
--- PASS: Test_getSwarmConfigData_returnsBytes (0.00s)
=== RUN   Test_createSwarmConfig_callsConfigCreate
--- PASS: Test_createSwarmConfig_callsConfigCreate (0.00s)
=== RUN   Test_updateSwarmConfig_updatesData
--- PASS: Test_updateSwarmConfig_updatesData (0.00s)
=== RUN   Test_removeSwarmConfig_callsRemove
--- PASS: Test_removeSwarmConfig_callsRemove (0.00s)
=== RUN   Test_getSwarmConfigUsage_findsReferencingServices
--- PASS: Test_getSwarmConfigUsage_findsReferencingServices (0.00s)
=== RUN   Test_updateSwarmConfigDataImmutable_createsNewConfigAndMigrates
--- PASS: Test_updateSwarmConfigDataImmutable_createsNewConfigAndMigrates (0.00s)
=== RUN   TestServiceReferencesConfig
--- PASS: TestServiceReferencesConfig (0.00s)
=== RUN   TestReplaceServiceConfigRefs
--- PASS: TestReplaceServiceConfigRefs (0.00s)
=== RUN   TestConfigToInfo_LabelsDefault
--- PASS: TestConfigToInfo_LabelsDefault (0.00s)
=== RUN   TestConfigToInfo_NilLabels_DefaultsToEmptyMapAndComputesSize
--- PASS: TestConfigToInfo_NilLabels_DefaultsToEmptyMapAndComputesSize (0.00s)
=== RUN   TestSecretToInfo_NilLabels_DefaultsToEmptyMap
--- PASS: TestSecretToInfo_NilLabels_DefaultsToEmptyMap (0.00s)
=== RUN   TestNodeToInfo_LeaderAndLabelsDefault
--- PASS: TestNodeToInfo_LeaderAndLabelsDefault (0.00s)
=== RUN   Test_DefaultDockerHost_prefersDesktopLinuxPipeWhenPresent
--- PASS: Test_DefaultDockerHost_prefersDesktopLinuxPipeWhenPresent (0.00s)
=== RUN   Test_DefaultDockerHost_fallsBackToDockerEngineWhenDesktopPipeMissing
--- PASS: Test_DefaultDockerHost_fallsBackToDockerEngineWhenDesktopPipeMissing (0.00s)
=== RUN   TestDefaultImageUpdateSettings
--- PASS: TestDefaultImageUpdateSettings (0.00s)
=== RUN   TestValidateImageUpdateSettings
--- PASS: TestValidateImageUpdateSettings (0.00s)
=== RUN   TestSaveAndLoadImageUpdateSettings
--- PASS: TestSaveAndLoadImageUpdateSettings (0.03s)
=== RUN   TestSaveImageUpdateSettings_DefaultsIntervalWhenZero
--- PASS: TestSaveImageUpdateSettings_DefaultsIntervalWhenZero (0.01s)
=== RUN   TestIsRegistryHost
--- PASS: TestIsRegistryHost (0.00s)
=== RUN   TestIsDockerHubHost
--- PASS: TestIsDockerHubHost (0.00s)
=== RUN   TestParseImageReference
=== RUN   TestParseImageReference/errors_for_empty
=== RUN   TestParseImageReference/docker_hub_official_image_normalization
=== RUN   TestParseImageReference/explicit_host_and_digest
=== RUN   TestParseImageReference/digest-only_refs_keep_default_host
--- PASS: TestParseImageReference (0.00s)
    --- PASS: TestParseImageReference/errors_for_empty (0.00s)
    --- PASS: TestParseImageReference/docker_hub_official_image_normalization (0.00s)
    --- PASS: TestParseImageReference/explicit_host_and_digest (0.00s)
    --- PASS: TestParseImageReference/digest-only_refs_keep_default_host (0.00s)
=== RUN   TestRepoDigestForRef
--- PASS: TestRepoDigestForRef (0.00s)
=== RUN   TestApplyCachedImageUpdateFields_TTL
--- PASS: TestApplyCachedImageUpdateFields_TTL (0.00s)
=== RUN   TestPrettyJSON
=== RUN   TestPrettyJSON/empty
=== RUN   TestPrettyJSON/invalid_json_returns_raw
=== RUN   TestPrettyJSON/valid_json_pretty_prints
--- PASS: TestPrettyJSON (0.00s)
    --- PASS: TestPrettyJSON/empty (0.00s)
    --- PASS: TestPrettyJSON/invalid_json_returns_raw (0.00s)
    --- PASS: TestPrettyJSON/valid_json_pretty_prints (0.00s)
=== RUN   Test_getTaskLogs_callsContainerLogs
--- PASS: Test_getTaskLogs_callsContainerLogs (0.00s)
=== RUN   Test_getTaskLogs_noContainerReturnsError
--- PASS: Test_getTaskLogs_noContainerReturnsError (0.00s)
=== RUN   Test_getServiceLogs_callsServiceLogs
--- PASS: Test_getServiceLogs_callsServiceLogs (0.00s)
=== RUN   TestMetrics_CPUPercent
--- PASS: TestMetrics_CPUPercent (0.00s)
=== RUN   TestMetrics_MemoryUsage_SubtractsCache
--- PASS: TestMetrics_MemoryUsage_SubtractsCache (0.00s)
=== RUN   TestMetrics_NetworkTotals_SumsInterfaces
--- PASS: TestMetrics_NetworkTotals_SumsInterfaces (0.00s)
=== RUN   TestMetrics_CPUUsagePercentOfCapacity_Normalizes
--- PASS: TestMetrics_CPUUsagePercentOfCapacity_Normalizes (0.00s)
=== RUN   TestCollectSwarmMetrics_ComputesCountsAndResources
--- PASS: TestCollectSwarmMetrics_ComputesCountsAndResources (0.00s)
=== RUN   TestIsAlphaNumASCII
=== RUN   TestIsAlphaNumASCII/lowercase_a
=== RUN   TestIsAlphaNumASCII/lowercase_z
=== RUN   TestIsAlphaNumASCII/uppercase_A
=== RUN   TestIsAlphaNumASCII/uppercase_Z
=== RUN   TestIsAlphaNumASCII/digit_0
=== RUN   TestIsAlphaNumASCII/digit_9
=== RUN   TestIsAlphaNumASCII/dash
=== RUN   TestIsAlphaNumASCII/underscore
=== RUN   TestIsAlphaNumASCII/dot
=== RUN   TestIsAlphaNumASCII/space
=== RUN   TestIsAlphaNumASCII/special_char
--- PASS: TestIsAlphaNumASCII (0.00s)
    --- PASS: TestIsAlphaNumASCII/lowercase_a (0.00s)
    --- PASS: TestIsAlphaNumASCII/lowercase_z (0.00s)
    --- PASS: TestIsAlphaNumASCII/uppercase_A (0.00s)
    --- PASS: TestIsAlphaNumASCII/uppercase_Z (0.00s)
    --- PASS: TestIsAlphaNumASCII/digit_0 (0.00s)
    --- PASS: TestIsAlphaNumASCII/digit_9 (0.00s)
    --- PASS: TestIsAlphaNumASCII/dash (0.00s)
    --- PASS: TestIsAlphaNumASCII/underscore (0.00s)
    --- PASS: TestIsAlphaNumASCII/dot (0.00s)
    --- PASS: TestIsAlphaNumASCII/space (0.00s)
    --- PASS: TestIsAlphaNumASCII/special_char (0.00s)
=== RUN   TestSwarmTimestampedName_Basic
--- PASS: TestSwarmTimestampedName_Basic (0.00s)
=== RUN   TestSwarmTimestampedName_LongBaseName
--- PASS: TestSwarmTimestampedName_LongBaseName (0.00s)
=== RUN   TestSwarmTimestampedName_TrailingNonAlphaNum
--- PASS: TestSwarmTimestampedName_TrailingNonAlphaNum (0.00s)
=== RUN   TestSwarmTimestampedName_LeadingNonAlphaNum
--- PASS: TestSwarmTimestampedName_LeadingNonAlphaNum (0.00s)
=== RUN   TestSwarmTimestampedName_EmptyBaseAfterTrim
--- PASS: TestSwarmTimestampedName_EmptyBaseAfterTrim (0.00s)
=== RUN   TestSwarmTimestampedName_EmptyBase
--- PASS: TestSwarmTimestampedName_EmptyBase (0.00s)
=== RUN   TestSwarmTimestampedName_MaxLength
--- PASS: TestSwarmTimestampedName_MaxLength (0.00s)
=== RUN   TestSwarmTimestampedName_TruncationWithNonAlphaNum
--- PASS: TestSwarmTimestampedName_TruncationWithNonAlphaNum (0.00s)
=== RUN   TestSwarmTimestampedName_AllNonAlphaNum
--- PASS: TestSwarmTimestampedName_AllNonAlphaNum (0.00s)
=== RUN   TestSwarmTimestampedName_UnicodeCharacters
--- PASS: TestSwarmTimestampedName_UnicodeCharacters (0.00s)
=== RUN   TestSwarmTimestampedName_MixedCase
--- PASS: TestSwarmTimestampedName_MixedCase (0.00s)
=== RUN   TestGetSwarmNetworkServices_ReturnsAttachedServices
--- PASS: TestGetSwarmNetworkServices_ReturnsAttachedServices (0.00s)
=== RUN   TestGetSwarmNetworkServices_MatchesByNetworkName
--- PASS: TestGetSwarmNetworkServices_MatchesByNetworkName (0.00s)
=== RUN   TestGetSwarmNetworkServices_EmptyServices
--- PASS: TestGetSwarmNetworkServices_EmptyServices (0.00s)
=== RUN   TestGetSwarmNetworkContainers_ReturnsAttachedTasks
--- PASS: TestGetSwarmNetworkContainers_ReturnsAttachedTasks (0.00s)
=== RUN   TestGetSwarmNetworkContainers_EmptyTasks
--- PASS: TestGetSwarmNetworkContainers_EmptyTasks (0.00s)
=== RUN   TestGetSwarmNetworkContainers_SortsByServiceNameThenID
--- PASS: TestGetSwarmNetworkContainers_SortsByServiceNameThenID (0.00s)
=== RUN   TestGetSwarmNetworkInspectJSON_ReturnsJSON
--- PASS: TestGetSwarmNetworkInspectJSON_ReturnsJSON (0.00s)
=== RUN   Test_getSwarmNetworks_returnsConvertedNetworks
--- PASS: Test_getSwarmNetworks_returnsConvertedNetworks (0.00s)
=== RUN   Test_getSwarmNetwork_returnsNetwork
--- PASS: Test_getSwarmNetwork_returnsNetwork (0.00s)
=== RUN   Test_createSwarmNetwork_passesDriverAndOptions
--- PASS: Test_createSwarmNetwork_passesDriverAndOptions (0.00s)
=== RUN   Test_pruneSwarmNetworks_returnsDeletedIDs
--- PASS: Test_pruneSwarmNetworks_returnsDeletedIDs (0.00s)
=== RUN   Test_removeSwarmNetwork_callsRemove
--- PASS: Test_removeSwarmNetwork_callsRemove (0.00s)
=== RUN   TestNetworkResourceToInfo_NilLabels_DefaultsToEmptyMap
--- PASS: TestNetworkResourceToInfo_NilLabels_DefaultsToEmptyMap (0.00s)
=== RUN   TestBuildNetworkCreateOptions_OverlayDefaultsScopeToSwarm
--- PASS: TestBuildNetworkCreateOptions_OverlayDefaultsScopeToSwarm (0.00s)
=== RUN   TestBuildNetworkCreateOptions_IPAMConfigIncluded
--- PASS: TestBuildNetworkCreateOptions_IPAMConfigIncluded (0.00s)
=== RUN   Test_getSwarmNodes_listsAndConverts
--- PASS: Test_getSwarmNodes_listsAndConverts (0.00s)
=== RUN   Test_updateSwarmNodeAvailability_updatesSpec
--- PASS: Test_updateSwarmNodeAvailability_updatesSpec (0.00s)
=== RUN   Test_updateSwarmNodeRole_updatesSpec
--- PASS: Test_updateSwarmNodeRole_updatesSpec (0.00s)
=== RUN   Test_updateSwarmNodeLabels_updatesSpec
--- PASS: Test_updateSwarmNodeLabels_updatesSpec (0.00s)
=== RUN   Test_removeSwarmNode_callsRemoveWithForce
--- PASS: Test_removeSwarmNode_callsRemoveWithForce (0.00s)
=== RUN   Test_getSwarmNodeTasks_usesNodeFilter
--- PASS: Test_getSwarmNodeTasks_usesNodeFilter (0.00s)
=== RUN   Test_formatNodeAge_zeroIsDash
--- PASS: Test_formatNodeAge_zeroIsDash (0.00s)
=== RUN   Test_getSwarmNode_returnsConvertedNode
--- PASS: Test_getSwarmNode_returnsConvertedNode (0.00s)
=== RUN   Test_formatNodeAge_formatsNonZero
--- PASS: Test_formatNodeAge_formatsNonZero (0.00s)
=== RUN   Test_getSwarmJoinTokens_returnsTokensAndCommands
--- PASS: Test_getSwarmJoinTokens_returnsTokensAndCommands (0.00s)
=== RUN   Test_getSwarmJoinTokens_handlesNoRemoteManagers
--- PASS: Test_getSwarmJoinTokens_handlesNoRemoteManagers (0.00s)
=== RUN   Test_getSwarmJoinTokens_propagatesSwarmError
--- PASS: Test_getSwarmJoinTokens_propagatesSwarmError (0.00s)
=== RUN   Test_getSwarmJoinTokens_propagatesInfoError
--- PASS: Test_getSwarmJoinTokens_propagatesInfoError (0.00s)
=== RUN   Test_getSwarmSecrets_listsAndConverts
--- PASS: Test_getSwarmSecrets_listsAndConverts (0.00s)
=== RUN   Test_createSwarmSecret_callsSecretCreate
--- PASS: Test_createSwarmSecret_callsSecretCreate (0.00s)
=== RUN   Test_removeSwarmSecret_callsRemove
--- PASS: Test_removeSwarmSecret_callsRemove (0.00s)
=== RUN   Test_getSwarmSecret_returnsItem
--- PASS: Test_getSwarmSecret_returnsItem (0.00s)
=== RUN   Test_getSwarmSecretUsage_findsReferencingServices
--- PASS: Test_getSwarmSecretUsage_findsReferencingServices (0.00s)
=== RUN   Test_updateSwarmSecretDataImmutable_createsNewSecretAndMigrates
--- PASS: Test_updateSwarmSecretDataImmutable_createsNewSecretAndMigrates (0.00s)
=== RUN   Test_serviceReferencesSecret_matchesIDOrName
--- PASS: Test_serviceReferencesSecret_matchesIDOrName (0.00s)
=== RUN   Test_replaceServiceSecretRefs_updatesMatchingRefs
--- PASS: Test_replaceServiceSecretRefs_updatesMatchingRefs (0.00s)
=== RUN   Test_getSwarmServices_countsRunningTasksAndDefaultsLabels
--- PASS: Test_getSwarmServices_countsRunningTasksAndDefaultsLabels (0.00s)
=== RUN   Test_scaleSwarmService_replicatedUpdatesReplicas
--- PASS: Test_scaleSwarmService_replicatedUpdatesReplicas (0.00s)
=== RUN   Test_scaleSwarmService_globalReturnsError
--- PASS: Test_scaleSwarmService_globalReturnsError (0.00s)
=== RUN   Test_updateSwarmServiceImage_updatesImageAndForceUpdate
--- PASS: Test_updateSwarmServiceImage_updatesImageAndForceUpdate (0.00s)
=== RUN   Test_restartSwarmService_incrementsForceUpdate
--- PASS: Test_restartSwarmService_incrementsForceUpdate (0.00s)
=== RUN   Test_getSwarmService_countsOnlyRunningTasks
--- PASS: Test_getSwarmService_countsOnlyRunningTasks (0.00s)
=== RUN   Test_removeSwarmService_callsRemove
--- PASS: Test_removeSwarmService_callsRemove (0.00s)
=== RUN   Test_rollbackSwarmService_setsRollback
--- PASS: Test_rollbackSwarmService_setsRollback (0.00s)
=== RUN   Test_createSwarmService_withPorts
--- PASS: Test_createSwarmService_withPorts (0.00s)
=== RUN   Test_createSwarmService_globalMode
--- PASS: Test_createSwarmService_globalMode (0.00s)
=== RUN   Test_createSwarmService_errorOnMissingName
--- PASS: Test_createSwarmService_errorOnMissingName (0.00s)
=== RUN   Test_createSwarmService_errorOnMissingImage
--- PASS: Test_createSwarmService_errorOnMissingImage (0.00s)
=== RUN   Test_mountsToInfo_convertsMounts
--- PASS: Test_mountsToInfo_convertsMounts (0.00s)
=== RUN   Test_mountsToInfo_returnsNilForEmpty
--- PASS: Test_mountsToInfo_returnsNilForEmpty (0.00s)
=== RUN   TestServiceToInfo_ReplicatedModePortsAndImage
--- PASS: TestServiceToInfo_ReplicatedModePortsAndImage (0.00s)
=== RUN   TestServiceToInfo_GlobalModeSetsReplicasToRunningTasks
--- PASS: TestServiceToInfo_GlobalModeSetsReplicasToRunningTasks (0.00s)
=== RUN   Test_getSwarmStacks_groupsByStackLabel
--- PASS: Test_getSwarmStacks_groupsByStackLabel (0.00s)
=== RUN   Test_removeSwarmStack_removesServicesNetworksConfigsSecrets
--- PASS: Test_removeSwarmStack_removesServicesNetworksConfigsSecrets (0.00s)
=== RUN   TestSwarmStackResources_FieldsExist
--- PASS: TestSwarmStackResources_FieldsExist (0.00s)
=== RUN   TestSwarmStackResources_EmptyByDefault
--- PASS: TestSwarmStackResources_EmptyByDefault (0.00s)
=== RUN   Test_getSwarmTasks_mapsServiceAndNodeNames
--- PASS: Test_getSwarmTasks_mapsServiceAndNodeNames (0.00s)
=== RUN   Test_getSwarmTasksByService_addsServiceFilter
--- PASS: Test_getSwarmTasksByService_addsServiceFilter (0.00s)
=== RUN   Test_getSwarmTask_populatesServiceAndNodeNames
--- PASS: Test_getSwarmTask_populatesServiceAndNodeNames (0.00s)
=== RUN   TestTaskToInfo_PopulatesContainerIDAndError
--- PASS: TestTaskToInfo_PopulatesContainerIDAndError (0.00s)
=== RUN   Test_getSwarmVolumes_listsAndConverts
--- PASS: Test_getSwarmVolumes_listsAndConverts (0.00s)
=== RUN   Test_getSwarmVolume_inspectsAndDefaultsLabels
--- PASS: Test_getSwarmVolume_inspectsAndDefaultsLabels (0.00s)
=== RUN   Test_createSwarmVolume_buildsOptionsAndReturnsInfo
--- PASS: Test_createSwarmVolume_buildsOptionsAndReturnsInfo (0.00s)
=== RUN   Test_pruneSwarmVolumes_returnsReport
--- PASS: Test_pruneSwarmVolumes_returnsReport (0.00s)
=== RUN   Test_removeSwarmVolume_callsRemove
--- PASS: Test_removeSwarmVolume_callsRemove (0.00s)
=== RUN   Test_formatVolumeAge_handlesInvalidDate
--- PASS: Test_formatVolumeAge_handlesInvalidDate (0.00s)
=== RUN   Test_formatVolumeAge_formatsRFC3339
--- PASS: Test_formatVolumeAge_formatsRFC3339 (0.00s)
=== RUN   Test_getSwarmVolumeUsage_findsServicesUsingVolume
--- PASS: Test_getSwarmVolumeUsage_findsServicesUsingVolume (0.00s)
=== RUN   TestVolumeToInfo_NilLabels_DefaultsToEmptyMap
--- PASS: TestVolumeToInfo_NilLabels_DefaultsToEmptyMap (0.00s)
=== RUN   TestBuildVolumeCreateOptions_PopulatesFields
--- PASS: TestBuildVolumeCreateOptions_PopulatesFields (0.00s)
PASS
ok  	gowails/pkg/app/docker	(cached)
=== RUN   TestV2Client_ListRepositories
--- PASS: TestV2Client_ListRepositories (0.01s)
=== RUN   TestV2Client_ListTags_UsesBasicAuthWhenConfigured
--- PASS: TestV2Client_ListTags_UsesBasicAuthWhenConfigured (0.01s)
=== RUN   TestV2Client_GetManifestDigest_SendsAcceptAndReadsDigestHeader
--- PASS: TestV2Client_GetManifestDigest_SendsAcceptAndReadsDigestHeader (0.00s)
=== RUN   TestV2Client_Do_ExchangesBearerToken_Anonymous
--- PASS: TestV2Client_Do_ExchangesBearerToken_Anonymous (0.01s)
=== RUN   TestV2Client_Do_ExchangesBearerToken_UsesBasicAuthWhenConfigured
--- PASS: TestV2Client_Do_ExchangesBearerToken_UsesBasicAuthWhenConfigured (0.01s)
=== RUN   TestNewClient_SelectsImplementation
=== RUN   TestNewClient_SelectsImplementation/generic_v2
=== RUN   TestNewClient_SelectsImplementation/artifactory_uses_v2_client
=== RUN   TestNewClient_SelectsImplementation/docker_hub_uses_dockerHubClient
--- PASS: TestNewClient_SelectsImplementation (0.00s)
    --- PASS: TestNewClient_SelectsImplementation/generic_v2 (0.00s)
    --- PASS: TestNewClient_SelectsImplementation/artifactory_uses_v2_client (0.00s)
    --- PASS: TestNewClient_SelectsImplementation/docker_hub_uses_dockerHubClient (0.00s)
=== RUN   TestNewV2Client_HTTPValidation
--- PASS: TestNewV2Client_HTTPValidation (0.00s)
=== RUN   TestParseBearerChallenge
--- PASS: TestParseBearerChallenge (0.00s)
=== RUN   TestV2Client_ExchangeBearerToken_ErrorOnMissingToken
--- PASS: TestV2Client_ExchangeBearerToken_ErrorOnMissingToken (0.00s)
=== RUN   TestV2Client_GetImageSizeBytes_ManifestListPrefersLinuxAmd64
--- PASS: TestV2Client_GetImageSizeBytes_ManifestListPrefersLinuxAmd64 (0.01s)
=== RUN   TestV2Client_GetImageSizeBytes_ValidatesInput
--- PASS: TestV2Client_GetImageSizeBytes_ValidatesInput (0.00s)
=== RUN   TestDockerHubClient_ListRepositories_PaginatesAndPrefixesNamespace
--- PASS: TestDockerHubClient_ListRepositories_PaginatesAndPrefixesNamespace (0.01s)
=== RUN   TestRegistryStorage_SaveLoadRedactionAndDecrypt
--- PASS: TestRegistryStorage_SaveLoadRedactionAndDecrypt (0.03s)
=== RUN   TestRegistryStorage_DeleteRegistry
--- PASS: TestRegistryStorage_DeleteRegistry (0.03s)
PASS
ok  	gowails/pkg/app/docker/registry	(cached)
=== RUN   TestBuildClusterTopology_BuildsLinksForRunningTasks
--- PASS: TestBuildClusterTopology_BuildsLinksForRunningTasks (0.00s)
PASS
ok  	gowails/pkg/app/docker/topology	(cached)
=== RUN   TestNewHolmesClient
=== RUN   TestNewHolmesClient/valid_config_with_endpoint
=== RUN   TestNewHolmesClient/valid_config_with_endpoint_and_api_key
=== RUN   TestNewHolmesClient/valid_config_with_custom_timeout
=== RUN   TestNewHolmesClient/missing_endpoint
=== RUN   TestNewHolmesClient/empty_endpoint_string
--- PASS: TestNewHolmesClient (0.00s)
    --- PASS: TestNewHolmesClient/valid_config_with_endpoint (0.00s)
    --- PASS: TestNewHolmesClient/valid_config_with_endpoint_and_api_key (0.00s)
    --- PASS: TestNewHolmesClient/valid_config_with_custom_timeout (0.00s)
    --- PASS: TestNewHolmesClient/missing_endpoint (0.00s)
    --- PASS: TestNewHolmesClient/empty_endpoint_string (0.00s)
=== RUN   TestHolmesClient_Ask
=== RUN   TestHolmesClient_Ask/successful_query
[2026-02-11 00:05:02.123] [INFO] Ask: starting request endpoint=http://127.0.0.1:9046 model= questionLen=47
[2026-02-11 00:05:02.324] [DEBUG] Ask: question preview preview=What pods are running in the default namespace?
[2026-02-11 00:05:02.324] [INFO] LLM request operation=Ask url=http://127.0.0.1:9046/api/chat model= stream=false questionLen=47 systemPromptLen=677 responseFormatLen=0
[2026-02-11 00:05:02.324] [DEBUG] LLM request payload operation=Ask questionPreview=What pods are running in the default namespace? systemPromptPreview=Always format output in markdown format. Assume users are using more recent product versions. Always work with the current state of the cluster and assume users want to know about it. Assume that users want to know about resources they are responsible for so always consider local information first. Provide answers as quickly as you can since users of this application often have to work under pressure. Think carefully so we can avoid multiple incorrect tool calls which takes even longer for the user to wait. Provide your reasoning. When suggesting terminal commands, use PowerShell syntax. Avoid... responseFormatPreview=
[2026-02-11 00:05:02.324] [DEBUG] Ask: request body marshaled bodyLen=774
[2026-02-11 00:05:02.324] [INFO] Ask: sending HTTP request url=http://127.0.0.1:9046/api/chat httpTimeout=5m0s overallDeadline=2026-02-11T00:11:02+01:00
[2026-02-11 00:05:02.324] [DEBUG] Ask: attempt attempt=1 elapsed=201.6301ms
[2026-02-11 00:05:02.325] [DEBUG] Ask: executing HTTP request
[2026-02-11 00:05:02.334] [DEBUG] Ask: decoding response body
[2026-02-11 00:05:02.334] [INFO] Ask: request completed successfully responseLen=78 totalDuration=211.5116ms
[2026-02-11 00:05:02.334] [DEBUG] LLM response preview operation=Ask responseLen=78 responsePreview=There are 3 pods running in the default namespace: nginx, redis, and postgres.
=== RUN   TestHolmesClient_Ask/successful_query_with_rich_output
[2026-02-11 00:05:02.340] [INFO] Ask: starting request endpoint=http://127.0.0.1:9076 model= questionLen=19
[2026-02-11 00:05:02.340] [DEBUG] Ask: question preview preview=Show me pod metrics
[2026-02-11 00:05:02.340] [INFO] LLM request operation=Ask url=http://127.0.0.1:9076/api/chat model= stream=false questionLen=19 systemPromptLen=677 responseFormatLen=0
[2026-02-11 00:05:02.340] [DEBUG] LLM request payload operation=Ask questionPreview=Show me pod metrics systemPromptPreview=Always format output in markdown format. Assume users are using more recent product versions. Always work with the current state of the cluster and assume users want to know about it. Assume that users want to know about resources they are responsible for so always consider local information first. Provide answers as quickly as you can since users of this application often have to work under pressure. Think carefully so we can avoid multiple incorrect tool calls which takes even longer for the user to wait. Provide your reasoning. When suggesting terminal commands, use PowerShell syntax. Avoid... responseFormatPreview=
[2026-02-11 00:05:02.340] [DEBUG] Ask: request body marshaled bodyLen=746
[2026-02-11 00:05:02.340] [INFO] Ask: sending HTTP request url=http://127.0.0.1:9076/api/chat httpTimeout=5m0s overallDeadline=2026-02-11T00:11:02+01:00
[2026-02-11 00:05:02.340] [DEBUG] Ask: attempt attempt=1 elapsed=0s
[2026-02-11 00:05:02.340] [DEBUG] Ask: executing HTTP request
[2026-02-11 00:05:02.344] [DEBUG] Ask: decoding response body
[2026-02-11 00:05:02.344] [INFO] Ask: request completed successfully responseLen=24 totalDuration=4.0013ms
[2026-02-11 00:05:02.344] [DEBUG] LLM response preview operation=Ask responseLen=24 responsePreview=Here are the pod metrics
=== RUN   TestHolmesClient_Ask/server_error
[2026-02-11 00:05:02.347] [INFO] Ask: starting request endpoint=http://127.0.0.1:9081 model= questionLen=13
[2026-02-11 00:05:02.347] [DEBUG] Ask: question preview preview=test question
[2026-02-11 00:05:02.347] [INFO] LLM request operation=Ask url=http://127.0.0.1:9081/api/chat model= stream=false questionLen=13 systemPromptLen=677 responseFormatLen=0
[2026-02-11 00:05:02.347] [DEBUG] LLM request payload operation=Ask questionPreview=test question systemPromptPreview=Always format output in markdown format. Assume users are using more recent product versions. Always work with the current state of the cluster and assume users want to know about it. Assume that users want to know about resources they are responsible for so always consider local information first. Provide answers as quickly as you can since users of this application often have to work under pressure. Think carefully so we can avoid multiple incorrect tool calls which takes even longer for the user to wait. Provide your reasoning. When suggesting terminal commands, use PowerShell syntax. Avoid... responseFormatPreview=
[2026-02-11 00:05:02.347] [DEBUG] Ask: request body marshaled bodyLen=740
[2026-02-11 00:05:02.347] [INFO] Ask: sending HTTP request url=http://127.0.0.1:9081/api/chat httpTimeout=5m0s overallDeadline=2026-02-11T00:11:02+01:00
[2026-02-11 00:05:02.347] [DEBUG] Ask: attempt attempt=1 elapsed=0s
[2026-02-11 00:05:02.347] [DEBUG] Ask: executing HTTP request
[2026-02-11 00:05:02.352] [ERROR] Ask: API returned error status statusCode=500 responseBody=error message
[2026-02-11 00:05:02.352] [ERROR] Ask: request failed error=holmes API error (status 500): error message attempt=1 attemptDuration=4.6386ms totalElapsed=4.6386ms
=== RUN   TestHolmesClient_Ask/bad_request
[2026-02-11 00:05:02.356] [INFO] Ask: starting request endpoint=http://127.0.0.1:9084 model= questionLen=13
[2026-02-11 00:05:02.356] [DEBUG] Ask: question preview preview=test question
[2026-02-11 00:05:02.356] [INFO] LLM request operation=Ask url=http://127.0.0.1:9084/api/chat model= stream=false questionLen=13 systemPromptLen=677 responseFormatLen=0
[2026-02-11 00:05:02.356] [DEBUG] LLM request payload operation=Ask questionPreview=test question systemPromptPreview=Always format output in markdown format. Assume users are using more recent product versions. Always work with the current state of the cluster and assume users want to know about it. Assume that users want to know about resources they are responsible for so always consider local information first. Provide answers as quickly as you can since users of this application often have to work under pressure. Think carefully so we can avoid multiple incorrect tool calls which takes even longer for the user to wait. Provide your reasoning. When suggesting terminal commands, use PowerShell syntax. Avoid... responseFormatPreview=
[2026-02-11 00:05:02.356] [DEBUG] Ask: request body marshaled bodyLen=740
[2026-02-11 00:05:02.356] [INFO] Ask: sending HTTP request url=http://127.0.0.1:9084/api/chat httpTimeout=5m0s overallDeadline=2026-02-11T00:11:02+01:00
[2026-02-11 00:05:02.356] [DEBUG] Ask: attempt attempt=1 elapsed=0s
[2026-02-11 00:05:02.356] [DEBUG] Ask: executing HTTP request
[2026-02-11 00:05:02.358] [ERROR] Ask: API returned error status statusCode=400 responseBody=error message
[2026-02-11 00:05:02.358] [ERROR] Ask: request failed error=holmes API error (status 400): error message attempt=1 attemptDuration=2.0013ms totalElapsed=2.0013ms
--- PASS: TestHolmesClient_Ask (0.25s)
    --- PASS: TestHolmesClient_Ask/successful_query (0.23s)
    --- PASS: TestHolmesClient_Ask/successful_query_with_rich_output (0.01s)
    --- PASS: TestHolmesClient_Ask/server_error (0.01s)
    --- PASS: TestHolmesClient_Ask/bad_request (0.01s)
=== RUN   TestHolmesClient_Ask_WithAPIKey
[2026-02-11 00:05:02.360] [INFO] Ask: starting request endpoint=http://127.0.0.1:9086 model= questionLen=13
[2026-02-11 00:05:02.360] [DEBUG] Ask: question preview preview=test question
[2026-02-11 00:05:02.360] [INFO] LLM request operation=Ask url=http://127.0.0.1:9086/api/chat model= stream=false questionLen=13 systemPromptLen=677 responseFormatLen=0
[2026-02-11 00:05:02.360] [DEBUG] LLM request payload operation=Ask questionPreview=test question systemPromptPreview=Always format output in markdown format. Assume users are using more recent product versions. Always work with the current state of the cluster and assume users want to know about it. Assume that users want to know about resources they are responsible for so always consider local information first. Provide answers as quickly as you can since users of this application often have to work under pressure. Think carefully so we can avoid multiple incorrect tool calls which takes even longer for the user to wait. Provide your reasoning. When suggesting terminal commands, use PowerShell syntax. Avoid... responseFormatPreview=
[2026-02-11 00:05:02.360] [DEBUG] Ask: request body marshaled bodyLen=740
[2026-02-11 00:05:02.360] [INFO] Ask: sending HTTP request url=http://127.0.0.1:9086/api/chat httpTimeout=5m0s overallDeadline=2026-02-11T00:11:02+01:00
[2026-02-11 00:05:02.360] [DEBUG] Ask: attempt attempt=1 elapsed=0s
[2026-02-11 00:05:02.360] [DEBUG] Ask: using API key authentication
[2026-02-11 00:05:02.360] [DEBUG] Ask: executing HTTP request
[2026-02-11 00:05:02.369] [DEBUG] Ask: decoding response body
[2026-02-11 00:05:02.369] [INFO] Ask: request completed successfully responseLen=13 totalDuration=8.8057ms
[2026-02-11 00:05:02.369] [DEBUG] LLM response preview operation=Ask responseLen=13 responsePreview=test response
--- PASS: TestHolmesClient_Ask_WithAPIKey (0.01s)
=== RUN   TestHolmesClient_TestConnection
=== RUN   TestHolmesClient_TestConnection/healthy_connection
=== RUN   TestHolmesClient_TestConnection/unhealthy_connection
=== RUN   TestHolmesClient_TestConnection/server_error
--- PASS: TestHolmesClient_TestConnection (0.02s)
    --- PASS: TestHolmesClient_TestConnection/healthy_connection (0.00s)
    --- PASS: TestHolmesClient_TestConnection/unhealthy_connection (0.01s)
    --- PASS: TestHolmesClient_TestConnection/server_error (0.01s)
=== RUN   TestHolmesClient_TestConnection_NetworkError
--- PASS: TestHolmesClient_TestConnection_NetworkError (0.00s)
=== RUN   TestHolmesClient_GetEndpoint
--- PASS: TestHolmesClient_GetEndpoint (0.00s)
=== RUN   TestHolmesConfigData_Validate
=== RUN   TestHolmesConfigData_Validate/disabled_config_is_always_valid
=== RUN   TestHolmesConfigData_Validate/enabled_with_endpoint_is_valid
=== RUN   TestHolmesConfigData_Validate/enabled_without_endpoint_is_invalid
=== RUN   TestHolmesConfigData_Validate/invalid_response_format_JSON
--- PASS: TestHolmesConfigData_Validate (0.00s)
    --- PASS: TestHolmesConfigData_Validate/disabled_config_is_always_valid (0.00s)
    --- PASS: TestHolmesConfigData_Validate/enabled_with_endpoint_is_valid (0.00s)
    --- PASS: TestHolmesConfigData_Validate/enabled_without_endpoint_is_invalid (0.00s)
    --- PASS: TestHolmesConfigData_Validate/invalid_response_format_JSON (0.00s)
=== RUN   TestHolmesConfigData_MaskAPIKey
=== RUN   TestHolmesConfigData_MaskAPIKey/masks_non-empty_API_key
=== RUN   TestHolmesConfigData_MaskAPIKey/empty_API_key_stays_empty
--- PASS: TestHolmesConfigData_MaskAPIKey (0.00s)
    --- PASS: TestHolmesConfigData_MaskAPIKey/masks_non-empty_API_key (0.00s)
    --- PASS: TestHolmesConfigData_MaskAPIKey/empty_API_key_stays_empty (0.00s)
=== RUN   TestHolmesConfigData_IsConfigured
=== RUN   TestHolmesConfigData_IsConfigured/enabled_with_endpoint_is_configured
=== RUN   TestHolmesConfigData_IsConfigured/disabled_is_not_configured
=== RUN   TestHolmesConfigData_IsConfigured/enabled_without_endpoint_is_not_configured
--- PASS: TestHolmesConfigData_IsConfigured (0.00s)
    --- PASS: TestHolmesConfigData_IsConfigured/enabled_with_endpoint_is_configured (0.00s)
    --- PASS: TestHolmesConfigData_IsConfigured/disabled_is_not_configured (0.00s)
    --- PASS: TestHolmesConfigData_IsConfigured/enabled_without_endpoint_is_not_configured (0.00s)
=== RUN   TestDefaultConfig
--- PASS: TestDefaultConfig (0.00s)
PASS
ok  	gowails/pkg/app/holmesgpt	(cached)
=== RUN   TestGetJobs_ReturnsJobInfo
--- PASS: TestGetJobs_ReturnsJobInfo (0.00s)
=== RUN   TestStartJob_SuccessAndError
--- PASS: TestStartJob_SuccessAndError (0.00s)
=== RUN   TestSuspendResumeCronJob
--- PASS: TestSuspendResumeCronJob (0.00s)
=== RUN   TestStartJobFromCronJob
--- PASS: TestStartJobFromCronJob (0.00s)
=== RUN   TestJobInfoShape
--- PASS: TestJobInfoShape (0.00s)
=== RUN   TestFormatDuration_Days
=== RUN   TestFormatDuration_Days/1_day
=== RUN   TestFormatDuration_Days/2_days
=== RUN   TestFormatDuration_Days/7_days
--- PASS: TestFormatDuration_Days (0.00s)
    --- PASS: TestFormatDuration_Days/1_day (0.00s)
    --- PASS: TestFormatDuration_Days/2_days (0.00s)
    --- PASS: TestFormatDuration_Days/7_days (0.00s)
=== RUN   TestFormatDuration_Hours
=== RUN   TestFormatDuration_Hours/1_hour
=== RUN   TestFormatDuration_Hours/5_hours
=== RUN   TestFormatDuration_Hours/23_hours
--- PASS: TestFormatDuration_Hours (0.00s)
    --- PASS: TestFormatDuration_Hours/1_hour (0.00s)
    --- PASS: TestFormatDuration_Hours/5_hours (0.00s)
    --- PASS: TestFormatDuration_Hours/23_hours (0.00s)
=== RUN   TestFormatDuration_Minutes
=== RUN   TestFormatDuration_Minutes/1_minute
=== RUN   TestFormatDuration_Minutes/30_minutes
=== RUN   TestFormatDuration_Minutes/59_minutes
--- PASS: TestFormatDuration_Minutes (0.00s)
    --- PASS: TestFormatDuration_Minutes/1_minute (0.00s)
    --- PASS: TestFormatDuration_Minutes/30_minutes (0.00s)
    --- PASS: TestFormatDuration_Minutes/59_minutes (0.00s)
=== RUN   TestFormatDuration_Seconds
=== RUN   TestFormatDuration_Seconds/0_seconds
=== RUN   TestFormatDuration_Seconds/1_second
=== RUN   TestFormatDuration_Seconds/30_seconds
=== RUN   TestFormatDuration_Seconds/59_seconds
--- PASS: TestFormatDuration_Seconds (0.00s)
    --- PASS: TestFormatDuration_Seconds/0_seconds (0.00s)
    --- PASS: TestFormatDuration_Seconds/1_second (0.00s)
    --- PASS: TestFormatDuration_Seconds/30_seconds (0.00s)
    --- PASS: TestFormatDuration_Seconds/59_seconds (0.00s)
=== RUN   TestFormatDuration_Negative
--- PASS: TestFormatDuration_Negative (0.00s)
=== RUN   TestGetJobs_EmptyList
--- PASS: TestGetJobs_EmptyList (0.00s)
=== RUN   TestGetJobs_ListError
--- PASS: TestGetJobs_ListError (0.00s)
=== RUN   TestGetJobs_WithCompletions
--- PASS: TestGetJobs_WithCompletions (0.00s)
=== RUN   TestGetJobs_WithDuration_Completed
--- PASS: TestGetJobs_WithDuration_Completed (0.00s)
=== RUN   TestGetJobs_WithDuration_Running
--- PASS: TestGetJobs_WithDuration_Running (0.00s)
=== RUN   TestGetJobs_WithLabels
--- PASS: TestGetJobs_WithLabels (0.00s)
=== RUN   TestGetJobs_NoStartTime
--- PASS: TestGetJobs_NoStartTime (0.00s)
=== RUN   TestGetJobs_NoContainers
--- PASS: TestGetJobs_NoContainers (0.00s)
PASS
ok  	gowails/pkg/app/jobs	(cached)
=== RUN   TestMCPHTTP_HealthEndpoint
--- PASS: TestMCPHTTP_HealthEndpoint (0.02s)
=== RUN   TestMCPHTTP_RootEndpoint
--- PASS: TestMCPHTTP_RootEndpoint (0.00s)
=== RUN   TestMCPHTTP_Initialize
--- PASS: TestMCPHTTP_Initialize (0.07s)
=== RUN   TestMCPHTTP_ListTools
--- PASS: TestMCPHTTP_ListTools (0.02s)
=== RUN   TestMCPHTTP_ListResources
--- PASS: TestMCPHTTP_ListResources (0.01s)
=== RUN   TestMCPHTTP_CallTool_K8sList
--- PASS: TestMCPHTTP_CallTool_K8sList (0.02s)
=== RUN   TestMCPHTTP_CallTool_K8sDescribe
--- PASS: TestMCPHTTP_CallTool_K8sDescribe (0.01s)
=== RUN   TestMCPHTTP_ReadResource
=== RUN   TestMCPHTTP_ReadResource/resource://cluster/connection
=== RUN   TestMCPHTTP_ReadResource/resource://k8s/namespaces
=== RUN   TestMCPHTTP_ReadResource/resource://k8s/contexts
=== RUN   TestMCPHTTP_ReadResource/resource://swarm/connection
=== RUN   TestMCPHTTP_ReadResource/resource://mcp/config
--- PASS: TestMCPHTTP_ReadResource (0.01s)
    --- PASS: TestMCPHTTP_ReadResource/resource://cluster/connection (0.00s)
    --- PASS: TestMCPHTTP_ReadResource/resource://k8s/namespaces (0.00s)
    --- PASS: TestMCPHTTP_ReadResource/resource://k8s/contexts (0.00s)
    --- PASS: TestMCPHTTP_ReadResource/resource://swarm/connection (0.00s)
    --- PASS: TestMCPHTTP_ReadResource/resource://mcp/config (0.00s)
=== RUN   TestMCPHTTP_SecurityBlocking
--- PASS: TestMCPHTTP_SecurityBlocking (0.01s)
=== RUN   TestMCPHTTP_RawJSONRPC
--- PASS: TestMCPHTTP_RawJSONRPC (0.01s)
=== RUN   TestMCPInProcess_Initialize
--- PASS: TestMCPInProcess_Initialize (0.00s)
=== RUN   TestMCPInProcess_Ping
--- PASS: TestMCPInProcess_Ping (0.00s)
=== RUN   TestMCPInProcess_ListTools
--- PASS: TestMCPInProcess_ListTools (0.00s)
=== RUN   TestMCPInProcess_ListResources
--- PASS: TestMCPInProcess_ListResources (0.00s)
=== RUN   TestMCPInProcess_CallTool_K8sList
=== RUN   TestMCPInProcess_CallTool_K8sList/list_pods
=== RUN   TestMCPInProcess_CallTool_K8sList/list_deployments
=== RUN   TestMCPInProcess_CallTool_K8sList/list_services
=== RUN   TestMCPInProcess_CallTool_K8sList/list_configmaps
=== RUN   TestMCPInProcess_CallTool_K8sList/list_secrets
=== RUN   TestMCPInProcess_CallTool_K8sList/list_nodes
=== RUN   TestMCPInProcess_CallTool_K8sList/list_statefulsets
=== RUN   TestMCPInProcess_CallTool_K8sList/list_daemonsets
=== RUN   TestMCPInProcess_CallTool_K8sList/list_jobs
=== RUN   TestMCPInProcess_CallTool_K8sList/list_cronjobs
=== RUN   TestMCPInProcess_CallTool_K8sList/list_ingresses
=== RUN   TestMCPInProcess_CallTool_K8sList/list_replicasets
=== RUN   TestMCPInProcess_CallTool_K8sList/list_persistent_volumes
=== RUN   TestMCPInProcess_CallTool_K8sList/list_persistent_volume_claims
=== RUN   TestMCPInProcess_CallTool_K8sList/list_storage_classes
=== RUN   TestMCPInProcess_CallTool_K8sList/list_cluster_roles
=== RUN   TestMCPInProcess_CallTool_K8sList/list_cluster_role_bindings
=== RUN   TestMCPInProcess_CallTool_K8sList/list_crds
--- PASS: TestMCPInProcess_CallTool_K8sList (0.00s)
    --- PASS: TestMCPInProcess_CallTool_K8sList/list_pods (0.00s)
    --- PASS: TestMCPInProcess_CallTool_K8sList/list_deployments (0.00s)
    --- PASS: TestMCPInProcess_CallTool_K8sList/list_services (0.00s)
    --- PASS: TestMCPInProcess_CallTool_K8sList/list_configmaps (0.00s)
    --- PASS: TestMCPInProcess_CallTool_K8sList/list_secrets (0.00s)
    --- PASS: TestMCPInProcess_CallTool_K8sList/list_nodes (0.00s)
    --- PASS: TestMCPInProcess_CallTool_K8sList/list_statefulsets (0.00s)
    --- PASS: TestMCPInProcess_CallTool_K8sList/list_daemonsets (0.00s)
    --- PASS: TestMCPInProcess_CallTool_K8sList/list_jobs (0.00s)
    --- PASS: TestMCPInProcess_CallTool_K8sList/list_cronjobs (0.00s)
    --- PASS: TestMCPInProcess_CallTool_K8sList/list_ingresses (0.00s)
    --- PASS: TestMCPInProcess_CallTool_K8sList/list_replicasets (0.00s)
    --- PASS: TestMCPInProcess_CallTool_K8sList/list_persistent_volumes (0.00s)
    --- PASS: TestMCPInProcess_CallTool_K8sList/list_persistent_volume_claims (0.00s)
    --- PASS: TestMCPInProcess_CallTool_K8sList/list_storage_classes (0.00s)
    --- PASS: TestMCPInProcess_CallTool_K8sList/list_cluster_roles (0.00s)
    --- PASS: TestMCPInProcess_CallTool_K8sList/list_cluster_role_bindings (0.00s)
    --- PASS: TestMCPInProcess_CallTool_K8sList/list_crds (0.00s)
=== RUN   TestMCPInProcess_CallTool_K8sDescribe
--- PASS: TestMCPInProcess_CallTool_K8sDescribe (0.00s)
=== RUN   TestMCPInProcess_CallTool_K8sGetResourceYAML
--- PASS: TestMCPInProcess_CallTool_K8sGetResourceYAML (0.00s)
=== RUN   TestMCPInProcess_CallTool_K8sGetPodLogs
--- PASS: TestMCPInProcess_CallTool_K8sGetPodLogs (0.00s)
=== RUN   TestMCPInProcess_CallTool_K8sGetEvents
--- PASS: TestMCPInProcess_CallTool_K8sGetEvents (0.00s)
=== RUN   TestMCPInProcess_CallTool_K8sGetResourceCounts
--- PASS: TestMCPInProcess_CallTool_K8sGetResourceCounts (0.00s)
=== RUN   TestMCPInProcess_CallTool_K8sTop
=== RUN   TestMCPInProcess_CallTool_K8sTop/pods
=== RUN   TestMCPInProcess_CallTool_K8sTop/nodes
--- PASS: TestMCPInProcess_CallTool_K8sTop (0.00s)
    --- PASS: TestMCPInProcess_CallTool_K8sTop/pods (0.00s)
    --- PASS: TestMCPInProcess_CallTool_K8sTop/nodes (0.00s)
=== RUN   TestMCPInProcess_CallTool_K8sRollout
=== RUN   TestMCPInProcess_CallTool_K8sRollout/status_Deployment
=== RUN   TestMCPInProcess_CallTool_K8sRollout/history_Deployment
=== RUN   TestMCPInProcess_CallTool_K8sRollout/status_StatefulSet
=== RUN   TestMCPInProcess_CallTool_K8sRollout/status_DaemonSet
--- PASS: TestMCPInProcess_CallTool_K8sRollout (0.01s)
    --- PASS: TestMCPInProcess_CallTool_K8sRollout/status_Deployment (0.00s)
    --- PASS: TestMCPInProcess_CallTool_K8sRollout/history_Deployment (0.00s)
    --- PASS: TestMCPInProcess_CallTool_K8sRollout/status_StatefulSet (0.00s)
    --- PASS: TestMCPInProcess_CallTool_K8sRollout/status_DaemonSet (0.00s)
=== RUN   TestMCPInProcess_CallTool_ScaleDeployment
--- PASS: TestMCPInProcess_CallTool_ScaleDeployment (0.00s)
=== RUN   TestMCPInProcess_CallTool_ScaleToZero_Blocked
--- PASS: TestMCPInProcess_CallTool_ScaleToZero_Blocked (0.00s)
=== RUN   TestMCPInProcess_CallTool_ScaleToZero_RequiresConfirmation
--- PASS: TestMCPInProcess_CallTool_ScaleToZero_RequiresConfirmation (0.00s)
=== RUN   TestMCPInProcess_CallTool_RestartDeployment
--- PASS: TestMCPInProcess_CallTool_RestartDeployment (0.00s)
=== RUN   TestMCPInProcess_CallTool_SwarmList
=== RUN   TestMCPInProcess_CallTool_SwarmList/services
=== RUN   TestMCPInProcess_CallTool_SwarmList/tasks
=== RUN   TestMCPInProcess_CallTool_SwarmList/nodes
=== RUN   TestMCPInProcess_CallTool_SwarmList/stacks
=== RUN   TestMCPInProcess_CallTool_SwarmList/networks
=== RUN   TestMCPInProcess_CallTool_SwarmList/volumes
=== RUN   TestMCPInProcess_CallTool_SwarmList/secrets
=== RUN   TestMCPInProcess_CallTool_SwarmList/configs
--- PASS: TestMCPInProcess_CallTool_SwarmList (0.03s)
    --- PASS: TestMCPInProcess_CallTool_SwarmList/services (0.00s)
    --- PASS: TestMCPInProcess_CallTool_SwarmList/tasks (0.00s)
    --- PASS: TestMCPInProcess_CallTool_SwarmList/nodes (0.00s)
    --- PASS: TestMCPInProcess_CallTool_SwarmList/stacks (0.00s)
    --- PASS: TestMCPInProcess_CallTool_SwarmList/networks (0.00s)
    --- PASS: TestMCPInProcess_CallTool_SwarmList/volumes (0.00s)
    --- PASS: TestMCPInProcess_CallTool_SwarmList/secrets (0.00s)
    --- PASS: TestMCPInProcess_CallTool_SwarmList/configs (0.00s)
=== RUN   TestMCPInProcess_CallTool_SwarmInspect
=== RUN   TestMCPInProcess_CallTool_SwarmInspect/service
=== RUN   TestMCPInProcess_CallTool_SwarmInspect/task
=== RUN   TestMCPInProcess_CallTool_SwarmInspect/node
--- PASS: TestMCPInProcess_CallTool_SwarmInspect (0.00s)
    --- PASS: TestMCPInProcess_CallTool_SwarmInspect/service (0.00s)
    --- PASS: TestMCPInProcess_CallTool_SwarmInspect/task (0.00s)
    --- PASS: TestMCPInProcess_CallTool_SwarmInspect/node (0.00s)
=== RUN   TestMCPInProcess_CallTool_InvalidTool
--- PASS: TestMCPInProcess_CallTool_InvalidTool (0.00s)
=== RUN   TestMCPInProcess_CallTool_MissingRequiredParam
--- PASS: TestMCPInProcess_CallTool_MissingRequiredParam (0.00s)
=== RUN   TestMCPInProcess_ReadResource_ClusterConnection
--- PASS: TestMCPInProcess_ReadResource_ClusterConnection (0.00s)
=== RUN   TestMCPInProcess_ReadResource_K8sNamespaces
--- PASS: TestMCPInProcess_ReadResource_K8sNamespaces (0.00s)
=== RUN   TestMCPInProcess_ReadResource_MCPConfig
--- PASS: TestMCPInProcess_ReadResource_MCPConfig (0.00s)
=== RUN   TestMCPInProcess_ReadResource_AllResources
=== RUN   TestMCPInProcess_ReadResource_AllResources/resource://cluster/connection
=== RUN   TestMCPInProcess_ReadResource_AllResources/resource://k8s/namespaces
=== RUN   TestMCPInProcess_ReadResource_AllResources/resource://k8s/contexts
=== RUN   TestMCPInProcess_ReadResource_AllResources/resource://swarm/connection
=== RUN   TestMCPInProcess_ReadResource_AllResources/resource://mcp/config
--- PASS: TestMCPInProcess_ReadResource_AllResources (0.00s)
    --- PASS: TestMCPInProcess_ReadResource_AllResources/resource://cluster/connection (0.00s)
    --- PASS: TestMCPInProcess_ReadResource_AllResources/resource://k8s/namespaces (0.00s)
    --- PASS: TestMCPInProcess_ReadResource_AllResources/resource://k8s/contexts (0.00s)
    --- PASS: TestMCPInProcess_ReadResource_AllResources/resource://swarm/connection (0.00s)
    --- PASS: TestMCPInProcess_ReadResource_AllResources/resource://mcp/config (0.00s)
=== RUN   TestMCPConfig_DefaultsAndCopy
--- PASS: TestMCPConfig_DefaultsAndCopy (0.00s)
=== RUN   TestMCPConfig_Validate
--- PASS: TestMCPConfig_Validate (0.00s)
=== RUN   TestMCPSecurity_CheckSecurity
--- PASS: TestMCPSecurity_CheckSecurity (0.00s)
=== RUN   TestMCPSecurity_LevelsAndAllowances
--- PASS: TestMCPSecurity_LevelsAndAllowances (0.00s)
=== RUN   TestMCPResources_Handlers
--- PASS: TestMCPResources_Handlers (0.00s)
=== RUN   TestMCPServer_HTTPHandlers
=== RUN   TestMCPServer_HTTPHandlers/root
=== RUN   TestMCPServer_HTTPHandlers/health
=== RUN   TestMCPServer_HTTPHandlers/health_not_running
--- PASS: TestMCPServer_HTTPHandlers (0.00s)
    --- PASS: TestMCPServer_HTTPHandlers/root (0.00s)
    --- PASS: TestMCPServer_HTTPHandlers/health (0.00s)
    --- PASS: TestMCPServer_HTTPHandlers/health_not_running (0.00s)
=== RUN   TestMCPServer_HandleMessage
=== RUN   TestMCPServer_HandleMessage/invalid_JSON_returns_error_response
=== RUN   TestMCPServer_HandleMessage/unknown_method_returns_method_not_found
=== RUN   TestMCPServer_HandleMessage/initialize_succeeds
--- PASS: TestMCPServer_HandleMessage (0.00s)
    --- PASS: TestMCPServer_HandleMessage/invalid_JSON_returns_error_response (0.00s)
    --- PASS: TestMCPServer_HandleMessage/unknown_method_returns_method_not_found (0.00s)
    --- PASS: TestMCPServer_HandleMessage/initialize_succeeds (0.00s)
=== RUN   TestMCPServer_ToolsAndResources
=== RUN   TestMCPServer_ToolsAndResources/tools/list_returns_registered_tools
=== RUN   TestMCPServer_ToolsAndResources/tools/call_with_valid_tool
=== RUN   TestMCPServer_ToolsAndResources/tools/call_with_unknown_tool
=== RUN   TestMCPServer_ToolsAndResources/resources/list_returns_registered_resources
=== RUN   TestMCPServer_ToolsAndResources/resources/read_cluster_connection
--- PASS: TestMCPServer_ToolsAndResources (0.00s)
    --- PASS: TestMCPServer_ToolsAndResources/tools/list_returns_registered_tools (0.00s)
    --- PASS: TestMCPServer_ToolsAndResources/tools/call_with_valid_tool (0.00s)
    --- PASS: TestMCPServer_ToolsAndResources/tools/call_with_unknown_tool (0.00s)
    --- PASS: TestMCPServer_ToolsAndResources/resources/list_returns_registered_resources (0.00s)
    --- PASS: TestMCPServer_ToolsAndResources/resources/read_cluster_connection (0.00s)
=== RUN   TestMCPServer_StartAsyncAndStop
MCP server started on http://localhost:0
MCP server stopped
--- PASS: TestMCPServer_StartAsyncAndStop (0.00s)
=== RUN   TestToolRegistration
=== RUN   TestToolRegistration/k8s_list
=== RUN   TestToolRegistration/k8s_describe
=== RUN   TestToolRegistration/k8s_get_resource_yaml
=== RUN   TestToolRegistration/k8s_get_pod_logs
=== RUN   TestToolRegistration/k8s_get_events
=== RUN   TestToolRegistration/k8s_get_resource_counts
=== RUN   TestToolRegistration/k8s_top
=== RUN   TestToolRegistration/k8s_rollout
=== RUN   TestToolRegistration/k8s_scale_deployment
=== RUN   TestToolRegistration/k8s_restart_deployment
=== RUN   TestToolRegistration/swarm_list
=== RUN   TestToolRegistration/swarm_inspect
=== RUN   TestToolRegistration/swarm_get_service_logs
=== RUN   TestToolRegistration/swarm_scale_service
--- PASS: TestToolRegistration (0.00s)
    --- PASS: TestToolRegistration/k8s_list (0.00s)
    --- PASS: TestToolRegistration/k8s_describe (0.00s)
    --- PASS: TestToolRegistration/k8s_get_resource_yaml (0.00s)
    --- PASS: TestToolRegistration/k8s_get_pod_logs (0.00s)
    --- PASS: TestToolRegistration/k8s_get_events (0.00s)
    --- PASS: TestToolRegistration/k8s_get_resource_counts (0.00s)
    --- PASS: TestToolRegistration/k8s_top (0.00s)
    --- PASS: TestToolRegistration/k8s_rollout (0.00s)
    --- PASS: TestToolRegistration/k8s_scale_deployment (0.00s)
    --- PASS: TestToolRegistration/k8s_restart_deployment (0.00s)
    --- PASS: TestToolRegistration/swarm_list (0.00s)
    --- PASS: TestToolRegistration/swarm_inspect (0.00s)
    --- PASS: TestToolRegistration/swarm_get_service_logs (0.00s)
    --- PASS: TestToolRegistration/swarm_scale_service (0.00s)
=== RUN   TestToolCount
--- PASS: TestToolCount (0.00s)
=== RUN   TestK8sList_AllKinds
=== RUN   TestK8sList_AllKinds/pods
=== RUN   TestK8sList_AllKinds/deployments
=== RUN   TestK8sList_AllKinds/statefulsets
=== RUN   TestK8sList_AllKinds/daemonsets
=== RUN   TestK8sList_AllKinds/jobs
=== RUN   TestK8sList_AllKinds/cronjobs
=== RUN   TestK8sList_AllKinds/configmaps
=== RUN   TestK8sList_AllKinds/secrets
=== RUN   TestK8sList_AllKinds/services
=== RUN   TestK8sList_AllKinds/endpoints
=== RUN   TestK8sList_AllKinds/ingresses
=== RUN   TestK8sList_AllKinds/network_policies
=== RUN   TestK8sList_AllKinds/replicasets
=== RUN   TestK8sList_AllKinds/persistent_volume_claims
=== RUN   TestK8sList_AllKinds/service_accounts
=== RUN   TestK8sList_AllKinds/roles
=== RUN   TestK8sList_AllKinds/role_bindings
=== RUN   TestK8sList_AllKinds/nodes_cluster_scoped
=== RUN   TestK8sList_AllKinds/persistent_volumes_cluster_scoped
=== RUN   TestK8sList_AllKinds/storage_classes_cluster_scoped
=== RUN   TestK8sList_AllKinds/cluster_roles_cluster_scoped
=== RUN   TestK8sList_AllKinds/cluster_role_bindings_cluster_scoped
=== RUN   TestK8sList_AllKinds/crds_cluster_scoped
--- PASS: TestK8sList_AllKinds (0.00s)
    --- PASS: TestK8sList_AllKinds/pods (0.00s)
    --- PASS: TestK8sList_AllKinds/deployments (0.00s)
    --- PASS: TestK8sList_AllKinds/statefulsets (0.00s)
    --- PASS: TestK8sList_AllKinds/daemonsets (0.00s)
    --- PASS: TestK8sList_AllKinds/jobs (0.00s)
    --- PASS: TestK8sList_AllKinds/cronjobs (0.00s)
    --- PASS: TestK8sList_AllKinds/configmaps (0.00s)
    --- PASS: TestK8sList_AllKinds/secrets (0.00s)
    --- PASS: TestK8sList_AllKinds/services (0.00s)
    --- PASS: TestK8sList_AllKinds/endpoints (0.00s)
    --- PASS: TestK8sList_AllKinds/ingresses (0.00s)
    --- PASS: TestK8sList_AllKinds/network_policies (0.00s)
    --- PASS: TestK8sList_AllKinds/replicasets (0.00s)
    --- PASS: TestK8sList_AllKinds/persistent_volume_claims (0.00s)
    --- PASS: TestK8sList_AllKinds/service_accounts (0.00s)
    --- PASS: TestK8sList_AllKinds/roles (0.00s)
    --- PASS: TestK8sList_AllKinds/role_bindings (0.00s)
    --- PASS: TestK8sList_AllKinds/nodes_cluster_scoped (0.00s)
    --- PASS: TestK8sList_AllKinds/persistent_volumes_cluster_scoped (0.00s)
    --- PASS: TestK8sList_AllKinds/storage_classes_cluster_scoped (0.00s)
    --- PASS: TestK8sList_AllKinds/cluster_roles_cluster_scoped (0.00s)
    --- PASS: TestK8sList_AllKinds/cluster_role_bindings_cluster_scoped (0.00s)
    --- PASS: TestK8sList_AllKinds/crds_cluster_scoped (0.00s)
=== RUN   TestK8sList_MissingKind
--- PASS: TestK8sList_MissingKind (0.00s)
=== RUN   TestK8sList_UnknownKind
--- PASS: TestK8sList_UnknownKind (0.00s)
=== RUN   TestK8sList_NamespaceDefaulting
=== RUN   TestK8sList_NamespaceDefaulting/namespace_provided
=== RUN   TestK8sList_NamespaceDefaulting/namespace_omitted
=== RUN   TestK8sList_NamespaceDefaulting/namespace_empty
--- PASS: TestK8sList_NamespaceDefaulting (0.00s)
    --- PASS: TestK8sList_NamespaceDefaulting/namespace_provided (0.00s)
    --- PASS: TestK8sList_NamespaceDefaulting/namespace_omitted (0.00s)
    --- PASS: TestK8sList_NamespaceDefaulting/namespace_empty (0.00s)
=== RUN   TestK8sList_WithLimit
--- PASS: TestK8sList_WithLimit (0.00s)
=== RUN   TestK8sList_ClusterScopedIgnoresNamespace
=== RUN   TestK8sList_ClusterScopedIgnoresNamespace/persistent_volumes_ignores_namespace
=== RUN   TestK8sList_ClusterScopedIgnoresNamespace/storage_classes_ignores_namespace
=== RUN   TestK8sList_ClusterScopedIgnoresNamespace/cluster_roles_ignores_namespace
=== RUN   TestK8sList_ClusterScopedIgnoresNamespace/cluster_role_bindings_ignores_namespace
=== RUN   TestK8sList_ClusterScopedIgnoresNamespace/crds_ignores_namespace
=== RUN   TestK8sList_ClusterScopedIgnoresNamespace/nodes_ignores_namespace
--- PASS: TestK8sList_ClusterScopedIgnoresNamespace (0.00s)
    --- PASS: TestK8sList_ClusterScopedIgnoresNamespace/persistent_volumes_ignores_namespace (0.00s)
    --- PASS: TestK8sList_ClusterScopedIgnoresNamespace/storage_classes_ignores_namespace (0.00s)
    --- PASS: TestK8sList_ClusterScopedIgnoresNamespace/cluster_roles_ignores_namespace (0.00s)
    --- PASS: TestK8sList_ClusterScopedIgnoresNamespace/cluster_role_bindings_ignores_namespace (0.00s)
    --- PASS: TestK8sList_ClusterScopedIgnoresNamespace/crds_ignores_namespace (0.00s)
    --- PASS: TestK8sList_ClusterScopedIgnoresNamespace/nodes_ignores_namespace (0.00s)
=== RUN   TestK8sDescribe_AllKinds
=== RUN   TestK8sDescribe_AllKinds/pod
=== RUN   TestK8sDescribe_AllKinds/deployment
=== RUN   TestK8sDescribe_AllKinds/service
=== RUN   TestK8sDescribe_AllKinds/ingress
=== RUN   TestK8sDescribe_AllKinds/node
=== RUN   TestK8sDescribe_AllKinds/pvc
=== RUN   TestK8sDescribe_AllKinds/pv
=== RUN   TestK8sDescribe_AllKinds/statefulset
=== RUN   TestK8sDescribe_AllKinds/daemonset
=== RUN   TestK8sDescribe_AllKinds/replicaset
=== RUN   TestK8sDescribe_AllKinds/job
=== RUN   TestK8sDescribe_AllKinds/cronjob
--- PASS: TestK8sDescribe_AllKinds (0.00s)
    --- PASS: TestK8sDescribe_AllKinds/pod (0.00s)
    --- PASS: TestK8sDescribe_AllKinds/deployment (0.00s)
    --- PASS: TestK8sDescribe_AllKinds/service (0.00s)
    --- PASS: TestK8sDescribe_AllKinds/ingress (0.00s)
    --- PASS: TestK8sDescribe_AllKinds/node (0.00s)
    --- PASS: TestK8sDescribe_AllKinds/pvc (0.00s)
    --- PASS: TestK8sDescribe_AllKinds/pv (0.00s)
    --- PASS: TestK8sDescribe_AllKinds/statefulset (0.00s)
    --- PASS: TestK8sDescribe_AllKinds/daemonset (0.00s)
    --- PASS: TestK8sDescribe_AllKinds/replicaset (0.00s)
    --- PASS: TestK8sDescribe_AllKinds/job (0.00s)
    --- PASS: TestK8sDescribe_AllKinds/cronjob (0.00s)
=== RUN   TestK8sDescribe_MissingParameters
=== RUN   TestK8sDescribe_MissingParameters/missing_kind
=== RUN   TestK8sDescribe_MissingParameters/missing_name
=== RUN   TestK8sDescribe_MissingParameters/unknown_kind
--- PASS: TestK8sDescribe_MissingParameters (0.00s)
    --- PASS: TestK8sDescribe_MissingParameters/missing_kind (0.00s)
    --- PASS: TestK8sDescribe_MissingParameters/missing_name (0.00s)
    --- PASS: TestK8sDescribe_MissingParameters/unknown_kind (0.00s)
=== RUN   TestK8sDescribe_DelegatesToCorrectDetail
--- PASS: TestK8sDescribe_DelegatesToCorrectDetail (0.00s)
=== RUN   TestGetResourceYAML
=== RUN   TestGetResourceYAML/with_namespace
=== RUN   TestGetResourceYAML/without_namespace
=== RUN   TestGetResourceYAML/cluster_resource
--- PASS: TestGetResourceYAML (0.00s)
    --- PASS: TestGetResourceYAML/with_namespace (0.00s)
    --- PASS: TestGetResourceYAML/without_namespace (0.00s)
    --- PASS: TestGetResourceYAML/cluster_resource (0.00s)
=== RUN   TestGetResourceYAML_MissingParams
=== RUN   TestGetResourceYAML_MissingParams/missing_kind
=== RUN   TestGetResourceYAML_MissingParams/missing_name
--- PASS: TestGetResourceYAML_MissingParams (0.00s)
    --- PASS: TestGetResourceYAML_MissingParams/missing_kind (0.00s)
    --- PASS: TestGetResourceYAML_MissingParams/missing_name (0.00s)
=== RUN   TestGetPodLogs_Current
--- PASS: TestGetPodLogs_Current (0.00s)
=== RUN   TestGetPodLogs_Previous
--- PASS: TestGetPodLogs_Previous (0.00s)
=== RUN   TestGetPodLogs_Container
--- PASS: TestGetPodLogs_Container (0.00s)
=== RUN   TestGetPodLogs_CustomLines
--- PASS: TestGetPodLogs_CustomLines (0.00s)
=== RUN   TestGetPodLogs_LegacyTailLines
--- PASS: TestGetPodLogs_LegacyTailLines (0.00s)
=== RUN   TestGetPodLogs_MaxLogLinesEnforced
--- PASS: TestGetPodLogs_MaxLogLinesEnforced (0.00s)
=== RUN   TestGetPodLogs_MissingName
--- PASS: TestGetPodLogs_MissingName (0.00s)
=== RUN   TestGetEvents
--- PASS: TestGetEvents (0.00s)
=== RUN   TestGetResourceCounts
--- PASS: TestGetResourceCounts (0.00s)
=== RUN   TestK8sTop
=== RUN   TestK8sTop/pods
=== RUN   TestK8sTop/nodes
=== RUN   TestK8sTop/missing_kind
=== RUN   TestK8sTop/unknown_kind
--- PASS: TestK8sTop (0.00s)
    --- PASS: TestK8sTop/pods (0.00s)
    --- PASS: TestK8sTop/nodes (0.00s)
    --- PASS: TestK8sTop/missing_kind (0.00s)
    --- PASS: TestK8sTop/unknown_kind (0.00s)
=== RUN   TestK8sRollout
=== RUN   TestK8sRollout/status
=== RUN   TestK8sRollout/history
=== RUN   TestK8sRollout/missing_action
=== RUN   TestK8sRollout/missing_kind
=== RUN   TestK8sRollout/missing_name
=== RUN   TestK8sRollout/unknown_action
=== RUN   TestK8sRollout/status_Deployment
=== RUN   TestK8sRollout/status_StatefulSet
=== RUN   TestK8sRollout/status_DaemonSet
--- PASS: TestK8sRollout (0.00s)
    --- PASS: TestK8sRollout/status (0.00s)
    --- PASS: TestK8sRollout/history (0.00s)
    --- PASS: TestK8sRollout/missing_action (0.00s)
    --- PASS: TestK8sRollout/missing_kind (0.00s)
    --- PASS: TestK8sRollout/missing_name (0.00s)
    --- PASS: TestK8sRollout/unknown_action (0.00s)
    --- PASS: TestK8sRollout/status_Deployment (0.00s)
    --- PASS: TestK8sRollout/status_StatefulSet (0.00s)
    --- PASS: TestK8sRollout/status_DaemonSet (0.00s)
=== RUN   TestScaleDeployment
=== RUN   TestScaleDeployment/basic_scale
=== RUN   TestScaleDeployment/scale_to_zero
=== RUN   TestScaleDeployment/missing_name
--- PASS: TestScaleDeployment (0.00s)
    --- PASS: TestScaleDeployment/basic_scale (0.00s)
    --- PASS: TestScaleDeployment/scale_to_zero (0.00s)
    --- PASS: TestScaleDeployment/missing_name (0.00s)
=== RUN   TestRestartDeployment
=== RUN   TestRestartDeployment/basic_restart
=== RUN   TestRestartDeployment/missing_name
--- PASS: TestRestartDeployment (0.00s)
    --- PASS: TestRestartDeployment/basic_restart (0.00s)
    --- PASS: TestRestartDeployment/missing_name (0.00s)
=== RUN   TestSwarmList_AllKinds
=== RUN   TestSwarmList_AllKinds/services
=== RUN   TestSwarmList_AllKinds/tasks
=== RUN   TestSwarmList_AllKinds/nodes
=== RUN   TestSwarmList_AllKinds/stacks
=== RUN   TestSwarmList_AllKinds/networks
=== RUN   TestSwarmList_AllKinds/volumes
=== RUN   TestSwarmList_AllKinds/secrets
=== RUN   TestSwarmList_AllKinds/configs
--- PASS: TestSwarmList_AllKinds (0.00s)
    --- PASS: TestSwarmList_AllKinds/services (0.00s)
    --- PASS: TestSwarmList_AllKinds/tasks (0.00s)
    --- PASS: TestSwarmList_AllKinds/nodes (0.00s)
    --- PASS: TestSwarmList_AllKinds/stacks (0.00s)
    --- PASS: TestSwarmList_AllKinds/networks (0.00s)
    --- PASS: TestSwarmList_AllKinds/volumes (0.00s)
    --- PASS: TestSwarmList_AllKinds/secrets (0.00s)
    --- PASS: TestSwarmList_AllKinds/configs (0.00s)
=== RUN   TestSwarmList_MissingKind
--- PASS: TestSwarmList_MissingKind (0.00s)
=== RUN   TestSwarmList_UnknownKind
--- PASS: TestSwarmList_UnknownKind (0.00s)
=== RUN   TestSwarmInspect_AllKinds
=== RUN   TestSwarmInspect_AllKinds/service
=== RUN   TestSwarmInspect_AllKinds/task
=== RUN   TestSwarmInspect_AllKinds/node
--- PASS: TestSwarmInspect_AllKinds (0.00s)
    --- PASS: TestSwarmInspect_AllKinds/service (0.00s)
    --- PASS: TestSwarmInspect_AllKinds/task (0.00s)
    --- PASS: TestSwarmInspect_AllKinds/node (0.00s)
=== RUN   TestSwarmInspect_MissingParams
=== RUN   TestSwarmInspect_MissingParams/missing_kind
=== RUN   TestSwarmInspect_MissingParams/missing_id
=== RUN   TestSwarmInspect_MissingParams/unknown_kind
--- PASS: TestSwarmInspect_MissingParams (0.00s)
    --- PASS: TestSwarmInspect_MissingParams/missing_kind (0.00s)
    --- PASS: TestSwarmInspect_MissingParams/missing_id (0.00s)
    --- PASS: TestSwarmInspect_MissingParams/unknown_kind (0.00s)
=== RUN   TestSwarmGetServiceLogs
=== RUN   TestSwarmGetServiceLogs/basic
=== RUN   TestSwarmGetServiceLogs/missing_serviceId
--- PASS: TestSwarmGetServiceLogs (0.00s)
    --- PASS: TestSwarmGetServiceLogs/basic (0.00s)
    --- PASS: TestSwarmGetServiceLogs/missing_serviceId (0.00s)
=== RUN   TestSwarmScaleService
=== RUN   TestSwarmScaleService/basic_scale
=== RUN   TestSwarmScaleService/missing_serviceId
--- PASS: TestSwarmScaleService (0.00s)
    --- PASS: TestSwarmScaleService/basic_scale (0.00s)
    --- PASS: TestSwarmScaleService/missing_serviceId (0.00s)
=== RUN   TestSwarmNotConnectedAllTools
=== RUN   TestSwarmNotConnectedAllTools/swarm_list_not_connected
=== RUN   TestSwarmNotConnectedAllTools/swarm_inspect_not_connected
=== RUN   TestSwarmNotConnectedAllTools/swarm_get_service_logs_not_connected
=== RUN   TestSwarmNotConnectedAllTools/swarm_scale_service_not_connected
--- PASS: TestSwarmNotConnectedAllTools (0.00s)
    --- PASS: TestSwarmNotConnectedAllTools/swarm_list_not_connected (0.00s)
    --- PASS: TestSwarmNotConnectedAllTools/swarm_inspect_not_connected (0.00s)
    --- PASS: TestSwarmNotConnectedAllTools/swarm_get_service_logs_not_connected (0.00s)
    --- PASS: TestSwarmNotConnectedAllTools/swarm_scale_service_not_connected (0.00s)
=== RUN   TestSecurityLevels
=== RUN   TestSecurityLevels/k8s_list_is_safe
=== RUN   TestSecurityLevels/k8s_describe_is_safe
=== RUN   TestSecurityLevels/k8s_get_resource_yaml_is_safe
=== RUN   TestSecurityLevels/k8s_get_pod_logs_is_safe
=== RUN   TestSecurityLevels/k8s_get_events_is_safe
=== RUN   TestSecurityLevels/k8s_get_resource_counts_is_safe
=== RUN   TestSecurityLevels/k8s_top_is_safe
=== RUN   TestSecurityLevels/k8s_rollout_is_safe
=== RUN   TestSecurityLevels/swarm_list_is_safe
=== RUN   TestSecurityLevels/swarm_inspect_is_safe
=== RUN   TestSecurityLevels/swarm_get_service_logs_is_safe
=== RUN   TestSecurityLevels/k8s_scale_deployment_is_write
=== RUN   TestSecurityLevels/k8s_restart_deployment_is_write
=== RUN   TestSecurityLevels/swarm_scale_service_is_write
--- PASS: TestSecurityLevels (0.00s)
    --- PASS: TestSecurityLevels/k8s_list_is_safe (0.00s)
    --- PASS: TestSecurityLevels/k8s_describe_is_safe (0.00s)
    --- PASS: TestSecurityLevels/k8s_get_resource_yaml_is_safe (0.00s)
    --- PASS: TestSecurityLevels/k8s_get_pod_logs_is_safe (0.00s)
    --- PASS: TestSecurityLevels/k8s_get_events_is_safe (0.00s)
    --- PASS: TestSecurityLevels/k8s_get_resource_counts_is_safe (0.00s)
    --- PASS: TestSecurityLevels/k8s_top_is_safe (0.00s)
    --- PASS: TestSecurityLevels/k8s_rollout_is_safe (0.00s)
    --- PASS: TestSecurityLevels/swarm_list_is_safe (0.00s)
    --- PASS: TestSecurityLevels/swarm_inspect_is_safe (0.00s)
    --- PASS: TestSecurityLevels/swarm_get_service_logs_is_safe (0.00s)
    --- PASS: TestSecurityLevels/k8s_scale_deployment_is_write (0.00s)
    --- PASS: TestSecurityLevels/k8s_restart_deployment_is_write (0.00s)
    --- PASS: TestSecurityLevels/swarm_scale_service_is_write (0.00s)
=== RUN   TestLogTruncation
=== RUN   TestLogTruncation/under_limit
=== RUN   TestLogTruncation/over_limit
--- PASS: TestLogTruncation (0.00s)
    --- PASS: TestLogTruncation/under_limit (0.00s)
    --- PASS: TestLogTruncation/over_limit (0.00s)
=== RUN   TestWrapListResult
=== RUN   TestWrapListResult/no_limit
=== RUN   TestWrapListResult/with_limit_under_total
=== RUN   TestWrapListResult/with_limit_over_total
=== RUN   TestWrapListResult/nil_items
--- PASS: TestWrapListResult (0.00s)
    --- PASS: TestWrapListResult/no_limit (0.00s)
    --- PASS: TestWrapListResult/with_limit_under_total (0.00s)
    --- PASS: TestWrapListResult/with_limit_over_total (0.00s)
    --- PASS: TestWrapListResult/nil_items (0.00s)
=== RUN   TestLabelFiltering
=== RUN   TestLabelFiltering/single_label
=== RUN   TestLabelFiltering/multiple_labels
=== RUN   TestLabelFiltering/no_match
=== RUN   TestLabelFiltering/empty_selector
=== RUN   TestLabelFiltering/nil_input
--- PASS: TestLabelFiltering (0.00s)
    --- PASS: TestLabelFiltering/single_label (0.00s)
    --- PASS: TestLabelFiltering/multiple_labels (0.00s)
    --- PASS: TestLabelFiltering/no_match (0.00s)
    --- PASS: TestLabelFiltering/empty_selector (0.00s)
    --- PASS: TestLabelFiltering/nil_input (0.00s)
=== RUN   TestParseLabelSelector
=== RUN   TestParseLabelSelector/app=web
=== RUN   TestParseLabelSelector/app=web,env=prod
=== RUN   TestParseLabelSelector/_app_=_web_,_env_=_prod_
=== RUN   TestParseLabelSelector/#00
--- PASS: TestParseLabelSelector (0.00s)
    --- PASS: TestParseLabelSelector/app=web (0.00s)
    --- PASS: TestParseLabelSelector/app=web,env=prod (0.00s)
    --- PASS: TestParseLabelSelector/_app_=_web_,_env_=_prod_ (0.00s)
    --- PASS: TestParseLabelSelector/#00 (0.00s)
=== RUN   TestSliceLen
=== RUN   TestSliceLen/nil
=== RUN   TestSliceLen/empty_slice
=== RUN   TestSliceLen/slice_with_items
=== RUN   TestSliceLen/non_slice
--- PASS: TestSliceLen (0.00s)
    --- PASS: TestSliceLen/nil (0.00s)
    --- PASS: TestSliceLen/empty_slice (0.00s)
    --- PASS: TestSliceLen/slice_with_items (0.00s)
    --- PASS: TestSliceLen/non_slice (0.00s)
=== RUN   TestSliceTruncate
=== RUN   TestSliceTruncate/truncate
=== RUN   TestSliceTruncate/under_limit
=== RUN   TestSliceTruncate/nil
--- PASS: TestSliceTruncate (0.00s)
    --- PASS: TestSliceTruncate/truncate (0.00s)
    --- PASS: TestSliceTruncate/under_limit (0.00s)
    --- PASS: TestSliceTruncate/nil (0.00s)
=== RUN   TestGetStringParam
--- PASS: TestGetStringParam (0.00s)
=== RUN   TestGetIntParam
--- PASS: TestGetIntParam (0.00s)
=== RUN   TestGetBoolParam
--- PASS: TestGetBoolParam (0.00s)
=== RUN   TestStripRawFields
=== RUN   TestStripRawFields/strips_raw_from_slice
=== RUN   TestStripRawFields/no_raw_field
=== RUN   TestStripRawFields/non_slice
=== RUN   TestStripRawFields/nil
--- PASS: TestStripRawFields (0.00s)
    --- PASS: TestStripRawFields/strips_raw_from_slice (0.00s)
    --- PASS: TestStripRawFields/no_raw_field (0.00s)
    --- PASS: TestStripRawFields/non_slice (0.00s)
    --- PASS: TestStripRawFields/nil (0.00s)
PASS
ok  	gowails/pkg/app/mcp	(cached)
